Archive member included because of file (symbol)

c:/program files (x86)/gnu tools arm embedded/4.9 2015q1/bin/../lib/gcc/arm-none-eabi/4.9.3/../../../../arm-none-eabi/lib/armv7e-m\libm.a(lib_a-s_sin.o)
                              ./src/stm32f3xx_it.o (symbol from plugin) (sin)
c:/program files (x86)/gnu tools arm embedded/4.9 2015q1/bin/../lib/gcc/arm-none-eabi/4.9.3/../../../../arm-none-eabi/lib/armv7e-m\libm.a(lib_a-w_sqrt.o)
                              ./src/stm32f3xx_it.o (symbol from plugin) (sqrt)
c:/program files (x86)/gnu tools arm embedded/4.9 2015q1/bin/../lib/gcc/arm-none-eabi/4.9.3/../../../../arm-none-eabi/lib/armv7e-m\libm.a(lib_a-e_rem_pio2.o)
                              c:/program files (x86)/gnu tools arm embedded/4.9 2015q1/bin/../lib/gcc/arm-none-eabi/4.9.3/../../../../arm-none-eabi/lib/armv7e-m\libm.a(lib_a-s_sin.o) (__ieee754_rem_pio2)
c:/program files (x86)/gnu tools arm embedded/4.9 2015q1/bin/../lib/gcc/arm-none-eabi/4.9.3/../../../../arm-none-eabi/lib/armv7e-m\libm.a(lib_a-e_sqrt.o)
                              c:/program files (x86)/gnu tools arm embedded/4.9 2015q1/bin/../lib/gcc/arm-none-eabi/4.9.3/../../../../arm-none-eabi/lib/armv7e-m\libm.a(lib_a-w_sqrt.o) (__ieee754_sqrt)
c:/program files (x86)/gnu tools arm embedded/4.9 2015q1/bin/../lib/gcc/arm-none-eabi/4.9.3/../../../../arm-none-eabi/lib/armv7e-m\libm.a(lib_a-k_cos.o)
                              c:/program files (x86)/gnu tools arm embedded/4.9 2015q1/bin/../lib/gcc/arm-none-eabi/4.9.3/../../../../arm-none-eabi/lib/armv7e-m\libm.a(lib_a-s_sin.o) (__kernel_cos)
c:/program files (x86)/gnu tools arm embedded/4.9 2015q1/bin/../lib/gcc/arm-none-eabi/4.9.3/../../../../arm-none-eabi/lib/armv7e-m\libm.a(lib_a-k_rem_pio2.o)
                              c:/program files (x86)/gnu tools arm embedded/4.9 2015q1/bin/../lib/gcc/arm-none-eabi/4.9.3/../../../../arm-none-eabi/lib/armv7e-m\libm.a(lib_a-e_rem_pio2.o) (__kernel_rem_pio2)
c:/program files (x86)/gnu tools arm embedded/4.9 2015q1/bin/../lib/gcc/arm-none-eabi/4.9.3/../../../../arm-none-eabi/lib/armv7e-m\libm.a(lib_a-k_sin.o)
                              c:/program files (x86)/gnu tools arm embedded/4.9 2015q1/bin/../lib/gcc/arm-none-eabi/4.9.3/../../../../arm-none-eabi/lib/armv7e-m\libm.a(lib_a-s_sin.o) (__kernel_sin)
c:/program files (x86)/gnu tools arm embedded/4.9 2015q1/bin/../lib/gcc/arm-none-eabi/4.9.3/../../../../arm-none-eabi/lib/armv7e-m\libm.a(lib_a-s_fabs.o)
                              c:/program files (x86)/gnu tools arm embedded/4.9 2015q1/bin/../lib/gcc/arm-none-eabi/4.9.3/../../../../arm-none-eabi/lib/armv7e-m\libm.a(lib_a-e_rem_pio2.o) (fabs)
c:/program files (x86)/gnu tools arm embedded/4.9 2015q1/bin/../lib/gcc/arm-none-eabi/4.9.3/../../../../arm-none-eabi/lib/armv7e-m\libm.a(lib_a-s_floor.o)
                              c:/program files (x86)/gnu tools arm embedded/4.9 2015q1/bin/../lib/gcc/arm-none-eabi/4.9.3/../../../../arm-none-eabi/lib/armv7e-m\libm.a(lib_a-k_rem_pio2.o) (floor)
c:/program files (x86)/gnu tools arm embedded/4.9 2015q1/bin/../lib/gcc/arm-none-eabi/4.9.3/../../../../arm-none-eabi/lib/armv7e-m\libm.a(lib_a-s_fpclassify.o)
                              c:/program files (x86)/gnu tools arm embedded/4.9 2015q1/bin/../lib/gcc/arm-none-eabi/4.9.3/../../../../arm-none-eabi/lib/armv7e-m\libm.a(lib_a-w_sqrt.o) (__fpclassifyd)
c:/program files (x86)/gnu tools arm embedded/4.9 2015q1/bin/../lib/gcc/arm-none-eabi/4.9.3/../../../../arm-none-eabi/lib/armv7e-m\libm.a(lib_a-s_lib_ver.o)
                              c:/program files (x86)/gnu tools arm embedded/4.9 2015q1/bin/../lib/gcc/arm-none-eabi/4.9.3/../../../../arm-none-eabi/lib/armv7e-m\libm.a(lib_a-w_sqrt.o) (__fdlib_version)
c:/program files (x86)/gnu tools arm embedded/4.9 2015q1/bin/../lib/gcc/arm-none-eabi/4.9.3/../../../../arm-none-eabi/lib/armv7e-m\libm.a(lib_a-s_matherr.o)
                              c:/program files (x86)/gnu tools arm embedded/4.9 2015q1/bin/../lib/gcc/arm-none-eabi/4.9.3/../../../../arm-none-eabi/lib/armv7e-m\libm.a(lib_a-w_sqrt.o) (matherr)
c:/program files (x86)/gnu tools arm embedded/4.9 2015q1/bin/../lib/gcc/arm-none-eabi/4.9.3/../../../../arm-none-eabi/lib/armv7e-m\libm.a(lib_a-s_scalbn.o)
                              c:/program files (x86)/gnu tools arm embedded/4.9 2015q1/bin/../lib/gcc/arm-none-eabi/4.9.3/../../../../arm-none-eabi/lib/armv7e-m\libm.a(lib_a-k_rem_pio2.o) (scalbn)
c:/program files (x86)/gnu tools arm embedded/4.9 2015q1/bin/../lib/gcc/arm-none-eabi/4.9.3/../../../../arm-none-eabi/lib/armv7e-m\libm.a(lib_a-s_copysign.o)
                              c:/program files (x86)/gnu tools arm embedded/4.9 2015q1/bin/../lib/gcc/arm-none-eabi/4.9.3/../../../../arm-none-eabi/lib/armv7e-m\libm.a(lib_a-s_scalbn.o) (copysign)
c:/program files (x86)/gnu tools arm embedded/4.9 2015q1/bin/../lib/gcc/arm-none-eabi/4.9.3/armv7e-m\libgcc.a(_arm_addsubdf3.o)
[...]
Memory Configuration

Name             Origin             Length             Attributes
FLASH            0x08000000         0x00020000         xr
RAM              0x20000000         0x00008000         xrw
CCMRAM           0x10000000         0x00002000         rw
*default*        0x00000000         0xffffffff

Linker script and memory map

LOAD c:/program files (x86)/gnu tools arm embedded/4.9 2015q1/bin/../lib/gcc/arm-none-eabi/4.9.3/armv7e-m/crti.o
LOAD c:/program files (x86)/gnu tools arm embedded/4.9 2015q1/bin/../lib/gcc/arm-none-eabi/4.9.3/armv7e-m/crtbegin.o
LOAD c:/program files (x86)/gnu tools arm embedded/4.9 2015q1/bin/../lib/gcc/arm-none-eabi/4.9.3/../../../../arm-none-eabi/lib/armv7e-m/crt0.o
LOAD ./src/LCD.o
LOAD C:\Users\SCHUST~1\AppData\Local\Temp\ccz4QCL7.ltrans0.ltrans.o
LOAD C:\Users\SCHUST~1\AppData\Local\Temp\ccz4QCL7.ltrans1.ltrans.o
LOAD C:\Users\SCHUST~1\AppData\Local\Temp\ccz4QCL7.ltrans2.ltrans.o
LOAD C:\Users\SCHUST~1\AppData\Local\Temp\ccz4QCL7.ltrans3.ltrans.o
LOAD c:/program files (x86)/gnu tools arm embedded/4.9 2015q1/bin/../lib/gcc/arm-none-eabi/4.9.3/armv7e-m\libgcc.a
LOAD c:/program files (x86)/gnu tools arm embedded/4.9 2015q1/bin/../lib/gcc/arm-none-eabi/4.9.3/../../../../arm-none-eabi/lib/armv7e-m\libg.a
LOAD c:/program files (x86)/gnu tools arm embedded/4.9 2015q1/bin/../lib/gcc/arm-none-eabi/4.9.3/../../../../arm-none-eabi/lib/armv7e-m\libc.a
LOAD c:/program files (x86)/gnu tools arm embedded/4.9 2015q1/bin/../lib/gcc/arm-none-eabi/4.9.3/armv7e-m\libgcc.a
LOAD c:/program files (x86)/gnu tools arm embedded/4.9 2015q1/bin/../lib/gcc/arm-none-eabi/4.9.3/../../../../arm-none-eabi/lib/armv7e-m\libc.a
LOAD c:/program files (x86)/gnu tools arm embedded/4.9 2015q1/bin/../lib/gcc/arm-none-eabi/4.9.3/../../../../arm-none-eabi/lib/armv7e-m\libnosys.a
LOAD ./src/adc.o
LOAD ./src/gpio.o
LOAD ./src/main.o
LOAD ./src/stm32f3xx_hal_msp.o
LOAD ./src/stm32f3xx_it.o
LOAD ./src/tim.o
LOAD ./Drivers/STM32F3xx_HAL_Driver/Src/stm32f3xx_hal.o
LOAD ./Drivers/STM32F3xx_HAL_Driver/Src/stm32f3xx_hal_adc.o
LOAD ./Drivers/STM32F3xx_HAL_Driver/Src/stm32f3xx_hal_adc_ex.o
LOAD ./Drivers/STM32F3xx_HAL_Driver/Src/stm32f3xx_hal_can.o
LOAD ./Drivers/STM32F3xx_HAL_Driver/Src/stm32f3xx_hal_cec.o
LOAD ./Drivers/STM32F3xx_HAL_Driver/Src/stm32f3xx_hal_comp.o
LOAD ./Drivers/STM32F3xx_HAL_Driver/Src/stm32f3xx_hal_cortex.o
LOAD ./Drivers/STM32F3xx_HAL_Driver/Src/stm32f3xx_hal_crc.o
LOAD ./Drivers/STM32F3xx_HAL_Driver/Src/stm32f3xx_hal_crc_ex.o
LOAD ./Drivers/STM32F3xx_HAL_Driver/Src/stm32f3xx_hal_dac.o
LOAD ./Drivers/STM32F3xx_HAL_Driver/Src/stm32f3xx_hal_dac_ex.o
LOAD ./Drivers/STM32F3xx_HAL_Driver/Src/stm32f3xx_hal_dma.o
LOAD ./Drivers/STM32F3xx_HAL_Driver/Src/stm32f3xx_hal_flash.o
LOAD ./Drivers/STM32F3xx_HAL_Driver/Src/stm32f3xx_hal_flash_ex.o
LOAD ./Drivers/STM32F3xx_HAL_Driver/Src/stm32f3xx_hal_gpio.o
LOAD ./Drivers/STM32F3xx_HAL_Driver/Src/stm32f3xx_hal_hrtim.o
LOAD ./Drivers/STM32F3xx_HAL_Driver/Src/stm32f3xx_hal_i2c.o
LOAD ./Drivers/STM32F3xx_HAL_Driver/Src/stm32f3xx_hal_i2c_ex.o
LOAD ./Drivers/STM32F3xx_HAL_Driver/Src/stm32f3xx_hal_i2s.o
LOAD ./Drivers/STM32F3xx_HAL_Driver/Src/stm32f3xx_hal_i2s_ex.o
LOAD ./Drivers/STM32F3xx_HAL_Driver/Src/stm32f3xx_hal_irda.o
LOAD ./Drivers/STM32F3xx_HAL_Driver/Src/stm32f3xx_hal_iwdg.o
LOAD ./Drivers/STM32F3xx_HAL_Driver/Src/stm32f3xx_hal_nand.o
LOAD ./Drivers/STM32F3xx_HAL_Driver/Src/stm32f3xx_hal_nor.o
LOAD ./Drivers/STM32F3xx_HAL_Driver/Src/stm32f3xx_hal_opamp.o
LOAD ./Drivers/STM32F3xx_HAL_Driver/Src/stm32f3xx_hal_opamp_ex.o
LOAD ./Drivers/STM32F3xx_HAL_Driver/Src/stm32f3xx_hal_pccard.o
LOAD ./Drivers/STM32F3xx_HAL_Driver/Src/stm32f3xx_hal_pcd.o
LOAD ./Drivers/STM32F3xx_HAL_Driver/Src/stm32f3xx_hal_pcd_ex.o
LOAD ./Drivers/STM32F3xx_HAL_Driver/Src/stm32f3xx_hal_pwr.o
LOAD ./Drivers/STM32F3xx_HAL_Driver/Src/stm32f3xx_hal_pwr_ex.o
LOAD ./Drivers/STM32F3xx_HAL_Driver/Src/stm32f3xx_hal_rcc.o
LOAD ./Drivers/STM32F3xx_HAL_Driver/Src/stm32f3xx_hal_rcc_ex.o
LOAD ./Drivers/STM32F3xx_HAL_Driver/Src/stm32f3xx_hal_rtc.o
LOAD ./Drivers/STM32F3xx_HAL_Driver/Src/stm32f3xx_hal_rtc_ex.o
LOAD ./Drivers/STM32F3xx_HAL_Driver/Src/stm32f3xx_hal_sdadc.o
LOAD ./Drivers/STM32F3xx_HAL_Driver/Src/stm32f3xx_hal_smartcard.o
LOAD ./Drivers/STM32F3xx_HAL_Driver/Src/stm32f3xx_hal_smartcard_ex.o
LOAD ./Drivers/STM32F3xx_HAL_Driver/Src/stm32f3xx_hal_smbus.o
LOAD ./Drivers/STM32F3xx_HAL_Driver/Src/stm32f3xx_hal_spi.o
LOAD ./Drivers/STM32F3xx_HAL_Driver/Src/stm32f3xx_hal_spi_ex.o
LOAD ./Drivers/STM32F3xx_HAL_Driver/Src/stm32f3xx_hal_sram.o
LOAD ./Drivers/STM32F3xx_HAL_Driver/Src/stm32f3xx_hal_tim.o
LOAD ./Drivers/STM32F3xx_HAL_Driver/Src/stm32f3xx_hal_tim_ex.o
LOAD ./Drivers/STM32F3xx_HAL_Driver/Src/stm32f3xx_hal_tsc.o
LOAD ./Drivers/STM32F3xx_HAL_Driver/Src/stm32f3xx_hal_uart.o
LOAD ./Drivers/STM32F3xx_HAL_Driver/Src/stm32f3xx_hal_uart_ex.o
LOAD ./Drivers/STM32F3xx_HAL_Driver/Src/stm32f3xx_hal_usart.o
LOAD ./Drivers/STM32F3xx_HAL_Driver/Src/stm32f3xx_hal_wwdg.o
LOAD ./Drivers/STM32F3xx_HAL_Driver/Src/stm32f3xx_ll_fmc.o
LOAD ./Drivers/CMSIS/Device/ST/STM32F3xx/Source/Templates/gcc/startup_stm32f303xc.o
LOAD ./Drivers/CMSIS/Device/ST/STM32F3xx/Source/Templates/system_stm32f3xx.o
LOAD c:/program files (x86)/gnu tools arm embedded/4.9 2015q1/bin/../lib/gcc/arm-none-eabi/4.9.3/../../../../arm-none-eabi/lib/armv7e-m\libstdc++.a
LOAD c:/program files (x86)/gnu tools arm embedded/4.9 2015q1/bin/../lib/gcc/arm-none-eabi/4.9.3/../../../../arm-none-eabi/lib/armv7e-m\libm.a
START GROUP
LOAD c:/program files (x86)/gnu tools arm embedded/4.9 2015q1/bin/../lib/gcc/arm-none-eabi/4.9.3/armv7e-m\libgcc.a
LOAD c:/program files (x86)/gnu tools arm embedded/4.9 2015q1/bin/../lib/gcc/arm-none-eabi/4.9.3/../../../../arm-none-eabi/lib/armv7e-m\libg.a
LOAD c:/program files (x86)/gnu tools arm embedded/4.9 2015q1/bin/../lib/gcc/arm-none-eabi/4.9.3/../../../../arm-none-eabi/lib/armv7e-m\libc.a
END GROUP
START GROUP
LOAD c:/program files (x86)/gnu tools arm embedded/4.9 2015q1/bin/../lib/gcc/arm-none-eabi/4.9.3/armv7e-m\libgcc.a
LOAD c:/program files (x86)/gnu tools arm embedded/4.9 2015q1/bin/../lib/gcc/arm-none-eabi/4.9.3/../../../../arm-none-eabi/lib/armv7e-m\libc.a
LOAD c:/program files (x86)/gnu tools arm embedded/4.9 2015q1/bin/../lib/gcc/arm-none-eabi/4.9.3/../../../../arm-none-eabi/lib/armv7e-m\libnosys.a
END GROUP
LOAD c:/program files (x86)/gnu tools arm embedded/4.9 2015q1/bin/../lib/gcc/arm-none-eabi/4.9.3/armv7e-m/crtend.o
LOAD c:/program files (x86)/gnu tools arm embedded/4.9 2015q1/bin/../lib/gcc/arm-none-eabi/4.9.3/armv7e-m/crtn.o
                0x20008000                _estack = 0x20008000
                0x00000400                _Min_Heap_Size = 0x400
                0x00000200                _Min_Stack_Size = 0x200

.isr_vector     0x08000000      0x188
                0x08000000                . = ALIGN (0x4)
 *(.isr_vector)
 .isr_vector    0x08000000      0x188 ./Drivers/CMSIS/Device/ST/STM32F3xx/Source/Templates/gcc/startup_stm32f303xc.o
                0x08000000                g_pfnVectors
                0x08000188                . = ALIGN (0x4)

.text           0x08000188     0x9d58
                0x08000188                . = ALIGN (0x4)
 *(.text)
 .text          0x08000188       0x5c c:/program files (x86)/gnu tools arm embedded/4.9 2015q1/bin/../lib/gcc/arm-none-eabi/4.9.3/armv7e-m/crtbegin.o
 .text          0x080001e4       0xa0 c:/program files (x86)/gnu tools arm embedded/4.9 2015q1/bin/../lib/gcc/arm-none-eabi/4.9.3/armv7e-m\libgcc.a(_arm_truncdfsf2.o)
                0x080001e4                __truncdfsf2
                0x080001e4                __aeabi_d2f
 .text          0x08000284      0x21c c:/program files (x86)/gnu tools arm embedded/4.9 2015q1/bin/../lib/gcc/arm-none-eabi/4.9.3/armv7e-m\libgcc.a(_arm_addsubsf3.o)
                0x08000284                __aeabi_frsub
                0x0800028c                __subsf3
                0x0800028c                __aeabi_fsub
                0x08000290                __aeabi_fadd
                0x08000290                __addsf3
                0x080003f0                __aeabi_ui2f
                0x080003f0                __floatunsisf
                0x080003f8                __aeabi_i2f
                0x080003f8                __floatsisf
                0x08000414                __aeabi_ul2f
                0x08000414                __floatundisf
                0x08000424                __aeabi_l2f
                0x08000424                __floatdisf
 .text          0x080004a0      0x2a0 c:/program files (x86)/gnu tools arm embedded/4.9 2015q1/bin/../lib/gcc/arm-none-eabi/4.9.3/armv7e-m\libgcc.a(_arm_muldivsf3.o)
                0x080004a0                __mulsf3
                0x080004a0                __aeabi_fmul
                0x08000608                __aeabi_fdiv
                0x08000608                __divsf3
 .text          0x08000740       0xec c:/program files (x86)/gnu tools arm embedded/4.9 2015q1/bin/../lib/gcc/arm-none-eabi/4.9.3/armv7e-m\libgcc.a(_arm_cmpsf2.o)
                0x08000740                __gesf2
                0x08000740                __gtsf2
                0x08000748                __lesf2
                0x08000748                __ltsf2
                0x08000750                __nesf2
                0x08000750                __eqsf2
                0x08000750                __cmpsf2
                0x080007b0                __aeabi_cfrcmple
                0x080007b8                __aeabi_cfcmpeq
                0x080007b8                __aeabi_cfcmple
                0x080007c8                __aeabi_fcmpeq
                0x080007dc                __aeabi_fcmplt
                0x080007f0                __aeabi_fcmple
                0x08000804                __aeabi_fcmpge
                0x08000818                __aeabi_fcmpgt
 .text          0x0800082c      0x370 c:/program files (x86)/gnu tools arm embedded/4.9 2015q1/bin/../lib/gcc/arm-none-eabi/4.9.3/armv7e-m\libgcc.a(_arm_addsubdf3.o)
                0x0800082c                __aeabi_drsub
                0x08000834                __aeabi_dsub
                0x08000834                __subdf3
                0x08000838                __aeabi_dadd
                0x08000838                __adddf3
                0x08000ab0                __floatunsidf
                0x08000ab0                __aeabi_ui2d
                0x08000ad0                __floatsidf
                0x08000ad0                __aeabi_i2d
                0x08000af4                __aeabi_f2d
                0x08000af4                __extendsfdf2
                0x08000b30                __floatundidf
                0x08000b30                __aeabi_ul2d
                0x08000b40                __floatdidf
                0x08000b40                __aeabi_l2d
 .text          0x08000b9c      0x424 c:/program files (x86)/gnu tools arm embedded/4.9 2015q1/bin/../lib/gcc/arm-none-eabi/4.9.3/armv7e-m\libgcc.a(_arm_muldivdf3.o)
                0x08000b9c                __aeabi_dmul
                0x08000b9c                __muldf3
                0x08000df0                __divdf3
                0x08000df0                __aeabi_ddiv
 .text          0x08000fc0      0x110 c:/program files (x86)/gnu tools arm embedded/4.9 2015q1/bin/../lib/gcc/arm-none-eabi/4.9.3/armv7e-m\libgcc.a(_arm_cmpdf2.o)
                0x08000fc0                __gtdf2
                0x08000fc0                __gedf2
                0x08000fc8                __ltdf2
                0x08000fc8                __ledf2
                0x08000fd0                __nedf2
                0x08000fd0                __eqdf2
                0x08000fd0                __cmpdf2
                0x0800104c                __aeabi_cdrcmple
                0x0800105c                __aeabi_cdcmpeq
                0x0800105c                __aeabi_cdcmple
                0x0800106c                __aeabi_dcmpeq
                0x08001080                __aeabi_dcmplt
                0x08001094                __aeabi_dcmple
                0x080010a8                __aeabi_dcmpge
                0x080010bc                __aeabi_dcmpgt
 .text          0x080010d0       0x50 c:/program files (x86)/gnu tools arm embedded/4.9 2015q1/bin/../lib/gcc/arm-none-eabi/4.9.3/armv7e-m\libgcc.a(_arm_fixdfsi.o)
                0x080010d0                __aeabi_d2iz
                0x080010d0                __fixdfsi
 .text          0x08001120      0x134 c:/program files (x86)/gnu tools arm embedded/4.9 2015q1/bin/../lib/gcc/arm-none-eabi/4.9.3/../../../../arm-none-eabi/lib/armv7e-m\libg.a(lib_a-memcpy.o)
                0x08001120                memcpy
 .text          0x08001254       0x30 c:/program files (x86)/gnu tools arm embedded/4.9 2015q1/bin/../lib/gcc/arm-none-eabi/4.9.3/armv7e-m\libgcc.a(_aeabi_uldivmod.o)
                0x08001254                __aeabi_uldivmod
 .text          0x08001284       0x60 c:/program files (x86)/gnu tools arm embedded/4.9 2015q1/bin/../lib/gcc/arm-none-eabi/4.9.3/armv7e-m\libgcc.a(bpabi.o)
                0x08001284                __gnu_ldivmod_helper
                0x080012b4                __gnu_uldivmod_helper
 .text          0x080012e4        0x4 c:/program files (x86)/gnu tools arm embedded/4.9 2015q1/bin/../lib/gcc/arm-none-eabi/4.9.3/armv7e-m\libgcc.a(_dvmd_tls.o)
                0x080012e4                __aeabi_idiv0
                0x080012e4                __aeabi_ldiv0
 .text          0x080012e8      0x29c c:/program files (x86)/gnu tools arm embedded/4.9 2015q1/bin/../lib/gcc/arm-none-eabi/4.9.3/armv7e-m\libgcc.a(_divdi3.o)
                0x080012e8                __divdi3
 .text          0x08001584      0x26c c:/program files (x86)/gnu tools arm embedded/4.9 2015q1/bin/../lib/gcc/arm-none-eabi/4.9.3/armv7e-m\libgcc.a(_udivdi3.o)
                0x08001584                __udivdi3
 *(.text*)
 .text.MX_TIM3_Init
                0x080017f0       0xb4 C:\Users\SCHUST~1\AppData\Local\Temp\ccz4QCL7.ltrans0.ltrans.o
 .text.MX_TIM1_Init
                0x080018a4       0x9c C:\Users\SCHUST~1\AppData\Local\Temp\ccz4QCL7.ltrans0.ltrans.o
 .text.SystemClock_Config
                0x08001940       0x80 C:\Users\SCHUST~1\AppData\Local\Temp\ccz4QCL7.ltrans0.ltrans.o
 .text.MX_GPIO_Init
                0x080019c0      0x180 C:\Users\SCHUST~1\AppData\Local\Temp\ccz4QCL7.ltrans0.ltrans.o
 .text.MX_ADC2_Init
                0x08001b40       0xac C:\Users\SCHUST~1\AppData\Local\Temp\ccz4QCL7.ltrans0.ltrans.o
 .text.MX_ADC1_Init
                0x08001bec       0xc4 C:\Users\SCHUST~1\AppData\Local\Temp\ccz4QCL7.ltrans0.ltrans.o
 .text.LCD_Data
                0x08001cb0       0xe4 C:\Users\SCHUST~1\AppData\Local\Temp\ccz4QCL7.ltrans0.ltrans.o
 .text.LCD_Command
                0x08001d94       0xe4 C:\Users\SCHUST~1\AppData\Local\Temp\ccz4QCL7.ltrans0.ltrans.o
 .text.LCD_Page
                0x08001e78       0x10 C:\Users\SCHUST~1\AppData\Local\Temp\ccz4QCL7.ltrans0.ltrans.o
 .text.LCD_Column
                0x08001e88       0x10 C:\Users\SCHUST~1\AppData\Local\Temp\ccz4QCL7.ltrans0.ltrans.o
 .text.LCD_Font
                0x08001e98       0x50 C:\Users\SCHUST~1\AppData\Local\Temp\ccz4QCL7.ltrans0.ltrans.o
 .text.LCD_Character
                0x08001ee8      0x3fc C:\Users\SCHUST~1\AppData\Local\Temp\ccz4QCL7.ltrans0.ltrans.o
 .text.LCD_String
                0x080022e4       0x28 C:\Users\SCHUST~1\AppData\Local\Temp\ccz4QCL7.ltrans0.ltrans.o
 .text.LCD_Clear
                0x0800230c       0x6c C:\Users\SCHUST~1\AppData\Local\Temp\ccz4QCL7.ltrans0.ltrans.o
 .text.LCD_On   0x08002378        0xc C:\Users\SCHUST~1\AppData\Local\Temp\ccz4QCL7.ltrans0.ltrans.o
 .text.HAL_TIM_PeriodElapsedCallback
                0x08002384       0xdc C:\Users\SCHUST~1\AppData\Local\Temp\ccz4QCL7.ltrans0.ltrans.o
                0x08002384                HAL_TIM_PeriodElapsedCallback
 .text.TIM3_IRQHandler
                0x08002460       0x10 C:\Users\SCHUST~1\AppData\Local\Temp\ccz4QCL7.ltrans0.ltrans.o
                0x08002460                TIM3_IRQHandler
 .text.HAL_ADC_ConvCpltCallback
                0x08002470       0x98 C:\Users\SCHUST~1\AppData\Local\Temp\ccz4QCL7.ltrans0.ltrans.o
                0x08002470                HAL_ADC_ConvCpltCallback
 .text.HAL_ADCEx_InjectedConvCpltCallback
                0x08002508      0x100 C:\Users\SCHUST~1\AppData\Local\Temp\ccz4QCL7.ltrans0.ltrans.o
                0x08002508                HAL_ADCEx_InjectedConvCpltCallback
 .text.ADC4_IRQHandler
                0x08002608       0x10 C:\Users\SCHUST~1\AppData\Local\Temp\ccz4QCL7.ltrans0.ltrans.o
                0x08002608                ADC4_IRQHandler
 .text.ADC3_IRQHandler
                0x08002618       0x10 C:\Users\SCHUST~1\AppData\Local\Temp\ccz4QCL7.ltrans0.ltrans.o
                0x08002618                ADC3_IRQHandler
 .text.ADC1_2_IRQHandler
                0x08002628       0x18 C:\Users\SCHUST~1\AppData\Local\Temp\ccz4QCL7.ltrans0.ltrans.o
                0x08002628                ADC1_2_IRQHandler
 .text.SysTick_Handler
                0x08002640        0x8 C:\Users\SCHUST~1\AppData\Local\Temp\ccz4QCL7.ltrans0.ltrans.o
                0x08002640                SysTick_Handler
 .text.HAL_MspInit
                0x08002648       0x34 C:\Users\SCHUST~1\AppData\Local\Temp\ccz4QCL7.ltrans0.ltrans.o
                0x08002648                HAL_MspInit
 .text.main     0x0800267c       0xd0 C:\Users\SCHUST~1\AppData\Local\Temp\ccz4QCL7.ltrans0.ltrans.o
                0x0800267c                main
 .text.TIM_OC6_SetConfig
                0x0800274c       0x6c C:\Users\SCHUST~1\AppData\Local\Temp\ccz4QCL7.ltrans1.ltrans.o
 .text.TIM_OC5_SetConfig
                0x080027b8       0x68 C:\Users\SCHUST~1\AppData\Local\Temp\ccz4QCL7.ltrans1.ltrans.o
 .text.TIM_CCxChannelCmd
                0x08002820       0x1c C:\Users\SCHUST~1\AppData\Local\Temp\ccz4QCL7.ltrans1.ltrans.o
 .text.TIM_OC4_SetConfig
                0x0800283c       0x6c C:\Users\SCHUST~1\AppData\Local\Temp\ccz4QCL7.ltrans1.ltrans.o
 .text.TIM_OC3_SetConfig
                0x080028a8       0x8c C:\Users\SCHUST~1\AppData\Local\Temp\ccz4QCL7.ltrans1.ltrans.o
 .text.TIM_OC2_SetConfig
                0x08002934       0x8c C:\Users\SCHUST~1\AppData\Local\Temp\ccz4QCL7.ltrans1.ltrans.o
 .text.TIM_OC1_SetConfig
                0x080029c0       0x9c C:\Users\SCHUST~1\AppData\Local\Temp\ccz4QCL7.ltrans1.ltrans.o
 .text.TIM_Base_SetConfig
                0x08002a5c       0xb0 C:\Users\SCHUST~1\AppData\Local\Temp\ccz4QCL7.ltrans1.ltrans.o
 .text.HAL_RCC_GetSysClockFreq
                0x08002b0c       0x7c C:\Users\SCHUST~1\AppData\Local\Temp\ccz4QCL7.ltrans1.ltrans.o
 .text.SystemInit
                0x08002b88       0x5c C:\Users\SCHUST~1\AppData\Local\Temp\ccz4QCL7.ltrans1.ltrans.o
                0x08002b88                SystemInit
 .text.HAL_TIMEx_MasterConfigSynchronization
                0x08002be4       0x58 C:\Users\SCHUST~1\AppData\Local\Temp\ccz4QCL7.ltrans1.ltrans.o
                0x08002be4                HAL_TIMEx_MasterConfigSynchronization
 .text.HAL_TIM_PWM_ConfigChannel
                0x08002c3c      0x134 C:\Users\SCHUST~1\AppData\Local\Temp\ccz4QCL7.ltrans1.ltrans.o
                0x08002c3c                HAL_TIM_PWM_ConfigChannel
 .text.HAL_TIM_IRQHandler
                0x08002d70       0xfc C:\Users\SCHUST~1\AppData\Local\Temp\ccz4QCL7.ltrans1.ltrans.o
                0x08002d70                HAL_TIM_IRQHandler
 .text.HAL_TIM_PWM_Start
                0x08002e6c       0x68 C:\Users\SCHUST~1\AppData\Local\Temp\ccz4QCL7.ltrans1.ltrans.o
                0x08002e6c                HAL_TIM_PWM_Start
 .text.HAL_TIM_PWM_Init
                0x08002ed4       0x34 C:\Users\SCHUST~1\AppData\Local\Temp\ccz4QCL7.ltrans1.ltrans.o
                0x08002ed4                HAL_TIM_PWM_Init
 .text.HAL_TIM_Base_Start
                0x08002f08       0x1c C:\Users\SCHUST~1\AppData\Local\Temp\ccz4QCL7.ltrans1.ltrans.o
                0x08002f08                HAL_TIM_Base_Start
 .text.HAL_TIM_Base_Init
                0x08002f24       0x34 C:\Users\SCHUST~1\AppData\Local\Temp\ccz4QCL7.ltrans1.ltrans.o
                0x08002f24                HAL_TIM_Base_Init
 .text.HAL_RCCEx_PeriphCLKConfig
                0x08002f58      0x22c C:\Users\SCHUST~1\AppData\Local\Temp\ccz4QCL7.ltrans1.ltrans.o
                0x08002f58                HAL_RCCEx_PeriphCLKConfig
 .text.HAL_RCC_GetHCLKFreq
                0x08003184       0x34 C:\Users\SCHUST~1\AppData\Local\Temp\ccz4QCL7.ltrans1.ltrans.o
                0x08003184                HAL_RCC_GetHCLKFreq
 .text.HAL_RCC_ClockConfig
                0x080031b8      0x2dc C:\Users\SCHUST~1\AppData\Local\Temp\ccz4QCL7.ltrans1.ltrans.o
                0x080031b8                HAL_RCC_ClockConfig
 .text.HAL_ADCEx_InjectedConfigChannel
                0x08003494      0x480 C:\Users\SCHUST~1\AppData\Local\Temp\ccz4QCL7.ltrans2.ltrans.o
                0x08003494                HAL_ADCEx_InjectedConfigChannel
 .text.HAL_ADCEx_InjectedStart_IT
                0x08003914      0x180 C:\Users\SCHUST~1\AppData\Local\Temp\ccz4QCL7.ltrans2.ltrans.o
                0x08003914                HAL_ADCEx_InjectedStart_IT
 .text.HAL_ADC_IRQHandler
                0x08003a94      0x41c C:\Users\SCHUST~1\AppData\Local\Temp\ccz4QCL7.ltrans2.ltrans.o
                0x08003a94                HAL_ADC_IRQHandler
 .text.HAL_ADC_Init
                0x08003eb0      0x28c C:\Users\SCHUST~1\AppData\Local\Temp\ccz4QCL7.ltrans2.ltrans.o
                0x08003eb0                HAL_ADC_Init
 .text.HAL_GetTick
                0x0800413c        0xc C:\Users\SCHUST~1\AppData\Local\Temp\ccz4QCL7.ltrans2.ltrans.o
                0x0800413c                HAL_GetTick
 .text.HAL_Delay
                0x08004148       0x1c C:\Users\SCHUST~1\AppData\Local\Temp\ccz4QCL7.ltrans2.ltrans.o
                0x08004148                HAL_Delay
 .text.HAL_IncTick
                0x08004164       0x10 C:\Users\SCHUST~1\AppData\Local\Temp\ccz4QCL7.ltrans2.ltrans.o
                0x08004164                HAL_IncTick
 .text.HAL_InitTick
                0x08004174       0x28 C:\Users\SCHUST~1\AppData\Local\Temp\ccz4QCL7.ltrans2.ltrans.o
                0x08004174                HAL_InitTick
 .text.HAL_Init
                0x0800419c       0x24 C:\Users\SCHUST~1\AppData\Local\Temp\ccz4QCL7.ltrans2.ltrans.o
                0x0800419c                HAL_Init
 .text.MX_TIM16_Init
                0x080041c0       0x7c C:\Users\SCHUST~1\AppData\Local\Temp\ccz4QCL7.ltrans2.ltrans.o
                0x080041c0                MX_TIM16_Init
 .text.HAL_RCC_OscConfig
                0x0800423c      0x6bc C:\Users\SCHUST~1\AppData\Local\Temp\ccz4QCL7.ltrans3.ltrans.o
                0x0800423c                HAL_RCC_OscConfig
 .text.HAL_GPIO_WritePin
                0x080048f8        0xc C:\Users\SCHUST~1\AppData\Local\Temp\ccz4QCL7.ltrans3.ltrans.o
                0x080048f8                HAL_GPIO_WritePin
 .text.HAL_GPIO_ReadPin
                0x08004904       0x10 C:\Users\SCHUST~1\AppData\Local\Temp\ccz4QCL7.ltrans3.ltrans.o
                0x08004904                HAL_GPIO_ReadPin
 .text.HAL_GPIO_Init
                0x08004914      0x1a8 C:\Users\SCHUST~1\AppData\Local\Temp\ccz4QCL7.ltrans3.ltrans.o
                0x08004914                HAL_GPIO_Init
 .text.HAL_SYSTICK_CLKSourceConfig
                0x08004abc       0x20 C:\Users\SCHUST~1\AppData\Local\Temp\ccz4QCL7.ltrans3.ltrans.o
                0x08004abc                HAL_SYSTICK_CLKSourceConfig
 .text.HAL_SYSTICK_Config
                0x08004adc       0x2c C:\Users\SCHUST~1\AppData\Local\Temp\ccz4QCL7.ltrans3.ltrans.o
                0x08004adc                HAL_SYSTICK_Config
 .text.HAL_NVIC_EnableIRQ
                0x08004b08       0x18 C:\Users\SCHUST~1\AppData\Local\Temp\ccz4QCL7.ltrans3.ltrans.o
                0x08004b08                HAL_NVIC_EnableIRQ
 .text.HAL_NVIC_SetPriority
                0x08004b20       0x64 C:\Users\SCHUST~1\AppData\Local\Temp\ccz4QCL7.ltrans3.ltrans.o
                0x08004b20                HAL_NVIC_SetPriority
 .text.HAL_NVIC_SetPriorityGrouping
                0x08004b84       0x24 C:\Users\SCHUST~1\AppData\Local\Temp\ccz4QCL7.ltrans3.ltrans.o
                0x08004b84                HAL_NVIC_SetPriorityGrouping
 .text.ADC_Disable.lto_priv.1
                0x08004ba8       0x8c C:\Users\SCHUST~1\AppData\Local\Temp\ccz4QCL7.ltrans3.ltrans.o
                0x08004ba8                ADC_Disable.lto_priv.1
 .text.ADC_Enable.lto_priv.0
                0x08004c34       0x84 C:\Users\SCHUST~1\AppData\Local\Temp\ccz4QCL7.ltrans3.ltrans.o
                0x08004c34                ADC_Enable.lto_priv.0
 .text.HAL_ADCEx_MultiModeConfigChannel
                0x08004cb8      0x110 C:\Users\SCHUST~1\AppData\Local\Temp\ccz4QCL7.ltrans3.ltrans.o
                0x08004cb8                HAL_ADCEx_MultiModeConfigChannel
 .text.Reset_Handler
                0x08004dc8       0x50 ./Drivers/CMSIS/Device/ST/STM32F3xx/Source/Templates/gcc/startup_stm32f303xc.o
                0x08004dc8                Reset_Handler
 .text.Default_Handler
                0x08004e18        0x2 ./Drivers/CMSIS/Device/ST/STM32F3xx/Source/Templates/gcc/startup_stm32f303xc.o
                0x08004e18                RTC_Alarm_IRQHandler
                0x08004e18                TIM8_TRG_COM_IRQHandler
                0x08004e18                TIM8_CC_IRQHandler
                0x08004e18                DebugMon_Handler
                0x08004e18                TIM1_CC_IRQHandler
                0x08004e18                HardFault_Handler
                0x08004e18                USB_HP_IRQHandler
                0x08004e18                PVD_IRQHandler
                0x08004e18                TAMP_STAMP_IRQHandler
                0x08004e18                PendSV_Handler
                0x08004e18                NMI_Handler
                0x08004e18                EXTI3_IRQHandler
                0x08004e18                USB_HP_CAN_TX_IRQHandler
                0x08004e18                EXTI0_IRQHandler
                0x08004e18                I2C2_EV_IRQHandler
                0x08004e18                FPU_IRQHandler
                0x08004e18                TIM1_UP_TIM16_IRQHandler
                0x08004e18                UsageFault_Handler
                0x08004e18                SPI1_IRQHandler
                0x08004e18                CAN_SCE_IRQHandler
                0x08004e18                TIM6_DAC_IRQHandler
                0x08004e18                TIM8_UP_IRQHandler
                0x08004e18                DMA2_Channel2_IRQHandler
                0x08004e18                DMA1_Channel4_IRQHandler
                0x08004e18                USART3_IRQHandler
                0x08004e18                DMA1_Channel7_IRQHandler
                0x08004e18                UART5_IRQHandler
                0x08004e18                TIM4_IRQHandler
                0x08004e18                CAN_RX1_IRQHandler
                0x08004e18                DMA2_Channel1_IRQHandler
                0x08004e18                I2C1_EV_IRQHandler
                0x08004e18                DMA1_Channel6_IRQHandler
                0x08004e18                UART4_IRQHandler
                0x08004e18                DMA2_Channel4_IRQHandler
                0x08004e18                RCC_IRQHandler
                0x08004e18                DMA1_Channel1_IRQHandler
                0x08004e18                Default_Handler
                0x08004e18                USBWakeUp_RMP_IRQHandler
                0x08004e18                EXTI15_10_IRQHandler
                0x08004e18                TIM7_IRQHandler
                0x08004e18                EXTI9_5_IRQHandler
                0x08004e18                RTC_WKUP_IRQHandler
                0x08004e18                SPI2_IRQHandler
                0x08004e18                USB_LP_CAN_RX0_IRQHandler
                0x08004e18                MemManage_Handler
                0x08004e18                SVC_Handler
                0x08004e18                DMA2_Channel5_IRQHandler
                0x08004e18                DMA1_Channel5_IRQHandler
                0x08004e18                USB_LP_IRQHandler
                0x08004e18                EXTI4_IRQHandler
                0x08004e18                TIM1_TRG_COM_TIM17_IRQHandler
                0x08004e18                DMA1_Channel3_IRQHandler
                0x08004e18                WWDG_IRQHandler
                0x08004e18                TIM2_IRQHandler
                0x08004e18                COMP7_IRQHandler
                0x08004e18                COMP1_2_3_IRQHandler
                0x08004e18                EXTI1_IRQHandler
                0x08004e18                USART2_IRQHandler
                0x08004e18                COMP4_5_6_IRQHandler
                0x08004e18                I2C2_ER_IRQHandler
                0x08004e18                DMA1_Channel2_IRQHandler
                0x08004e18                TIM8_BRK_IRQHandler
                0x08004e18                FLASH_IRQHandler
                0x08004e18                BusFault_Handler
                0x08004e18                USART1_IRQHandler
                0x08004e18                SPI3_IRQHandler
                0x08004e18                I2C1_ER_IRQHandler
                0x08004e18                USBWakeUp_IRQHandler
                0x08004e18                DMA2_Channel3_IRQHandler
                0x08004e18                EXTI2_TSC_IRQHandler
                0x08004e18                TIM1_BRK_TIM15_IRQHandler
 *fill*         0x08004e1a        0x2 
 .text.sin      0x08004e1c       0x94 c:/program files (x86)/gnu tools arm embedded/4.9 2015q1/bin/../lib/gcc/arm-none-eabi/4.9.3/../../../../arm-none-eabi/lib/armv7e-m\libm.a(lib_a-s_sin.o)
                0x08004e1c                sin
 .text.sqrt     0x08004eb0       0xac c:/program files (x86)/gnu tools arm embedded/4.9 2015q1/bin/../lib/gcc/arm-none-eabi/4.9.3/../../../../arm-none-eabi/lib/armv7e-m\libm.a(lib_a-w_sqrt.o)
                0x08004eb0                sqrt
 *fill*         0x08004f5c        0x4 
 .text.__ieee754_rem_pio2
                0x08004f60      0x448 c:/program files (x86)/gnu tools arm embedded/4.9 2015q1/bin/../lib/gcc/arm-none-eabi/4.9.3/../../../../arm-none-eabi/lib/armv7e-m\libm.a(lib_a-e_rem_pio2.o)
                0x08004f60                __ieee754_rem_pio2
 .text.__ieee754_sqrt
                0x080053a8      0x188 c:/program files (x86)/gnu tools arm embedded/4.9 2015q1/bin/../lib/gcc/arm-none-eabi/4.9.3/../../../../arm-none-eabi/lib/armv7e-m\libm.a(lib_a-e_sqrt.o)
                0x080053a8                __ieee754_sqrt
 .text.__kernel_cos
                0x08005530      0x248 c:/program files (x86)/gnu tools arm embedded/4.9 2015q1/bin/../lib/gcc/arm-none-eabi/4.9.3/../../../../arm-none-eabi/lib/armv7e-m\libm.a(lib_a-k_cos.o)
                0x08005530                __kernel_cos
 .text.__kernel_rem_pio2
                0x08005778      0x808 c:/program files (x86)/gnu tools arm embedded/4.9 2015q1/bin/../lib/gcc/arm-none-eabi/4.9.3/../../../../arm-none-eabi/lib/armv7e-m\libm.a(lib_a-k_rem_pio2.o)
                0x08005778                __kernel_rem_pio2
 .text.__kernel_sin
                0x08005f80      0x170 c:/program files (x86)/gnu tools arm embedded/4.9 2015q1/bin/../lib/gcc/arm-none-eabi/4.9.3/../../../../arm-none-eabi/lib/armv7e-m\libm.a(lib_a-k_sin.o)
                0x08005f80                __kernel_sin
 .text.fabs     0x080060f0        0x8 c:/program files (x86)/gnu tools arm embedded/4.9 2015q1/bin/../lib/gcc/arm-none-eabi/4.9.3/../../../../arm-none-eabi/lib/armv7e-m\libm.a(lib_a-s_fabs.o)
                0x080060f0                fabs
 .text.floor    0x080060f8      0x118 c:/program files (x86)/gnu tools arm embedded/4.9 2015q1/bin/../lib/gcc/arm-none-eabi/4.9.3/../../../../arm-none-eabi/lib/armv7e-m\libm.a(lib_a-s_floor.o)
                0x080060f8                floor
 .text.__fpclassifyd
                0x08006210       0x58 c:/program files (x86)/gnu tools arm embedded/4.9 2015q1/bin/../lib/gcc/arm-none-eabi/4.9.3/../../../../arm-none-eabi/lib/armv7e-m\libm.a(lib_a-s_fpclassify.o)
                0x08006210                __fpclassifyd
 .text.matherr  0x08006268        0x4 c:/program files (x86)/gnu tools arm embedded/4.9 2015q1/bin/../lib/gcc/arm-none-eabi/4.9.3/../../../../arm-none-eabi/lib/armv7e-m\libm.a(lib_a-s_matherr.o)
                0x08006268                matherr
 *fill*         0x0800626c        0x4 
 .text.scalbn   0x08006270      0x108 c:/program files (x86)/gnu tools arm embedded/4.9 2015q1/bin/../lib/gcc/arm-none-eabi/4.9.3/../../../../arm-none-eabi/lib/armv7e-m\libm.a(lib_a-s_scalbn.o)
                0x08006270                scalbn
 .text.copysign
                0x08006378       0x10 c:/program files (x86)/gnu tools arm embedded/4.9 2015q1/bin/../lib/gcc/arm-none-eabi/4.9.3/../../../../arm-none-eabi/lib/armv7e-m\libm.a(lib_a-s_copysign.o)
                0x08006378                copysign
 .text.__errno  0x08006388        0xc c:/program files (x86)/gnu tools arm embedded/4.9 2015q1/bin/../lib/gcc/arm-none-eabi/4.9.3/../../../../arm-none-eabi/lib/armv7e-m\libg.a(lib_a-errno.o)
                0x08006388                __errno
 .text.__libc_init_array
                0x08006394       0x50 c:/program files (x86)/gnu tools arm embedded/4.9 2015q1/bin/../lib/gcc/arm-none-eabi/4.9.3/../../../../arm-none-eabi/lib/armv7e-m\libg.a(lib_a-init.o)
                0x08006394                __libc_init_array
 .text.memset   0x080063e4       0x9c c:/program files (x86)/gnu tools arm embedded/4.9 2015q1/bin/../lib/gcc/arm-none-eabi/4.9.3/../../../../arm-none-eabi/lib/armv7e-m\libg.a(lib_a-memset.o)
                0x080063e4                memset
 .text.sprintf  0x08006480       0x4c c:/program files (x86)/gnu tools arm embedded/4.9 2015q1/bin/../lib/gcc/arm-none-eabi/4.9.3/../../../../arm-none-eabi/lib/armv7e-m\libg.a(lib_a-sprintf.o)
                0x08006480                sprintf
 .text._svfprintf_r
                0x080064cc     0x1494 c:/program files (x86)/gnu tools arm embedded/4.9 2015q1/bin/../lib/gcc/arm-none-eabi/4.9.3/../../../../arm-none-eabi/lib/armv7e-m\libg.a(lib_a-svfprintf.o)
                0x080064cc                _svfprintf_r
 .text.startup.register_fini
                0x08007960       0x14 c:/program files (x86)/gnu tools arm embedded/4.9 2015q1/bin/../lib/gcc/arm-none-eabi/4.9.3/../../../../arm-none-eabi/lib/armv7e-m\libg.a(lib_a-__call_atexit.o)
 .text.atexit   0x08007974        0xc c:/program files (x86)/gnu tools arm embedded/4.9 2015q1/bin/../lib/gcc/arm-none-eabi/4.9.3/../../../../arm-none-eabi/lib/armv7e-m\libg.a(lib_a-atexit.o)
                0x08007974                atexit
 .text.quorem   0x08007980      0x12c c:/program files (x86)/gnu tools arm embedded/4.9 2015q1/bin/../lib/gcc/arm-none-eabi/4.9.3/../../../../arm-none-eabi/lib/armv7e-m\libg.a(lib_a-dtoa.o)
 *fill*         0x08007aac        0x4 
 .text._dtoa_r  0x08007ab0      0xe98 c:/program files (x86)/gnu tools arm embedded/4.9 2015q1/bin/../lib/gcc/arm-none-eabi/4.9.3/../../../../arm-none-eabi/lib/armv7e-m\libg.a(lib_a-dtoa.o)
                0x08007ab0                _dtoa_r
 .text.__libc_fini_array
                0x08008948       0x2c c:/program files (x86)/gnu tools arm embedded/4.9 2015q1/bin/../lib/gcc/arm-none-eabi/4.9.3/../../../../arm-none-eabi/lib/armv7e-m\libg.a(lib_a-fini.o)
                0x08008948                __libc_fini_array
 .text._localeconv_r
                0x08008974        0x8 c:/program files (x86)/gnu tools arm embedded/4.9 2015q1/bin/../lib/gcc/arm-none-eabi/4.9.3/../../../../arm-none-eabi/lib/armv7e-m\libg.a(lib_a-locale.o)
                0x08008974                _localeconv_r
 .text._malloc_r
                0x0800897c      0x524 c:/program files (x86)/gnu tools arm embedded/4.9 2015q1/bin/../lib/gcc/arm-none-eabi/4.9.3/../../../../arm-none-eabi/lib/armv7e-m\libg.a(lib_a-mallocr.o)
                0x0800897c                _malloc_r
 .text.memchr   0x08008ea0       0x94 c:/program files (x86)/gnu tools arm embedded/4.9 2015q1/bin/../lib/gcc/arm-none-eabi/4.9.3/../../../../arm-none-eabi/lib/armv7e-m\libg.a(lib_a-memchr.o)
                0x08008ea0                memchr
 .text.__malloc_lock
                0x08008f34        0x4 c:/program files (x86)/gnu tools arm embedded/4.9 2015q1/bin/../lib/gcc/arm-none-eabi/4.9.3/../../../../arm-none-eabi/lib/armv7e-m\libg.a(lib_a-mlock.o)
                0x08008f34                __malloc_lock
 .text.__malloc_unlock
                0x08008f38        0x4 c:/program files (x86)/gnu tools arm embedded/4.9 2015q1/bin/../lib/gcc/arm-none-eabi/4.9.3/../../../../arm-none-eabi/lib/armv7e-m\libg.a(lib_a-mlock.o)
                0x08008f38                __malloc_unlock
 .text._Balloc  0x08008f3c       0x4c c:/program files (x86)/gnu tools arm embedded/4.9 2015q1/bin/../lib/gcc/arm-none-eabi/4.9.3/../../../../arm-none-eabi/lib/armv7e-m\libg.a(lib_a-mprec.o)
                0x08008f3c                _Balloc
 .text._Bfree   0x08008f88       0x14 c:/program files (x86)/gnu tools arm embedded/4.9 2015q1/bin/../lib/gcc/arm-none-eabi/4.9.3/../../../../arm-none-eabi/lib/armv7e-m\libg.a(lib_a-mprec.o)
                0x08008f88                _Bfree
 .text.__multadd
                0x08008f9c       0x84 c:/program files (x86)/gnu tools arm embedded/4.9 2015q1/bin/../lib/gcc/arm-none-eabi/4.9.3/../../../../arm-none-eabi/lib/armv7e-m\libg.a(lib_a-mprec.o)
                0x08008f9c                __multadd
 .text.__hi0bits
                0x08009020       0x40 c:/program files (x86)/gnu tools arm embedded/4.9 2015q1/bin/../lib/gcc/arm-none-eabi/4.9.3/../../../../arm-none-eabi/lib/armv7e-m\libg.a(lib_a-mprec.o)
                0x08009020                __hi0bits
 .text.__lo0bits
                0x08009060       0x5c c:/program files (x86)/gnu tools arm embedded/4.9 2015q1/bin/../lib/gcc/arm-none-eabi/4.9.3/../../../../arm-none-eabi/lib/armv7e-m\libg.a(lib_a-mprec.o)
                0x08009060                __lo0bits
 .text.__i2b    0x080090bc       0x14 c:/program files (x86)/gnu tools arm embedded/4.9 2015q1/bin/../lib/gcc/arm-none-eabi/4.9.3/../../../../arm-none-eabi/lib/armv7e-m\libg.a(lib_a-mprec.o)
                0x080090bc                __i2b
 .text.__multiply
                0x080090d0      0x134 c:/program files (x86)/gnu tools arm embedded/4.9 2015q1/bin/../lib/gcc/arm-none-eabi/4.9.3/../../../../arm-none-eabi/lib/armv7e-m\libg.a(lib_a-mprec.o)
                0x080090d0                __multiply
 .text.__pow5mult
                0x08009204       0xa0 c:/program files (x86)/gnu tools arm embedded/4.9 2015q1/bin/../lib/gcc/arm-none-eabi/4.9.3/../../../../arm-none-eabi/lib/armv7e-m\libg.a(lib_a-mprec.o)
                0x08009204                __pow5mult
 .text.__lshift
                0x080092a4       0xac c:/program files (x86)/gnu tools arm embedded/4.9 2015q1/bin/../lib/gcc/arm-none-eabi/4.9.3/../../../../arm-none-eabi/lib/armv7e-m\libg.a(lib_a-mprec.o)
                0x080092a4                __lshift
 .text.__mcmp   0x08009350       0x48 c:/program files (x86)/gnu tools arm embedded/4.9 2015q1/bin/../lib/gcc/arm-none-eabi/4.9.3/../../../../arm-none-eabi/lib/armv7e-m\libg.a(lib_a-mprec.o)
                0x08009350                __mcmp
 .text.__mdiff  0x08009398       0xd4 c:/program files (x86)/gnu tools arm embedded/4.9 2015q1/bin/../lib/gcc/arm-none-eabi/4.9.3/../../../../arm-none-eabi/lib/armv7e-m\libg.a(lib_a-mprec.o)
                0x08009398                __mdiff
 .text.__d2b    0x0800946c       0xb8 c:/program files (x86)/gnu tools arm embedded/4.9 2015q1/bin/../lib/gcc/arm-none-eabi/4.9.3/../../../../arm-none-eabi/lib/armv7e-m\libg.a(lib_a-mprec.o)
                0x0800946c                __d2b
 .text._sbrk_r  0x08009524       0x24 c:/program files (x86)/gnu tools arm embedded/4.9 2015q1/bin/../lib/gcc/arm-none-eabi/4.9.3/../../../../arm-none-eabi/lib/armv7e-m\libg.a(lib_a-sbrkr.o)
                0x08009524                _sbrk_r
 .text.strlen   0x08009548       0x5c c:/program files (x86)/gnu tools arm embedded/4.9 2015q1/bin/../lib/gcc/arm-none-eabi/4.9.3/../../../../arm-none-eabi/lib/armv7e-m\libg.a(lib_a-strlen.o)
                0x08009548                strlen
 .text.__ssprint_r
                0x080095a4      0x104 c:/program files (x86)/gnu tools arm embedded/4.9 2015q1/bin/../lib/gcc/arm-none-eabi/4.9.3/../../../../arm-none-eabi/lib/armv7e-m\libg.a(lib_a-svfiprintf.o)
                0x080095a4                __ssprint_r
 .text.__register_exitproc
                0x080096a8       0xa4 c:/program files (x86)/gnu tools arm embedded/4.9 2015q1/bin/../lib/gcc/arm-none-eabi/4.9.3/../../../../arm-none-eabi/lib/armv7e-m\libg.a(lib_a-__atexit.o)
                0x080096a8                __register_exitproc
 .text._calloc_r
                0x0800974c       0x60 c:/program files (x86)/gnu tools arm embedded/4.9 2015q1/bin/../lib/gcc/arm-none-eabi/4.9.3/../../../../arm-none-eabi/lib/armv7e-m\libg.a(lib_a-callocr.o)
                0x0800974c                _calloc_r
 .text._malloc_trim_r
                0x080097ac       0x9c c:/program files (x86)/gnu tools arm embedded/4.9 2015q1/bin/../lib/gcc/arm-none-eabi/4.9.3/../../../../arm-none-eabi/lib/armv7e-m\libg.a(lib_a-freer.o)
                0x080097ac                _malloc_trim_r
 .text._free_r  0x08009848      0x1b0 c:/program files (x86)/gnu tools arm embedded/4.9 2015q1/bin/../lib/gcc/arm-none-eabi/4.9.3/../../../../arm-none-eabi/lib/armv7e-m\libg.a(lib_a-freer.o)
                0x08009848                _free_r
 .text.memmove  0x080099f8       0xc8 c:/program files (x86)/gnu tools arm embedded/4.9 2015q1/bin/../lib/gcc/arm-none-eabi/4.9.3/../../../../arm-none-eabi/lib/armv7e-m\libg.a(lib_a-memmove.o)
                0x080099f8                memmove
 .text._realloc_r
                0x08009ac0      0x3ec c:/program files (x86)/gnu tools arm embedded/4.9 2015q1/bin/../lib/gcc/arm-none-eabi/4.9.3/../../../../arm-none-eabi/lib/armv7e-m\libg.a(lib_a-reallocr.o)
                0x08009ac0                _realloc_r
 .text._sbrk    0x08009eac       0x1c c:/program files (x86)/gnu tools arm embedded/4.9 2015q1/bin/../lib/gcc/arm-none-eabi/4.9.3/../../../../arm-none-eabi/lib/armv7e-m\libnosys.a(sbrk.o)
                0x08009eac                _sbrk
 *(.glue_7)
 .glue_7        0x00000000        0x0 linker stubs
 *(.glue_7t)
 .glue_7t       0x00000000        0x0 linker stubs
 *(.eh_frame)
 .eh_frame      0x08009ec8        0x0 c:/program files (x86)/gnu tools arm embedded/4.9 2015q1/bin/../lib/gcc/arm-none-eabi/4.9.3/armv7e-m/crtbegin.o
 *(.init)
 .init          0x08009ec8        0x4 c:/program files (x86)/gnu tools arm embedded/4.9 2015q1/bin/../lib/gcc/arm-none-eabi/4.9.3/armv7e-m/crti.o
                0x08009ec8                _init
 .init          0x08009ecc        0x8 c:/program files (x86)/gnu tools arm embedded/4.9 2015q1/bin/../lib/gcc/arm-none-eabi/4.9.3/armv7e-m/crtn.o
 *(.fini)
 .fini          0x08009ed4        0x4 c:/program files (x86)/gnu tools arm embedded/4.9 2015q1/bin/../lib/gcc/arm-none-eabi/4.9.3/armv7e-m/crti.o
                0x08009ed4                _fini
 .fini          0x08009ed8        0x8 c:/program files (x86)/gnu tools arm embedded/4.9 2015q1/bin/../lib/gcc/arm-none-eabi/4.9.3/armv7e-m/crtn.o
                0x08009ee0                . = ALIGN (0x4)
                0x08009ee0                _etext = .

.vfp11_veneer   0x08009ee0        0x0
 .vfp11_veneer  0x00000000        0x0 linker stubs

.v4_bx          0x08009ee0        0x0
 .v4_bx         0x00000000        0x0 linker stubs

.iplt           0x08009ee0        0x0
 .iplt          0x00000000        0x0 c:/program files (x86)/gnu tools arm embedded/4.9 2015q1/bin/../lib/gcc/arm-none-eabi/4.9.3/armv7e-m/crtbegin.o

.rodata         0x08009ee0      0x3d8
                0x08009ee0                . = ALIGN (0x4)
 *(.rodata)
 .rodata        0x08009ee0       0x14 C:\Users\SCHUST~1\AppData\Local\Temp\ccz4QCL7.ltrans0.ltrans.o
 *(.rodata*)
 .rodata.str1.4
                0x08009ef4       0x28 C:\Users\SCHUST~1\AppData\Local\Temp\ccz4QCL7.ltrans0.ltrans.o
 .rodata.aPredivFactorTable
                0x08009f1c       0x10 C:\Users\SCHUST~1\AppData\Local\Temp\ccz4QCL7.ltrans1.ltrans.o
 .rodata.aAPBAHBPrescTable
                0x08009f2c       0x10 C:\Users\SCHUST~1\AppData\Local\Temp\ccz4QCL7.ltrans1.ltrans.o
 .rodata.aPLLMULFactorTable
                0x08009f3c       0x10 C:\Users\SCHUST~1\AppData\Local\Temp\ccz4QCL7.ltrans1.ltrans.o
 .rodata.str1.4
                0x08009f4c        0x5 c:/program files (x86)/gnu tools arm embedded/4.9 2015q1/bin/../lib/gcc/arm-none-eabi/4.9.3/../../../../arm-none-eabi/lib/armv7e-m\libm.a(lib_a-w_sqrt.o)
                                  0x8 (size before relaxing)
 *fill*         0x08009f51        0x3 
 .rodata.npio2_hw
                0x08009f54       0x80 c:/program files (x86)/gnu tools arm embedded/4.9 2015q1/bin/../lib/gcc/arm-none-eabi/4.9.3/../../../../arm-none-eabi/lib/armv7e-m\libm.a(lib_a-e_rem_pio2.o)
 .rodata.two_over_pi
                0x08009fd4      0x108 c:/program files (x86)/gnu tools arm embedded/4.9 2015q1/bin/../lib/gcc/arm-none-eabi/4.9.3/../../../../arm-none-eabi/lib/armv7e-m\libm.a(lib_a-e_rem_pio2.o)
 .rodata.init_jk
                0x0800a0dc       0x10 c:/program files (x86)/gnu tools arm embedded/4.9 2015q1/bin/../lib/gcc/arm-none-eabi/4.9.3/../../../../arm-none-eabi/lib/armv7e-m\libm.a(lib_a-k_rem_pio2.o)
 *fill*         0x0800a0ec        0x4 
 .rodata.PIo2   0x0800a0f0       0x40 c:/program files (x86)/gnu tools arm embedded/4.9 2015q1/bin/../lib/gcc/arm-none-eabi/4.9.3/../../../../arm-none-eabi/lib/armv7e-m\libm.a(lib_a-k_rem_pio2.o)
 .rodata.str1.4
                0x0800a130        0x2 c:/program files (x86)/gnu tools arm embedded/4.9 2015q1/bin/../lib/gcc/arm-none-eabi/4.9.3/../../../../arm-none-eabi/lib/armv7e-m\libg.a(lib_a-impure.o)
                                  0x4 (size before relaxing)
 *fill*         0x0800a132        0x2 
 .rodata._global_impure_ptr
                0x0800a134        0x4 c:/program files (x86)/gnu tools arm embedded/4.9 2015q1/bin/../lib/gcc/arm-none-eabi/4.9.3/../../../../arm-none-eabi/lib/armv7e-m\libg.a(lib_a-impure.o)
                0x0800a134                _global_impure_ptr
 .rodata.zeroes.6916
                0x0800a138       0x10 c:/program files (x86)/gnu tools arm embedded/4.9 2015q1/bin/../lib/gcc/arm-none-eabi/4.9.3/../../../../arm-none-eabi/lib/armv7e-m\libg.a(lib_a-svfprintf.o)
 .rodata.str1.4
                0x0800a148       0x42 c:/program files (x86)/gnu tools arm embedded/4.9 2015q1/bin/../lib/gcc/arm-none-eabi/4.9.3/../../../../arm-none-eabi/lib/armv7e-m\libg.a(lib_a-svfprintf.o)
                                 0x44 (size before relaxing)
 *fill*         0x0800a18a        0x2 
 .rodata.blanks.6915
                0x0800a18c       0x10 c:/program files (x86)/gnu tools arm embedded/4.9 2015q1/bin/../lib/gcc/arm-none-eabi/4.9.3/../../../../arm-none-eabi/lib/armv7e-m\libg.a(lib_a-svfprintf.o)
 .rodata.str1.4
                0x0800a19c       0x10 c:/program files (x86)/gnu tools arm embedded/4.9 2015q1/bin/../lib/gcc/arm-none-eabi/4.9.3/../../../../arm-none-eabi/lib/armv7e-m\libg.a(lib_a-dtoa.o)
                                 0x14 (size before relaxing)
 .rodata.str1.4
                0x0800a1ac        0xa c:/program files (x86)/gnu tools arm embedded/4.9 2015q1/bin/../lib/gcc/arm-none-eabi/4.9.3/../../../../arm-none-eabi/lib/armv7e-m\libg.a(lib_a-locale.o)
                                 0x14 (size before relaxing)
 *fill*         0x0800a1b6        0x2 
 .rodata.p05.5296
                0x0800a1b8        0xc c:/program files (x86)/gnu tools arm embedded/4.9 2015q1/bin/../lib/gcc/arm-none-eabi/4.9.3/../../../../arm-none-eabi/lib/armv7e-m\libg.a(lib_a-mprec.o)
 *fill*         0x0800a1c4        0x4 
 .rodata.__mprec_tens
                0x0800a1c8       0xc8 c:/program files (x86)/gnu tools arm embedded/4.9 2015q1/bin/../lib/gcc/arm-none-eabi/4.9.3/../../../../arm-none-eabi/lib/armv7e-m\libg.a(lib_a-mprec.o)
                0x0800a1c8                __mprec_tens
 .rodata.__mprec_bigtens
                0x0800a290       0x28 c:/program files (x86)/gnu tools arm embedded/4.9 2015q1/bin/../lib/gcc/arm-none-eabi/4.9.3/../../../../arm-none-eabi/lib/armv7e-m\libg.a(lib_a-mprec.o)
                0x0800a290                __mprec_bigtens
                0x0800a2b8                . = ALIGN (0x4)

.ARM.extab
 *(.ARM.extab* .gnu.linkonce.armextab.*)

.ARM            0x0800a2b8        0x8
                0x0800a2b8                __exidx_start = .
 *(.ARM.exidx*)
 .ARM.exidx     0x0800a2b8        0x8 c:/program files (x86)/gnu tools arm embedded/4.9 2015q1/bin/../lib/gcc/arm-none-eabi/4.9.3/armv7e-m\libgcc.a(_divdi3.o)
 .ARM.exidx     0x0800a2c0        0x0 c:/program files (x86)/gnu tools arm embedded/4.9 2015q1/bin/../lib/gcc/arm-none-eabi/4.9.3/armv7e-m\libgcc.a(_udivdi3.o)
                                  0x8 (size before relaxing)
                0x0800a2c0                __exidx_end = .

.rel.dyn        0x0800a2c0        0x0
 .rel.iplt      0x00000000        0x0 c:/program files (x86)/gnu tools arm embedded/4.9 2015q1/bin/../lib/gcc/arm-none-eabi/4.9.3/armv7e-m/crtbegin.o

.preinit_array  0x0800a2c0        0x0
                0x0800a2c0                PROVIDE (__preinit_array_start, .)
 *(.preinit_array*)
                0x0800a2c0                PROVIDE (__preinit_array_end, .)

.init_array     0x0800a2c0        0x8
                0x0800a2c0                PROVIDE (__init_array_start, .)
 *(SORT(.init_array.*))
 .init_array.00000
                0x0800a2c0        0x4 c:/program files (x86)/gnu tools arm embedded/4.9 2015q1/bin/../lib/gcc/arm-none-eabi/4.9.3/../../../../arm-none-eabi/lib/armv7e-m\libg.a(lib_a-__call_atexit.o)
 *(.init_array*)
 .init_array    0x0800a2c4        0x4 c:/program files (x86)/gnu tools arm embedded/4.9 2015q1/bin/../lib/gcc/arm-none-eabi/4.9.3/armv7e-m/crtbegin.o
                0x0800a2c8                PROVIDE (__init_array_end, .)

.fini_array     0x0800a2c8        0x4
                0x0800a2c8                PROVIDE (__fini_array_start, .)
 *(SORT(.fini_array.*))
 *(.fini_array*)
 .fini_array    0x0800a2c8        0x4 c:/program files (x86)/gnu tools arm embedded/4.9 2015q1/bin/../lib/gcc/arm-none-eabi/4.9.3/armv7e-m/crtbegin.o
                0x0800a2cc                PROVIDE (__fini_array_end, .)
                0x0800a2cc                _sidata = LOADADDR (.data)

.data           0x20000000      0xa74 load address 0x0800a2cc
                0x20000000                . = ALIGN (0x4)
                0x20000000                _sdata = .
 *(.data)
 *(.data*)
 .data.PI       0x20000000        0x4 C:\Users\SCHUST~1\AppData\Local\Temp\ccz4QCL7.ltrans0.ltrans.o
 .data.UBooster
                0x20000004        0x4 C:\Users\SCHUST~1\AppData\Local\Temp\ccz4QCL7.ltrans0.ltrans.o
 .data.Uin      0x20000008        0x4 C:\Users\SCHUST~1\AppData\Local\Temp\ccz4QCL7.ltrans0.ltrans.o
 .data.fonts    0x2000000c      0x1ec C:\Users\SCHUST~1\AppData\Local\Temp\ccz4QCL7.ltrans0.ltrans.o
 .data.SystemCoreClock
                0x200001f8        0x4 C:\Users\SCHUST~1\AppData\Local\Temp\ccz4QCL7.ltrans1.ltrans.o
                0x200001f8                SystemCoreClock
 .data.__fdlib_version
                0x200001fc        0x1 c:/program files (x86)/gnu tools arm embedded/4.9 2015q1/bin/../lib/gcc/arm-none-eabi/4.9.3/../../../../arm-none-eabi/lib/armv7e-m\libm.a(lib_a-s_lib_ver.o)
                0x200001fc                __fdlib_version
 *fill*         0x200001fd        0x3 
 .data.impure_data
                0x20000200      0x428 c:/program files (x86)/gnu tools arm embedded/4.9 2015q1/bin/../lib/gcc/arm-none-eabi/4.9.3/../../../../arm-none-eabi/lib/armv7e-m\libg.a(lib_a-impure.o)
 .data._impure_ptr
                0x20000628        0x4 c:/program files (x86)/gnu tools arm embedded/4.9 2015q1/bin/../lib/gcc/arm-none-eabi/4.9.3/../../../../arm-none-eabi/lib/armv7e-m\libg.a(lib_a-impure.o)
                0x20000628                _impure_ptr
 .data.lconv    0x2000062c       0x38 c:/program files (x86)/gnu tools arm embedded/4.9 2015q1/bin/../lib/gcc/arm-none-eabi/4.9.3/../../../../arm-none-eabi/lib/armv7e-m\libg.a(lib_a-locale.o)
 .data.__malloc_av_
                0x20000664      0x408 c:/program files (x86)/gnu tools arm embedded/4.9 2015q1/bin/../lib/gcc/arm-none-eabi/4.9.3/../../../../arm-none-eabi/lib/armv7e-m\libg.a(lib_a-mallocr.o)
                0x20000664                __malloc_av_
 .data.__malloc_trim_threshold
                0x20000a6c        0x4 c:/program files (x86)/gnu tools arm embedded/4.9 2015q1/bin/../lib/gcc/arm-none-eabi/4.9.3/../../../../arm-none-eabi/lib/armv7e-m\libg.a(lib_a-mallocr.o)
                0x20000a6c                __malloc_trim_threshold
 .data.__malloc_sbrk_base
                0x20000a70        0x4 c:/program files (x86)/gnu tools arm embedded/4.9 2015q1/bin/../lib/gcc/arm-none-eabi/4.9.3/../../../../arm-none-eabi/lib/armv7e-m\libg.a(lib_a-mallocr.o)
                0x20000a70                __malloc_sbrk_base
                0x20000a74                . = ALIGN (0x4)
                0x20000a74                _edata = .
                0x0800ad40                _siccmram = LOADADDR (.ccmram)

.jcr            0x20000a74        0x0 load address 0x0800ad40
 .jcr           0x20000a74        0x0 c:/program files (x86)/gnu tools arm embedded/4.9 2015q1/bin/../lib/gcc/arm-none-eabi/4.9.3/armv7e-m/crtbegin.o

.igot.plt       0x20000a74        0x0 load address 0x0800ad40
 .igot.plt      0x00000000        0x0 c:/program files (x86)/gnu tools arm embedded/4.9 2015q1/bin/../lib/gcc/arm-none-eabi/4.9.3/armv7e-m/crtbegin.o

.ccmram         0x10000000        0x0 load address 0x0800ad40
                0x10000000                . = ALIGN (0x4)
                0x10000000                _sccmram = .
 *(.ccmram)
 *(.ccmram*)
                0x10000000                . = ALIGN (0x4)
                0x10000000                _eccmram = .
                0x10000000                . = ALIGN (0x4)

.bss            0x20000a74      0x284
                0x20000a74                _sbss = .
                0x20000a74                __bss_start__ = _sbss
 *(.bss)
 .bss           0x20000a74       0x1c c:/program files (x86)/gnu tools arm embedded/4.9 2015q1/bin/../lib/gcc/arm-none-eabi/4.9.3/armv7e-m/crtbegin.o
 *(.bss*)
 .bss.OutputCurrent
                0x20000a90        0x4 C:\Users\SCHUST~1\AppData\Local\Temp\ccz4QCL7.ltrans0.ltrans.o
 .bss.hadc1     0x20000a94       0x54 C:\Users\SCHUST~1\AppData\Local\Temp\ccz4QCL7.ltrans0.ltrans.o
 .bss.hadc2     0x20000ae8       0x54 C:\Users\SCHUST~1\AppData\Local\Temp\ccz4QCL7.ltrans0.ltrans.o
 .bss.Uprimer   0x20000b3c        0x4 C:\Users\SCHUST~1\AppData\Local\Temp\ccz4QCL7.ltrans0.ltrans.o
 .bss.hadc4     0x20000b40       0x54 C:\Users\SCHUST~1\AppData\Local\Temp\ccz4QCL7.ltrans0.ltrans.o
 .bss.BoostCurrent
                0x20000b94        0x4 C:\Users\SCHUST~1\AppData\Local\Temp\ccz4QCL7.ltrans0.ltrans.o
 .bss.htim1     0x20000b98       0x3c C:\Users\SCHUST~1\AppData\Local\Temp\ccz4QCL7.ltrans0.ltrans.o
 .bss.Pot2Frequency
                0x20000bd4        0x4 C:\Users\SCHUST~1\AppData\Local\Temp\ccz4QCL7.ltrans0.ltrans.o
 .bss.htim3     0x20000bd8       0x3c C:\Users\SCHUST~1\AppData\Local\Temp\ccz4QCL7.ltrans0.ltrans.o
 .bss.Uki_ref_amplitudo
                0x20000c14        0x4 C:\Users\SCHUST~1\AppData\Local\Temp\ccz4QCL7.ltrans0.ltrans.o
 .bss.ro        0x20000c18        0x4 C:\Users\SCHUST~1\AppData\Local\Temp\ccz4QCL7.ltrans0.ltrans.o
 .bss.hadc3     0x20000c1c       0x54 C:\Users\SCHUST~1\AppData\Local\Temp\ccz4QCL7.ltrans0.ltrans.o
 .bss.Uanalog   0x20000c70        0x4 C:\Users\SCHUST~1\AppData\Local\Temp\ccz4QCL7.ltrans0.ltrans.o
 .bss.ciklus    0x20000c74        0x4 C:\Users\SCHUST~1\AppData\Local\Temp\ccz4QCL7.ltrans0.ltrans.o
 .bss.Pot2Voltage
                0x20000c78        0x4 C:\Users\SCHUST~1\AppData\Local\Temp\ccz4QCL7.ltrans0.ltrans.o
 .bss.htim16    0x20000c7c       0x3c C:\Users\SCHUST~1\AppData\Local\Temp\ccz4QCL7.ltrans2.ltrans.o
 .bss.uwTick    0x20000cb8        0x4 C:\Users\SCHUST~1\AppData\Local\Temp\ccz4QCL7.ltrans2.ltrans.o
 .bss.__malloc_max_total_mem
                0x20000cbc        0x4 c:/program files (x86)/gnu tools arm embedded/4.9 2015q1/bin/../lib/gcc/arm-none-eabi/4.9.3/../../../../arm-none-eabi/lib/armv7e-m\libg.a(lib_a-mallocr.o)
                0x20000cbc                __malloc_max_total_mem
 .bss.__malloc_max_sbrked_mem
                0x20000cc0        0x4 c:/program files (x86)/gnu tools arm embedded/4.9 2015q1/bin/../lib/gcc/arm-none-eabi/4.9.3/../../../../arm-none-eabi/lib/armv7e-m\libg.a(lib_a-mallocr.o)
                0x20000cc0                __malloc_max_sbrked_mem
 .bss.__malloc_top_pad
                0x20000cc4        0x4 c:/program files (x86)/gnu tools arm embedded/4.9 2015q1/bin/../lib/gcc/arm-none-eabi/4.9.3/../../../../arm-none-eabi/lib/armv7e-m\libg.a(lib_a-mallocr.o)
                0x20000cc4                __malloc_top_pad
 .bss.__malloc_current_mallinfo
                0x20000cc8       0x28 c:/program files (x86)/gnu tools arm embedded/4.9 2015q1/bin/../lib/gcc/arm-none-eabi/4.9.3/../../../../arm-none-eabi/lib/armv7e-m\libg.a(lib_a-mallocr.o)
                0x20000cc8                __malloc_current_mallinfo
 .bss.heap_end.4079
                0x20000cf0        0x4 c:/program files (x86)/gnu tools arm embedded/4.9 2015q1/bin/../lib/gcc/arm-none-eabi/4.9.3/../../../../arm-none-eabi/lib/armv7e-m\libnosys.a(sbrk.o)
 *(COMMON)
 COMMON         0x20000cf4        0x4 c:/program files (x86)/gnu tools arm embedded/4.9 2015q1/bin/../lib/gcc/arm-none-eabi/4.9.3/../../../../arm-none-eabi/lib/armv7e-m\libg.a(lib_a-reent.o)
                0x20000cf4                errno
                0x20000cf8                . = ALIGN (0x4)
                0x20000cf8                _ebss = .
                0x20000cf8                __bss_end__ = _ebss

._user_heap_stack
                0x20000cf8      0x600
                0x20000cf8                . = ALIGN (0x8)
                0x20000cf8                PROVIDE (end, .)
                0x20000cf8                PROVIDE (_end, .)
                0x200010f8                . = (. + _Min_Heap_Size)
 *fill*         0x20000cf8      0x400 
                0x200012f8                . = (. + _Min_Stack_Size)
 *fill*         0x200010f8      0x200 
                0x200012f8                . = ALIGN (0x8)

/DISCARD/
 libc.a(*)
 libm.a(*)
 libgcc.a(*)

.ARM.attributes
                0x00000000       0x2a
 *(.ARM.attributes)
 .ARM.attributes
                0x00000000       0x1e c:/program files (x86)/gnu tools arm embedded/4.9 2015q1/bin/../lib/gcc/arm-none-eabi/4.9.3/armv7e-m/crti.o
 .ARM.attributes
                0x0000001e       0x2e c:/program files (x86)/gnu tools arm embedded/4.9 2015q1/bin/../lib/gcc/arm-none-eabi/4.9.3/armv7e-m/crtbegin.o
 .ARM.attributes
                0x0000004c       0x31 C:\Users\SCHUST~1\AppData\Local\Temp\ccz4QCL7.ltrans0.ltrans.o
 .ARM.attributes
                0x0000007d       0x31 C:\Users\SCHUST~1\AppData\Local\Temp\ccz4QCL7.ltrans1.ltrans.o
 .ARM.attributes
                0x000000ae       0x31 C:\Users\SCHUST~1\AppData\Local\Temp\ccz4QCL7.ltrans2.ltrans.o
 .ARM.attributes
                0x000000df       0x31 C:\Users\SCHUST~1\AppData\Local\Temp\ccz4QCL7.ltrans3.ltrans.o
 .ARM.attributes
                0x00000110       0x1e c:/program files (x86)/gnu tools arm embedded/4.9 2015q1/bin/../lib/gcc/arm-none-eabi/4.9.3/armv7e-m\libgcc.a(_arm_truncdfsf2.o)
 .ARM.attributes
                0x0000012e       0x1e c:/program files (x86)/gnu tools arm embedded/4.9 2015q1/bin/../lib/gcc/arm-none-eabi/4.9.3/armv7e-m\libgcc.a(_arm_addsubsf3.o)
 .ARM.attributes
                0x0000014c       0x1e c:/program files (x86)/gnu tools arm embedded/4.9 2015q1/bin/../lib/gcc/arm-none-eabi/4.9.3/armv7e-m\libgcc.a(_arm_muldivsf3.o)
 .ARM.attributes
                0x0000016a       0x1e c:/program files (x86)/gnu tools arm embedded/4.9 2015q1/bin/../lib/gcc/arm-none-eabi/4.9.3/armv7e-m\libgcc.a(_arm_cmpsf2.o)
 .ARM.attributes
                0x00000188       0x21 ./Drivers/CMSIS/Device/ST/STM32F3xx/Source/Templates/gcc/startup_stm32f303xc.o
 .ARM.attributes
                0x000001a9       0x2e c:/program files (x86)/gnu tools arm embedded/4.9 2015q1/bin/../lib/gcc/arm-none-eabi/4.9.3/../../../../arm-none-eabi/lib/armv7e-m\libm.a(lib_a-s_sin.o)
 .ARM.attributes
                0x000001d7       0x2e c:/program files (x86)/gnu tools arm embedded/4.9 2015q1/bin/../lib/gcc/arm-none-eabi/4.9.3/../../../../arm-none-eabi/lib/armv7e-m\libm.a(lib_a-w_sqrt.o)
 .ARM.attributes
                0x00000205       0x2e c:/program files (x86)/gnu tools arm embedded/4.9 2015q1/bin/../lib/gcc/arm-none-eabi/4.9.3/../../../../arm-none-eabi/lib/armv7e-m\libm.a(lib_a-e_rem_pio2.o)
 .ARM.attributes
                0x00000233       0x2e c:/program files (x86)/gnu tools arm embedded/4.9 2015q1/bin/../lib/gcc/arm-none-eabi/4.9.3/../../../../arm-none-eabi/lib/armv7e-m\libm.a(lib_a-e_sqrt.o)
 .ARM.attributes
                0x00000261       0x2e c:/program files (x86)/gnu tools arm embedded/4.9 2015q1/bin/../lib/gcc/arm-none-eabi/4.9.3/../../../../arm-none-eabi/lib/armv7e-m\libm.a(lib_a-k_cos.o)
 .ARM.attributes
                0x0000028f       0x2e c:/program files (x86)/gnu tools arm embedded/4.9 2015q1/bin/../lib/gcc/arm-none-eabi/4.9.3/../../../../arm-none-eabi/lib/armv7e-m\libm.a(lib_a-k_rem_pio2.o)
 .ARM.attributes
                0x000002bd       0x2e c:/program files (x86)/gnu tools arm embedded/4.9 2015q1/bin/../lib/gcc/arm-none-eabi/4.9.3/../../../../arm-none-eabi/lib/armv7e-m\libm.a(lib_a-k_sin.o)
 .ARM.attributes
                0x000002eb       0x2e c:/program files (x86)/gnu tools arm embedded/4.9 2015q1/bin/../lib/gcc/arm-none-eabi/4.9.3/../../../../arm-none-eabi/lib/armv7e-m\libm.a(lib_a-s_fabs.o)
 .ARM.attributes
                0x00000319       0x2e c:/program files (x86)/gnu tools arm embedded/4.9 2015q1/bin/../lib/gcc/arm-none-eabi/4.9.3/../../../../arm-none-eabi/lib/armv7e-m\libm.a(lib_a-s_floor.o)
 .ARM.attributes
                0x00000347       0x2e c:/program files (x86)/gnu tools arm embedded/4.9 2015q1/bin/../lib/gcc/arm-none-eabi/4.9.3/../../../../arm-none-eabi/lib/armv7e-m\libm.a(lib_a-s_fpclassify.o)
 .ARM.attributes
                0x00000375       0x2e c:/program files (x86)/gnu tools arm embedded/4.9 2015q1/bin/../lib/gcc/arm-none-eabi/4.9.3/../../../../arm-none-eabi/lib/armv7e-m\libm.a(lib_a-s_lib_ver.o)
 .ARM.attributes
                0x000003a3       0x2e c:/program files (x86)/gnu tools arm embedded/4.9 2015q1/bin/../lib/gcc/arm-none-eabi/4.9.3/../../../../arm-none-eabi/lib/armv7e-m\libm.a(lib_a-s_matherr.o)
 .ARM.attributes
                0x000003d1       0x2e c:/program files (x86)/gnu tools arm embedded/4.9 2015q1/bin/../lib/gcc/arm-none-eabi/4.9.3/../../../../arm-none-eabi/lib/armv7e-m\libm.a(lib_a-s_scalbn.o)
 .ARM.attributes
                0x000003ff       0x2e c:/program files (x86)/gnu tools arm embedded/4.9 2015q1/bin/../lib/gcc/arm-none-eabi/4.9.3/../../../../arm-none-eabi/lib/armv7e-m\libm.a(lib_a-s_copysign.o)
 .ARM.attributes
                0x0000042d       0x1e c:/program files (x86)/gnu tools arm embedded/4.9 2015q1/bin/../lib/gcc/arm-none-eabi/4.9.3/armv7e-m\libgcc.a(_arm_addsubdf3.o)
 .ARM.attributes
                0x0000044b       0x1e c:/program files (x86)/gnu tools arm embedded/4.9 2015q1/bin/../lib/gcc/arm-none-eabi/4.9.3/armv7e-m\libgcc.a(_arm_muldivdf3.o)
 .ARM.attributes
                0x00000469       0x1e c:/program files (x86)/gnu tools arm embedded/4.9 2015q1/bin/../lib/gcc/arm-none-eabi/4.9.3/armv7e-m\libgcc.a(_arm_cmpdf2.o)
 .ARM.attributes
                0x00000487       0x1e c:/program files (x86)/gnu tools arm embedded/4.9 2015q1/bin/../lib/gcc/arm-none-eabi/4.9.3/armv7e-m\libgcc.a(_arm_fixdfsi.o)
 .ARM.attributes
                0x000004a5       0x2e c:/program files (x86)/gnu tools arm embedded/4.9 2015q1/bin/../lib/gcc/arm-none-eabi/4.9.3/../../../../arm-none-eabi/lib/armv7e-m\libg.a(lib_a-errno.o)
 .ARM.attributes
                0x000004d3       0x2e c:/program files (x86)/gnu tools arm embedded/4.9 2015q1/bin/../lib/gcc/arm-none-eabi/4.9.3/../../../../arm-none-eabi/lib/armv7e-m\libg.a(lib_a-impure.o)
 .ARM.attributes
                0x00000501       0x2e c:/program files (x86)/gnu tools arm embedded/4.9 2015q1/bin/../lib/gcc/arm-none-eabi/4.9.3/../../../../arm-none-eabi/lib/armv7e-m\libg.a(lib_a-init.o)
 .ARM.attributes
                0x0000052f       0x2e c:/program files (x86)/gnu tools arm embedded/4.9 2015q1/bin/../lib/gcc/arm-none-eabi/4.9.3/../../../../arm-none-eabi/lib/armv7e-m\libg.a(lib_a-memset.o)
 .ARM.attributes
                0x0000055d       0x2e c:/program files (x86)/gnu tools arm embedded/4.9 2015q1/bin/../lib/gcc/arm-none-eabi/4.9.3/../../../../arm-none-eabi/lib/armv7e-m\libg.a(lib_a-sprintf.o)
 .ARM.attributes
                0x0000058b       0x2e c:/program files (x86)/gnu tools arm embedded/4.9 2015q1/bin/../lib/gcc/arm-none-eabi/4.9.3/../../../../arm-none-eabi/lib/armv7e-m\libg.a(lib_a-svfprintf.o)
 .ARM.attributes
                0x000005b9       0x2e c:/program files (x86)/gnu tools arm embedded/4.9 2015q1/bin/../lib/gcc/arm-none-eabi/4.9.3/../../../../arm-none-eabi/lib/armv7e-m\libg.a(lib_a-__call_atexit.o)
 .ARM.attributes
                0x000005e7       0x2e c:/program files (x86)/gnu tools arm embedded/4.9 2015q1/bin/../lib/gcc/arm-none-eabi/4.9.3/../../../../arm-none-eabi/lib/armv7e-m\libg.a(lib_a-atexit.o)
 .ARM.attributes
                0x00000615       0x2e c:/program files (x86)/gnu tools arm embedded/4.9 2015q1/bin/../lib/gcc/arm-none-eabi/4.9.3/../../../../arm-none-eabi/lib/armv7e-m\libg.a(lib_a-dtoa.o)
 .ARM.attributes
                0x00000643       0x2e c:/program files (x86)/gnu tools arm embedded/4.9 2015q1/bin/../lib/gcc/arm-none-eabi/4.9.3/../../../../arm-none-eabi/lib/armv7e-m\libg.a(lib_a-fini.o)
 .ARM.attributes
                0x00000671       0x2e c:/program files (x86)/gnu tools arm embedded/4.9 2015q1/bin/../lib/gcc/arm-none-eabi/4.9.3/../../../../arm-none-eabi/lib/armv7e-m\libg.a(lib_a-locale.o)
 .ARM.attributes
                0x0000069f       0x2e c:/program files (x86)/gnu tools arm embedded/4.9 2015q1/bin/../lib/gcc/arm-none-eabi/4.9.3/../../../../arm-none-eabi/lib/armv7e-m\libg.a(lib_a-mallocr.o)
 .ARM.attributes
                0x000006cd       0x2e c:/program files (x86)/gnu tools arm embedded/4.9 2015q1/bin/../lib/gcc/arm-none-eabi/4.9.3/../../../../arm-none-eabi/lib/armv7e-m\libg.a(lib_a-memchr.o)
 .ARM.attributes
                0x000006fb       0x1c c:/program files (x86)/gnu tools arm embedded/4.9 2015q1/bin/../lib/gcc/arm-none-eabi/4.9.3/../../../../arm-none-eabi/lib/armv7e-m\libg.a(lib_a-memcpy.o)
 .ARM.attributes
                0x00000717       0x2e c:/program files (x86)/gnu tools arm embedded/4.9 2015q1/bin/../lib/gcc/arm-none-eabi/4.9.3/../../../../arm-none-eabi/lib/armv7e-m\libg.a(lib_a-mlock.o)
 .ARM.attributes
                0x00000745       0x2e c:/program files (x86)/gnu tools arm embedded/4.9 2015q1/bin/../lib/gcc/arm-none-eabi/4.9.3/../../../../arm-none-eabi/lib/armv7e-m\libg.a(lib_a-mprec.o)
 .ARM.attributes
                0x00000773       0x2e c:/program files (x86)/gnu tools arm embedded/4.9 2015q1/bin/../lib/gcc/arm-none-eabi/4.9.3/../../../../arm-none-eabi/lib/armv7e-m\libg.a(lib_a-sbrkr.o)
 .ARM.attributes
                0x000007a1       0x2e c:/program files (x86)/gnu tools arm embedded/4.9 2015q1/bin/../lib/gcc/arm-none-eabi/4.9.3/../../../../arm-none-eabi/lib/armv7e-m\libg.a(lib_a-strlen.o)
 .ARM.attributes
                0x000007cf       0x2e c:/program files (x86)/gnu tools arm embedded/4.9 2015q1/bin/../lib/gcc/arm-none-eabi/4.9.3/../../../../arm-none-eabi/lib/armv7e-m\libg.a(lib_a-svfiprintf.o)
 .ARM.attributes
                0x000007fd       0x2e c:/program files (x86)/gnu tools arm embedded/4.9 2015q1/bin/../lib/gcc/arm-none-eabi/4.9.3/../../../../arm-none-eabi/lib/armv7e-m\libg.a(lib_a-__atexit.o)
 .ARM.attributes
                0x0000082b       0x2e c:/program files (x86)/gnu tools arm embedded/4.9 2015q1/bin/../lib/gcc/arm-none-eabi/4.9.3/../../../../arm-none-eabi/lib/armv7e-m\libg.a(lib_a-callocr.o)
 .ARM.attributes
                0x00000859       0x2e c:/program files (x86)/gnu tools arm embedded/4.9 2015q1/bin/../lib/gcc/arm-none-eabi/4.9.3/../../../../arm-none-eabi/lib/armv7e-m\libg.a(lib_a-freer.o)
 .ARM.attributes
                0x00000887       0x2e c:/program files (x86)/gnu tools arm embedded/4.9 2015q1/bin/../lib/gcc/arm-none-eabi/4.9.3/../../../../arm-none-eabi/lib/armv7e-m\libg.a(lib_a-memmove.o)
 .ARM.attributes
                0x000008b5       0x2e c:/program files (x86)/gnu tools arm embedded/4.9 2015q1/bin/../lib/gcc/arm-none-eabi/4.9.3/../../../../arm-none-eabi/lib/armv7e-m\libg.a(lib_a-reallocr.o)
 .ARM.attributes
                0x000008e3       0x2e c:/program files (x86)/gnu tools arm embedded/4.9 2015q1/bin/../lib/gcc/arm-none-eabi/4.9.3/../../../../arm-none-eabi/lib/armv7e-m\libg.a(lib_a-reent.o)
 .ARM.attributes
                0x00000911       0x1e c:/program files (x86)/gnu tools arm embedded/4.9 2015q1/bin/../lib/gcc/arm-none-eabi/4.9.3/armv7e-m\libgcc.a(_aeabi_uldivmod.o)
 .ARM.attributes
                0x0000092f       0x2e c:/program files (x86)/gnu tools arm embedded/4.9 2015q1/bin/../lib/gcc/arm-none-eabi/4.9.3/armv7e-m\libgcc.a(bpabi.o)
 .ARM.attributes
                0x0000095d       0x1e c:/program files (x86)/gnu tools arm embedded/4.9 2015q1/bin/../lib/gcc/arm-none-eabi/4.9.3/armv7e-m\libgcc.a(_dvmd_tls.o)
 .ARM.attributes
                0x0000097b       0x2e c:/program files (x86)/gnu tools arm embedded/4.9 2015q1/bin/../lib/gcc/arm-none-eabi/4.9.3/armv7e-m\libgcc.a(_divdi3.o)
 .ARM.attributes
                0x000009a9       0x2e c:/program files (x86)/gnu tools arm embedded/4.9 2015q1/bin/../lib/gcc/arm-none-eabi/4.9.3/armv7e-m\libgcc.a(_udivdi3.o)
 .ARM.attributes
                0x000009d7       0x2e c:/program files (x86)/gnu tools arm embedded/4.9 2015q1/bin/../lib/gcc/arm-none-eabi/4.9.3/../../../../arm-none-eabi/lib/armv7e-m\libnosys.a(sbrk.o)
 .ARM.attributes
                0x00000a05       0x1e c:/program files (x86)/gnu tools arm embedded/4.9 2015q1/bin/../lib/gcc/arm-none-eabi/4.9.3/armv7e-m/crtn.o
OUTPUT(Diplomaterv.elf elf32-littlearm)

.debug_info     0x00000000     0x6de7
 .debug_info    0x00000000     0x2c5a C:\Users\SCHUST~1\AppData\Local\Temp\ccz4QCL7.ltrans0.ltrans.o
 .debug_info    0x00002c5a     0x1432 C:\Users\SCHUST~1\AppData\Local\Temp\ccz4QCL7.ltrans1.ltrans.o
 .debug_info    0x0000408c     0x1106 C:\Users\SCHUST~1\AppData\Local\Temp\ccz4QCL7.ltrans2.ltrans.o
 .debug_info    0x00005192     0x1bc0 C:\Users\SCHUST~1\AppData\Local\Temp\ccz4QCL7.ltrans3.ltrans.o
 .debug_info    0x00006d52       0x95 ./Drivers/CMSIS/Device/ST/STM32F3xx/Source/Templates/gcc/startup_stm32f303xc.o

.debug_abbrev   0x00000000      0xbb8
 .debug_abbrev  0x00000000      0x34c C:\Users\SCHUST~1\AppData\Local\Temp\ccz4QCL7.ltrans0.ltrans.o
 .debug_abbrev  0x0000034c      0x2d5 C:\Users\SCHUST~1\AppData\Local\Temp\ccz4QCL7.ltrans1.ltrans.o
 .debug_abbrev  0x00000621      0x2de C:\Users\SCHUST~1\AppData\Local\Temp\ccz4QCL7.ltrans2.ltrans.o
 .debug_abbrev  0x000008ff      0x2a7 C:\Users\SCHUST~1\AppData\Local\Temp\ccz4QCL7.ltrans3.ltrans.o
 .debug_abbrev  0x00000ba6       0x12 ./Drivers/CMSIS/Device/ST/STM32F3xx/Source/Templates/gcc/startup_stm32f303xc.o

.debug_loc      0x00000000     0x36e3
 .debug_loc     0x00000000     0x11cf C:\Users\SCHUST~1\AppData\Local\Temp\ccz4QCL7.ltrans0.ltrans.o
 .debug_loc     0x000011cf      0xeba C:\Users\SCHUST~1\AppData\Local\Temp\ccz4QCL7.ltrans1.ltrans.o
 .debug_loc     0x00002089      0x49a C:\Users\SCHUST~1\AppData\Local\Temp\ccz4QCL7.ltrans2.ltrans.o
 .debug_loc     0x00002523     0x11c0 C:\Users\SCHUST~1\AppData\Local\Temp\ccz4QCL7.ltrans3.ltrans.o

.debug_aranges  0x00000000      0x320
 .debug_aranges
                0x00000000       0xe0 C:\Users\SCHUST~1\AppData\Local\Temp\ccz4QCL7.ltrans0.ltrans.o
 .debug_aranges
                0x000000e0       0xf8 C:\Users\SCHUST~1\AppData\Local\Temp\ccz4QCL7.ltrans1.ltrans.o
 .debug_aranges
                0x000001d8       0x98 C:\Users\SCHUST~1\AppData\Local\Temp\ccz4QCL7.ltrans2.ltrans.o
 .debug_aranges
                0x00000270       0x88 C:\Users\SCHUST~1\AppData\Local\Temp\ccz4QCL7.ltrans3.ltrans.o
 .debug_aranges
                0x000002f8       0x28 ./Drivers/CMSIS/Device/ST/STM32F3xx/Source/Templates/gcc/startup_stm32f303xc.o

.debug_ranges   0x00000000      0x2f0
 .debug_ranges  0x00000000       0xd0 C:\Users\SCHUST~1\AppData\Local\Temp\ccz4QCL7.ltrans0.ltrans.o
 .debug_ranges  0x000000d0       0xe8 C:\Users\SCHUST~1\AppData\Local\Temp\ccz4QCL7.ltrans1.ltrans.o
 .debug_ranges  0x000001b8       0x88 C:\Users\SCHUST~1\AppData\Local\Temp\ccz4QCL7.ltrans2.ltrans.o
 .debug_ranges  0x00000240       0x90 C:\Users\SCHUST~1\AppData\Local\Temp\ccz4QCL7.ltrans3.ltrans.o
 .debug_ranges  0x000002d0       0x20 ./Drivers/CMSIS/Device/ST/STM32F3xx/Source/Templates/gcc/startup_stm32f303xc.o

.debug_line     0x00000000     0x1ba8
 .debug_line    0x00000000      0x718 C:\Users\SCHUST~1\AppData\Local\Temp\ccz4QCL7.ltrans0.ltrans.o
 .debug_line    0x00000718      0x7af C:\Users\SCHUST~1\AppData\Local\Temp\ccz4QCL7.ltrans1.ltrans.o
 .debug_line    0x00000ec7      0x55d C:\Users\SCHUST~1\AppData\Local\Temp\ccz4QCL7.ltrans2.ltrans.o
 .debug_line    0x00001424      0x6d6 C:\Users\SCHUST~1\AppData\Local\Temp\ccz4QCL7.ltrans3.ltrans.o
 .debug_line    0x00001afa       0xae ./Drivers/CMSIS/Device/ST/STM32F3xx/Source/Templates/gcc/startup_stm32f303xc.o

.debug_str      0x00000000     0x1aab
 .debug_str     0x00000000     0x150d C:\Users\SCHUST~1\AppData\Local\Temp\ccz4QCL7.ltrans0.ltrans.o
                               0x1591 (size before relaxing)
 .debug_str     0x0000150d      0x298 C:\Users\SCHUST~1\AppData\Local\Temp\ccz4QCL7.ltrans1.ltrans.o
                                0xb50 (size before relaxing)
 .debug_str     0x000017a5      0x1dd C:\Users\SCHUST~1\AppData\Local\Temp\ccz4QCL7.ltrans2.ltrans.o
                               0x10c6 (size before relaxing)
 .debug_str     0x00001982      0x129 C:\Users\SCHUST~1\AppData\Local\Temp\ccz4QCL7.ltrans3.ltrans.o
                                0xe7c (size before relaxing)

.comment        0x00000000       0x70
 .comment       0x00000000       0x70 C:\Users\SCHUST~1\AppData\Local\Temp\ccz4QCL7.ltrans0.ltrans.o
                                 0x71 (size before relaxing)
 .comment       0x00000000       0x71 C:\Users\SCHUST~1\AppData\Local\Temp\ccz4QCL7.ltrans1.ltrans.o
 .comment       0x00000000       0x71 C:\Users\SCHUST~1\AppData\Local\Temp\ccz4QCL7.ltrans2.ltrans.o
 .comment       0x00000000       0x71 C:\Users\SCHUST~1\AppData\Local\Temp\ccz4QCL7.ltrans3.ltrans.o

.debug_frame    0x00000000     0x14f8
 .debug_frame   0x00000000      0x2d4 C:\Users\SCHUST~1\AppData\Local\Temp\ccz4QCL7.ltrans0.ltrans.o
 .debug_frame   0x000002d4      0x2a8 C:\Users\SCHUST~1\AppData\Local\Temp\ccz4QCL7.ltrans1.ltrans.o
 .debug_frame   0x0000057c      0x190 C:\Users\SCHUST~1\AppData\Local\Temp\ccz4QCL7.ltrans2.ltrans.o
 .debug_frame   0x0000070c      0x164 C:\Users\SCHUST~1\AppData\Local\Temp\ccz4QCL7.ltrans3.ltrans.o
 .debug_frame   0x00000870       0x38 c:/program files (x86)/gnu tools arm embedded/4.9 2015q1/bin/../lib/gcc/arm-none-eabi/4.9.3/../../../../arm-none-eabi/lib/armv7e-m\libm.a(lib_a-s_sin.o)
 .debug_frame   0x000008a8       0x44 c:/program files (x86)/gnu tools arm embedded/4.9 2015q1/bin/../lib/gcc/arm-none-eabi/4.9.3/../../../../arm-none-eabi/lib/armv7e-m\libm.a(lib_a-w_sqrt.o)
 .debug_frame   0x000008ec       0x48 c:/program files (x86)/gnu tools arm embedded/4.9 2015q1/bin/../lib/gcc/arm-none-eabi/4.9.3/../../../../arm-none-eabi/lib/armv7e-m\libm.a(lib_a-e_rem_pio2.o)
 .debug_frame   0x00000934       0x34 c:/program files (x86)/gnu tools arm embedded/4.9 2015q1/bin/../lib/gcc/arm-none-eabi/4.9.3/../../../../arm-none-eabi/lib/armv7e-m\libm.a(lib_a-e_sqrt.o)
 .debug_frame   0x00000968       0x4c c:/program files (x86)/gnu tools arm embedded/4.9 2015q1/bin/../lib/gcc/arm-none-eabi/4.9.3/../../../../arm-none-eabi/lib/armv7e-m\libm.a(lib_a-k_cos.o)
 .debug_frame   0x000009b4       0x54 c:/program files (x86)/gnu tools arm embedded/4.9 2015q1/bin/../lib/gcc/arm-none-eabi/4.9.3/../../../../arm-none-eabi/lib/armv7e-m\libm.a(lib_a-k_rem_pio2.o)
 .debug_frame   0x00000a08       0x48 c:/program files (x86)/gnu tools arm embedded/4.9 2015q1/bin/../lib/gcc/arm-none-eabi/4.9.3/../../../../arm-none-eabi/lib/armv7e-m\libm.a(lib_a-k_sin.o)
 .debug_frame   0x00000a50       0x20 c:/program files (x86)/gnu tools arm embedded/4.9 2015q1/bin/../lib/gcc/arm-none-eabi/4.9.3/../../../../arm-none-eabi/lib/armv7e-m\libm.a(lib_a-s_fabs.o)
 .debug_frame   0x00000a70       0x34 c:/program files (x86)/gnu tools arm embedded/4.9 2015q1/bin/../lib/gcc/arm-none-eabi/4.9.3/../../../../arm-none-eabi/lib/armv7e-m\libm.a(lib_a-s_floor.o)
 .debug_frame   0x00000aa4       0x34 c:/program files (x86)/gnu tools arm embedded/4.9 2015q1/bin/../lib/gcc/arm-none-eabi/4.9.3/../../../../arm-none-eabi/lib/armv7e-m\libm.a(lib_a-s_fpclassify.o)
 .debug_frame   0x00000ad8       0x20 c:/program files (x86)/gnu tools arm embedded/4.9 2015q1/bin/../lib/gcc/arm-none-eabi/4.9.3/../../../../arm-none-eabi/lib/armv7e-m\libm.a(lib_a-s_matherr.o)
 .debug_frame   0x00000af8       0x30 c:/program files (x86)/gnu tools arm embedded/4.9 2015q1/bin/../lib/gcc/arm-none-eabi/4.9.3/../../../../arm-none-eabi/lib/armv7e-m\libm.a(lib_a-s_scalbn.o)
 .debug_frame   0x00000b28       0x20 c:/program files (x86)/gnu tools arm embedded/4.9 2015q1/bin/../lib/gcc/arm-none-eabi/4.9.3/../../../../arm-none-eabi/lib/armv7e-m\libm.a(lib_a-s_copysign.o)
 .debug_frame   0x00000b48       0x20 c:/program files (x86)/gnu tools arm embedded/4.9 2015q1/bin/../lib/gcc/arm-none-eabi/4.9.3/../../../../arm-none-eabi/lib/armv7e-m\libg.a(lib_a-errno.o)
 .debug_frame   0x00000b68       0x2c c:/program files (x86)/gnu tools arm embedded/4.9 2015q1/bin/../lib/gcc/arm-none-eabi/4.9.3/../../../../arm-none-eabi/lib/armv7e-m\libg.a(lib_a-init.o)
 .debug_frame   0x00000b94       0x34 c:/program files (x86)/gnu tools arm embedded/4.9 2015q1/bin/../lib/gcc/arm-none-eabi/4.9.3/../../../../arm-none-eabi/lib/armv7e-m\libg.a(lib_a-memset.o)
 .debug_frame   0x00000bc8       0x84 c:/program files (x86)/gnu tools arm embedded/4.9 2015q1/bin/../lib/gcc/arm-none-eabi/4.9.3/../../../../arm-none-eabi/lib/armv7e-m\libg.a(lib_a-sprintf.o)
 .debug_frame   0x00000c4c       0x40 c:/program files (x86)/gnu tools arm embedded/4.9 2015q1/bin/../lib/gcc/arm-none-eabi/4.9.3/../../../../arm-none-eabi/lib/armv7e-m\libg.a(lib_a-svfprintf.o)
 .debug_frame   0x00000c8c       0x50 c:/program files (x86)/gnu tools arm embedded/4.9 2015q1/bin/../lib/gcc/arm-none-eabi/4.9.3/../../../../arm-none-eabi/lib/armv7e-m\libg.a(lib_a-__call_atexit.o)
 .debug_frame   0x00000cdc       0x20 c:/program files (x86)/gnu tools arm embedded/4.9 2015q1/bin/../lib/gcc/arm-none-eabi/4.9.3/../../../../arm-none-eabi/lib/armv7e-m\libg.a(lib_a-atexit.o)
 .debug_frame   0x00000cfc       0x88 c:/program files (x86)/gnu tools arm embedded/4.9 2015q1/bin/../lib/gcc/arm-none-eabi/4.9.3/../../../../arm-none-eabi/lib/armv7e-m\libg.a(lib_a-dtoa.o)
 .debug_frame   0x00000d84       0x34 c:/program files (x86)/gnu tools arm embedded/4.9 2015q1/bin/../lib/gcc/arm-none-eabi/4.9.3/../../../../arm-none-eabi/lib/armv7e-m\libg.a(lib_a-fini.o)
 .debug_frame   0x00000db8       0x9c c:/program files (x86)/gnu tools arm embedded/4.9 2015q1/bin/../lib/gcc/arm-none-eabi/4.9.3/../../../../arm-none-eabi/lib/armv7e-m\libg.a(lib_a-locale.o)
 .debug_frame   0x00000e54       0x58 c:/program files (x86)/gnu tools arm embedded/4.9 2015q1/bin/../lib/gcc/arm-none-eabi/4.9.3/../../../../arm-none-eabi/lib/armv7e-m\libg.a(lib_a-mallocr.o)
 .debug_frame   0x00000eac       0x3c c:/program files (x86)/gnu tools arm embedded/4.9 2015q1/bin/../lib/gcc/arm-none-eabi/4.9.3/../../../../arm-none-eabi/lib/armv7e-m\libg.a(lib_a-memchr.o)
 .debug_frame   0x00000ee8       0x30 c:/program files (x86)/gnu tools arm embedded/4.9 2015q1/bin/../lib/gcc/arm-none-eabi/4.9.3/../../../../arm-none-eabi/lib/armv7e-m\libg.a(lib_a-mlock.o)
 .debug_frame   0x00000f18      0x268 c:/program files (x86)/gnu tools arm embedded/4.9 2015q1/bin/../lib/gcc/arm-none-eabi/4.9.3/../../../../arm-none-eabi/lib/armv7e-m\libg.a(lib_a-mprec.o)
 .debug_frame   0x00001180       0x2c c:/program files (x86)/gnu tools arm embedded/4.9 2015q1/bin/../lib/gcc/arm-none-eabi/4.9.3/../../../../arm-none-eabi/lib/armv7e-m\libg.a(lib_a-sbrkr.o)
 .debug_frame   0x000011ac       0x20 c:/program files (x86)/gnu tools arm embedded/4.9 2015q1/bin/../lib/gcc/arm-none-eabi/4.9.3/../../../../arm-none-eabi/lib/armv7e-m\libg.a(lib_a-strlen.o)
 .debug_frame   0x000011cc       0x78 c:/program files (x86)/gnu tools arm embedded/4.9 2015q1/bin/../lib/gcc/arm-none-eabi/4.9.3/../../../../arm-none-eabi/lib/armv7e-m\libg.a(lib_a-svfiprintf.o)
 .debug_frame   0x00001244       0x34 c:/program files (x86)/gnu tools arm embedded/4.9 2015q1/bin/../lib/gcc/arm-none-eabi/4.9.3/../../../../arm-none-eabi/lib/armv7e-m\libg.a(lib_a-__atexit.o)
 .debug_frame   0x00001278       0x28 c:/program files (x86)/gnu tools arm embedded/4.9 2015q1/bin/../lib/gcc/arm-none-eabi/4.9.3/../../../../arm-none-eabi/lib/armv7e-m\libg.a(lib_a-callocr.o)
 .debug_frame   0x000012a0       0x74 c:/program files (x86)/gnu tools arm embedded/4.9 2015q1/bin/../lib/gcc/arm-none-eabi/4.9.3/../../../../arm-none-eabi/lib/armv7e-m\libg.a(lib_a-freer.o)
 .debug_frame   0x00001314       0x30 c:/program files (x86)/gnu tools arm embedded/4.9 2015q1/bin/../lib/gcc/arm-none-eabi/4.9.3/../../../../arm-none-eabi/lib/armv7e-m\libg.a(lib_a-memmove.o)
 .debug_frame   0x00001344       0x60 c:/program files (x86)/gnu tools arm embedded/4.9 2015q1/bin/../lib/gcc/arm-none-eabi/4.9.3/../../../../arm-none-eabi/lib/armv7e-m\libg.a(lib_a-reallocr.o)
 .debug_frame   0x000013a4       0x58 c:/program files (x86)/gnu tools arm embedded/4.9 2015q1/bin/../lib/gcc/arm-none-eabi/4.9.3/../../../../arm-none-eabi/lib/armv7e-m\libg.a(lib_a-reent.o)
 .debug_frame   0x000013fc       0x28 c:/program files (x86)/gnu tools arm embedded/4.9 2015q1/bin/../lib/gcc/arm-none-eabi/4.9.3/armv7e-m\libgcc.a(_aeabi_uldivmod.o)
 .debug_frame   0x00001424       0x50 c:/program files (x86)/gnu tools arm embedded/4.9 2015q1/bin/../lib/gcc/arm-none-eabi/4.9.3/armv7e-m\libgcc.a(bpabi.o)
 .debug_frame   0x00001474       0x34 c:/program files (x86)/gnu tools arm embedded/4.9 2015q1/bin/../lib/gcc/arm-none-eabi/4.9.3/armv7e-m\libgcc.a(_divdi3.o)
 .debug_frame   0x000014a8       0x30 c:/program files (x86)/gnu tools arm embedded/4.9 2015q1/bin/../lib/gcc/arm-none-eabi/4.9.3/armv7e-m\libgcc.a(_udivdi3.o)
 .debug_frame   0x000014d8       0x20 c:/program files (x86)/gnu tools arm embedded/4.9 2015q1/bin/../lib/gcc/arm-none-eabi/4.9.3/../../../../arm-none-eabi/lib/armv7e-m\libnosys.a(sbrk.o)
