Archive member included because of file (symbol)

c:/program files (x86)/gnu tools arm embedded/4.9 2015q1/bin/../lib/gcc/arm-none-eabi/4.9.3/../../../../arm-none-eabi/lib/armv7e-m\libm.a(lib_a-s_sin.o)
                              ./src/stm32f3xx_it.o (symbol from plugin) (sin)
c:/program files (x86)/gnu tools arm embedded/4.9 2015q1/bin/../lib/gcc/arm-none-eabi/4.9.3/../../../../arm-none-eabi/lib/armv7e-m\libm.a(lib_a-w_sqrt.o)
                              ./src/stm32f3xx_it.o (symbol from plugin) (sqrt)
c:/program files (x86)/gnu tools arm embedded/4.9 2015q1/bin/../lib/gcc/arm-none-eabi/4.9.3/../../../../arm-none-eabi/lib/armv7e-m\libm.a(lib_a-e_rem_pio2.o)
                              c:/program files (x86)/gnu tools arm embedded/4.9 2015q1/bin/../lib/gcc/arm-none-eabi/4.9.3/../../../../arm-none-eabi/lib/armv7e-m\libm.a(lib_a-s_sin.o) (__ieee754_rem_pio2)
c:/program files (x86)/gnu tools arm embedded/4.9 2015q1/bin/../lib/gcc/arm-none-eabi/4.9.3/../../../../arm-none-eabi/lib/armv7e-m\libm.a(lib_a-e_sqrt.o)
                              c:/program files (x86)/gnu tools arm embedded/4.9 2015q1/bin/../lib/gcc/arm-none-eabi/4.9.3/../../../../arm-none-eabi/lib/armv7e-m\libm.a(lib_a-w_sqrt.o) (__ieee754_sqrt)
c:/program files (x86)/gnu tools arm embedded/4.9 2015q1/bin/../lib/gcc/arm-none-eabi/4.9.3/../../../../arm-none-eabi/lib/armv7e-m\libm.a(lib_a-k_cos.o)
                              c:/program files (x86)/gnu tools arm embedded/4.9 2015q1/bin/../lib/gcc/arm-none-eabi/4.9.3/../../../../arm-none-eabi/lib/armv7e-m\libm.a(lib_a-s_sin.o) (__kernel_cos)
c:/program files (x86)/gnu tools arm embedded/4.9 2015q1/bin/../lib/gcc/arm-none-eabi/4.9.3/../../../../arm-none-eabi/lib/armv7e-m\libm.a(lib_a-k_rem_pio2.o)
                              c:/program files (x86)/gnu tools arm embedded/4.9 2015q1/bin/../lib/gcc/arm-none-eabi/4.9.3/../../../../arm-none-eabi/lib/armv7e-m\libm.a(lib_a-e_rem_pio2.o) (__kernel_rem_pio2)
c:/program files (x86)/gnu tools arm embedded/4.9 2015q1/bin/../lib/gcc/arm-none-eabi/4.9.3/../../../../arm-none-eabi/lib/armv7e-m\libm.a(lib_a-k_sin.o)
                              c:/program files (x86)/gnu tools arm embedded/4.9 2015q1/bin/../lib/gcc/arm-none-eabi/4.9.3/../../../../arm-none-eabi/lib/armv7e-m\libm.a(lib_a-s_sin.o) (__kernel_sin)
c:/program files (x86)/gnu tools arm embedded/4.9 2015q1/bin/../lib/gcc/arm-none-eabi/4.9.3/../../../../arm-none-eabi/lib/armv7e-m\libm.a(lib_a-s_fabs.o)
                              c:/program files (x86)/gnu tools arm embedded/4.9 2015q1/bin/../lib/gcc/arm-none-eabi/4.9.3/../../../../arm-none-eabi/lib/armv7e-m\libm.a(lib_a-e_rem_pio2.o) (fabs)
c:/program files (x86)/gnu tools arm embedded/4.9 2015q1/bin/../lib/gcc/arm-none-eabi/4.9.3/../../../../arm-none-eabi/lib/armv7e-m\libm.a(lib_a-s_floor.o)
                              c:/program files (x86)/gnu tools arm embedded/4.9 2015q1/bin/../lib/gcc/arm-none-eabi/4.9.3/../../../../arm-none-eabi/lib/armv7e-m\libm.a(lib_a-k_rem_pio2.o) (floor)
c:/program files (x86)/gnu tools arm embedded/4.9 2015q1/bin/../lib/gcc/arm-none-eabi/4.9.3/../../../../arm-none-eabi/lib/armv7e-m\libm.a(lib_a-s_fpclassify.o)
                              c:/program files (x86)/gnu tools arm embedded/4.9 2015q1/bin/../lib/gcc/arm-none-eabi/4.9.3/../../../../arm-none-eabi/lib/armv7e-m\libm.a(lib_a-w_sqrt.o) (__fpclassifyd)
c:/program files (x86)/gnu tools arm embedded/4.9 2015q1/bin/../lib/gcc/arm-none-eabi/4.9.3/../../../../arm-none-eabi/lib/armv7e-m\libm.a(lib_a-s_lib_ver.o)
                              c:/program files (x86)/gnu tools arm embedded/4.9 2015q1/bin/../lib/gcc/arm-none-eabi/4.9.3/../../../../arm-none-eabi/lib/armv7e-m\libm.a(lib_a-w_sqrt.o) (__fdlib_version)
c:/program files (x86)/gnu tools arm embedded/4.9 2015q1/bin/../lib/gcc/arm-none-eabi/4.9.3/../../../../arm-none-eabi/lib/armv7e-m\libm.a(lib_a-s_matherr.o)
                              c:/program files (x86)/gnu tools arm embedded/4.9 2015q1/bin/../lib/gcc/arm-none-eabi/4.9.3/../../../../arm-none-eabi/lib/armv7e-m\libm.a(lib_a-w_sqrt.o) (matherr)
c:/program files (x86)/gnu tools arm embedded/4.9 2015q1/bin/../lib/gcc/arm-none-eabi/4.9.3/../../../../arm-none-eabi/lib/armv7e-m\libm.a(lib_a-s_scalbn.o)
                              c:/program files (x86)/gnu tools arm embedded/4.9 2015q1/bin/../lib/gcc/arm-none-eabi/4.9.3/../../../../arm-none-eabi/lib/armv7e-m\libm.a(lib_a-k_rem_pio2.o) (scalbn)
c:/program files (x86)/gnu tools arm embedded/4.9 2015q1/bin/../lib/gcc/arm-none-eabi/4.9.3/../../../../arm-none-eabi/lib/armv7e-m\libm.a(lib_a-s_copysign.o)
                              c:/program files (x86)/gnu tools arm embedded/4.9 2015q1/bin/../lib/gcc/arm-none-eabi/4.9.3/../../../../arm-none-eabi/lib/armv7e-m\libm.a(lib_a-s_scalbn.o) (copysign)
c:/program files (x86)/gnu tools arm embedded/4.9 2015q1/bin/../lib/gcc/arm-none-eabi/4.9.3/armv7e-m\libgcc.a(_arm_addsubdf3.o)
                              c:/program files (x86)/gnu tools arm embedded/4.9 2015q1/bin/../lib/gcc/arm-none-eabi/4.9.3/../../../../arm-none-eabi/lib/armv7e-m\libm.a(lib_a-s_sin.o) (__aeabi_dsub)
c:/program files (x86)/gnu tools arm embedded/4.9 2015q1/bin/../lib/gcc/arm-none-eabi/4.9.3/armv7e-m\libgcc.a(_arm_muldivdf3.o)
                              c:/program files (x86)/gnu tools arm embedded/4.9 2015q1/bin/../lib/gcc/arm-none-eabi/4.9.3/../../../../arm-none-eabi/lib/armv7e-m\libm.a(lib_a-e_rem_pio2.o) (__aeabi_dmul)
c:/program files (x86)/gnu tools arm embedded/4.9 2015q1/bin/../lib/gcc/arm-none-eabi/4.9.3/armv7e-m\libgcc.a(_arm_cmpdf2.o)
                              c:/program files (x86)/gnu tools arm embedded/4.9 2015q1/bin/../lib/gcc/arm-none-eabi/4.9.3/../../../../arm-none-eabi/lib/armv7e-m\libm.a(lib_a-e_rem_pio2.o) (__aeabi_dcmpeq)
c:/program files (x86)/gnu tools arm embedded/4.9 2015q1/bin/../lib/gcc/arm-none-eabi/4.9.3/armv7e-m\libgcc.a(_arm_fixdfsi.o)
                              c:/program files (x86)/gnu tools arm embedded/4.9 2015q1/bin/../lib/gcc/arm-none-eabi/4.9.3/../../../../arm-none-eabi/lib/armv7e-m\libm.a(lib_a-e_rem_pio2.o) (__aeabi_d2iz)
c:/program files (x86)/gnu tools arm embedded/4.9 2015q1/bin/../lib/gcc/arm-none-eabi/4.9.3/../../../../arm-none-eabi/lib/armv7e-m\libg_nano.a(lib_a-errno.o)
                              c:/program files (x86)/gnu tools arm embedded/4.9 2015q1/bin/../lib/gcc/arm-none-eabi/4.9.3/../../../../arm-none-eabi/lib/armv7e-m\libm.a(lib_a-w_sqrt.o) (__errno)
c:/program files (x86)/gnu tools arm embedded/4.9 2015q1/bin/../lib/gcc/arm-none-eabi/4.9.3/../../../../arm-none-eabi/lib/armv7e-m\libg_nano.a(lib_a-exit.o)
                              c:/program files (x86)/gnu tools arm embedded/4.9 2015q1/bin/../lib/gcc/arm-none-eabi/4.9.3/../../../../arm-none-eabi/lib/armv7e-m/crt0.o (exit)
c:/program files (x86)/gnu tools arm embedded/4.9 2015q1/bin/../lib/gcc/arm-none-eabi/4.9.3/../../../../arm-none-eabi/lib/armv7e-m\libg_nano.a(lib_a-impure.o)
                              c:/program files (x86)/gnu tools arm embedded/4.9 2015q1/bin/../lib/gcc/arm-none-eabi/4.9.3/../../../../arm-none-eabi/lib/armv7e-m\libg_nano.a(lib_a-exit.o) (_global_impure_ptr)
c:/program files (x86)/gnu tools arm embedded/4.9 2015q1/bin/../lib/gcc/arm-none-eabi/4.9.3/../../../../arm-none-eabi/lib/armv7e-m\libg_nano.a(lib_a-init.o)
                              c:/program files (x86)/gnu tools arm embedded/4.9 2015q1/bin/../lib/gcc/arm-none-eabi/4.9.3/../../../../arm-none-eabi/lib/armv7e-m/crt0.o (__libc_init_array)
c:/program files (x86)/gnu tools arm embedded/4.9 2015q1/bin/../lib/gcc/arm-none-eabi/4.9.3/../../../../arm-none-eabi/lib/armv7e-m\libg_nano.a(lib_a-memset.o)
                              c:/program files (x86)/gnu tools arm embedded/4.9 2015q1/bin/../lib/gcc/arm-none-eabi/4.9.3/../../../../arm-none-eabi/lib/armv7e-m/crt0.o (memset)
c:/program files (x86)/gnu tools arm embedded/4.9 2015q1/bin/../lib/gcc/arm-none-eabi/4.9.3/armv7e-m\libgcc.a(_arm_addsubsf3.o)
                              C:\Users\SCHUST~1\AppData\Local\Temp\ccqh8S3A.ltrans0.ltrans.o (__aeabi_fadd)
c:/program files (x86)/gnu tools arm embedded/4.9 2015q1/bin/../lib/gcc/arm-none-eabi/4.9.3/armv7e-m\libgcc.a(_arm_muldivsf3.o)
                              C:\Users\SCHUST~1\AppData\Local\Temp\ccqh8S3A.ltrans0.ltrans.o (__aeabi_fmul)
c:/program files (x86)/gnu tools arm embedded/4.9 2015q1/bin/../lib/gcc/arm-none-eabi/4.9.3/armv7e-m\libgcc.a(_arm_cmpsf2.o)
                              C:\Users\SCHUST~1\AppData\Local\Temp\ccqh8S3A.ltrans0.ltrans.o (__aeabi_fcmple)
c:/program files (x86)/gnu tools arm embedded/4.9 2015q1/bin/../lib/gcc/arm-none-eabi/4.9.3/armv7e-m\libgcc.a(_arm_fixunssfsi.o)
                              C:\Users\SCHUST~1\AppData\Local\Temp\ccqh8S3A.ltrans0.ltrans.o (__aeabi_f2uiz)

Allocating common symbols
Common symbol       size              file

hadc2               0x54              ./src/adc.o (symbol from plugin)
IOUT                0x4               ./src/stm32f3xx_it.o (symbol from plugin)
pFlash              0x20              ./Drivers/STM32F3xx_HAL_Driver/Src/stm32f3xx_hal_flash.o (symbol from plugin)
Uin                 0x4               ./src/stm32f3xx_it.o (symbol from plugin)
htim3               0x3c              ./src/tim.o (symbol from plugin)
hadc1               0x54              ./src/adc.o (symbol from plugin)
hadc3               0x54              ./src/adc.o (symbol from plugin)
Boost_current       0x4               ./src/stm32f3xx_it.o (symbol from plugin)
htim1               0x3c              ./src/tim.o (symbol from plugin)
hadc4               0x54              ./src/adc.o (symbol from plugin)
htim16              0x3c              ./src/tim.o (symbol from plugin)

Discarded input sections

 .text          0x00000000        0x0 c:/program files (x86)/gnu tools arm embedded/4.9 2015q1/bin/../lib/gcc/arm-none-eabi/4.9.3/armv7e-m/crti.o
 .data          0x00000000        0x0 c:/program files (x86)/gnu tools arm embedded/4.9 2015q1/bin/../lib/gcc/arm-none-eabi/4.9.3/armv7e-m/crti.o
 .bss           0x00000000        0x0 c:/program files (x86)/gnu tools arm embedded/4.9 2015q1/bin/../lib/gcc/arm-none-eabi/4.9.3/armv7e-m/crti.o
 .data          0x00000000        0x4 c:/program files (x86)/gnu tools arm embedded/4.9 2015q1/bin/../lib/gcc/arm-none-eabi/4.9.3/armv7e-m/crtbegin.o
 .text          0x00000000       0x74 c:/program files (x86)/gnu tools arm embedded/4.9 2015q1/bin/../lib/gcc/arm-none-eabi/4.9.3/../../../../arm-none-eabi/lib/armv7e-m/crt0.o
 .data          0x00000000        0x0 c:/program files (x86)/gnu tools arm embedded/4.9 2015q1/bin/../lib/gcc/arm-none-eabi/4.9.3/../../../../arm-none-eabi/lib/armv7e-m/crt0.o
 .bss           0x00000000        0x0 c:/program files (x86)/gnu tools arm embedded/4.9 2015q1/bin/../lib/gcc/arm-none-eabi/4.9.3/../../../../arm-none-eabi/lib/armv7e-m/crt0.o
 .ARM.extab     0x00000000        0x0 c:/program files (x86)/gnu tools arm embedded/4.9 2015q1/bin/../lib/gcc/arm-none-eabi/4.9.3/../../../../arm-none-eabi/lib/armv7e-m/crt0.o
 .ARM.exidx     0x00000000        0x8 c:/program files (x86)/gnu tools arm embedded/4.9 2015q1/bin/../lib/gcc/arm-none-eabi/4.9.3/../../../../arm-none-eabi/lib/armv7e-m/crt0.o
 .ARM.attributes
                0x00000000       0x1c c:/program files (x86)/gnu tools arm embedded/4.9 2015q1/bin/../lib/gcc/arm-none-eabi/4.9.3/../../../../arm-none-eabi/lib/armv7e-m/crt0.o
 .text          0x00000000        0x0 ./src/LCD.o (symbol from plugin)
 .text          0x00000000        0x0 C:\Users\SCHUST~1\AppData\Local\Temp\ccqh8S3A.ltrans0.ltrans.o
 .data          0x00000000        0x0 C:\Users\SCHUST~1\AppData\Local\Temp\ccqh8S3A.ltrans0.ltrans.o
 .bss           0x00000000        0x0 C:\Users\SCHUST~1\AppData\Local\Temp\ccqh8S3A.ltrans0.ltrans.o
 .text.HAL_SYSTICK_Callback
                0x00000000        0x4 C:\Users\SCHUST~1\AppData\Local\Temp\ccqh8S3A.ltrans0.ltrans.o
 .text.HAL_SYSTICK_IRQHandler
                0x00000000        0x4 C:\Users\SCHUST~1\AppData\Local\Temp\ccqh8S3A.ltrans0.ltrans.o
 .text.HAL_ADCEx_LevelOutOfWindow3Callback
                0x00000000        0x4 C:\Users\SCHUST~1\AppData\Local\Temp\ccqh8S3A.ltrans0.ltrans.o
 .text.HAL_ADCEx_LevelOutOfWindow2Callback
                0x00000000        0x4 C:\Users\SCHUST~1\AppData\Local\Temp\ccqh8S3A.ltrans0.ltrans.o
 .text.HAL_ADCEx_InjectedQueueOverflowCallback
                0x00000000        0x4 C:\Users\SCHUST~1\AppData\Local\Temp\ccqh8S3A.ltrans0.ltrans.o
 .text.HAL_ADCEx_InjectedConvCpltCallback
                0x00000000        0x4 C:\Users\SCHUST~1\AppData\Local\Temp\ccqh8S3A.ltrans0.ltrans.o
 .text.HAL_ADC_ErrorCallback
                0x00000000        0x4 C:\Users\SCHUST~1\AppData\Local\Temp\ccqh8S3A.ltrans0.ltrans.o
 .text.HAL_ADC_LevelOutOfWindowCallback
                0x00000000        0x4 C:\Users\SCHUST~1\AppData\Local\Temp\ccqh8S3A.ltrans0.ltrans.o
 .text.HAL_ADC_ConvCpltCallback
                0x00000000        0x4 C:\Users\SCHUST~1\AppData\Local\Temp\ccqh8S3A.ltrans0.ltrans.o
 .text          0x00000000        0x0 C:\Users\SCHUST~1\AppData\Local\Temp\ccqh8S3A.ltrans1.ltrans.o
 .data          0x00000000        0x0 C:\Users\SCHUST~1\AppData\Local\Temp\ccqh8S3A.ltrans1.ltrans.o
 .bss           0x00000000        0x0 C:\Users\SCHUST~1\AppData\Local\Temp\ccqh8S3A.ltrans1.ltrans.o
 .text.HAL_TIM_PWM_MspInit
                0x00000000        0x4 C:\Users\SCHUST~1\AppData\Local\Temp\ccqh8S3A.ltrans1.ltrans.o
 .text.HAL_TIM_Base_MspInit
                0x00000000        0x4 C:\Users\SCHUST~1\AppData\Local\Temp\ccqh8S3A.ltrans1.ltrans.o
 .text          0x00000000        0x0 C:\Users\SCHUST~1\AppData\Local\Temp\ccqh8S3A.ltrans2.ltrans.o
 .data          0x00000000        0x0 C:\Users\SCHUST~1\AppData\Local\Temp\ccqh8S3A.ltrans2.ltrans.o
 .bss           0x00000000        0x0 C:\Users\SCHUST~1\AppData\Local\Temp\ccqh8S3A.ltrans2.ltrans.o
 .text.HAL_TIMEx_BreakCallback
                0x00000000        0x4 C:\Users\SCHUST~1\AppData\Local\Temp\ccqh8S3A.ltrans2.ltrans.o
 .text.HAL_TIMEx_CommutationCallback
                0x00000000        0x4 C:\Users\SCHUST~1\AppData\Local\Temp\ccqh8S3A.ltrans2.ltrans.o
 .text.HAL_TIM_TriggerCallback
                0x00000000        0x4 C:\Users\SCHUST~1\AppData\Local\Temp\ccqh8S3A.ltrans2.ltrans.o
 .text.HAL_TIM_PWM_PulseFinishedCallback
                0x00000000        0x4 C:\Users\SCHUST~1\AppData\Local\Temp\ccqh8S3A.ltrans2.ltrans.o
 .text.HAL_TIM_IC_CaptureCallback
                0x00000000        0x4 C:\Users\SCHUST~1\AppData\Local\Temp\ccqh8S3A.ltrans2.ltrans.o
 .text.HAL_TIM_OC_DelayElapsedCallback
                0x00000000        0x4 C:\Users\SCHUST~1\AppData\Local\Temp\ccqh8S3A.ltrans2.ltrans.o
 .data          0x00000000        0x0 c:/program files (x86)/gnu tools arm embedded/4.9 2015q1/bin/../lib/gcc/arm-none-eabi/4.9.3/armv7e-m\libgcc.a(_arm_addsubsf3.o)
 .bss           0x00000000        0x0 c:/program files (x86)/gnu tools arm embedded/4.9 2015q1/bin/../lib/gcc/arm-none-eabi/4.9.3/armv7e-m\libgcc.a(_arm_addsubsf3.o)
 .data          0x00000000        0x0 c:/program files (x86)/gnu tools arm embedded/4.9 2015q1/bin/../lib/gcc/arm-none-eabi/4.9.3/armv7e-m\libgcc.a(_arm_muldivsf3.o)
 .bss           0x00000000        0x0 c:/program files (x86)/gnu tools arm embedded/4.9 2015q1/bin/../lib/gcc/arm-none-eabi/4.9.3/armv7e-m\libgcc.a(_arm_muldivsf3.o)
 .data          0x00000000        0x0 c:/program files (x86)/gnu tools arm embedded/4.9 2015q1/bin/../lib/gcc/arm-none-eabi/4.9.3/armv7e-m\libgcc.a(_arm_cmpsf2.o)
 .bss           0x00000000        0x0 c:/program files (x86)/gnu tools arm embedded/4.9 2015q1/bin/../lib/gcc/arm-none-eabi/4.9.3/armv7e-m\libgcc.a(_arm_cmpsf2.o)
 .data          0x00000000        0x0 c:/program files (x86)/gnu tools arm embedded/4.9 2015q1/bin/../lib/gcc/arm-none-eabi/4.9.3/armv7e-m\libgcc.a(_arm_fixunssfsi.o)
 .bss           0x00000000        0x0 c:/program files (x86)/gnu tools arm embedded/4.9 2015q1/bin/../lib/gcc/arm-none-eabi/4.9.3/armv7e-m\libgcc.a(_arm_fixunssfsi.o)
 .text          0x00000000        0x0 ./src/adc.o (symbol from plugin)
 .text          0x00000000        0x0 ./src/gpio.o (symbol from plugin)
 .text          0x00000000        0x0 ./src/main.o (symbol from plugin)
 .text          0x00000000        0x0 ./src/stm32f3xx_hal_msp.o (symbol from plugin)
 .text          0x00000000        0x0 ./src/stm32f3xx_it.o (symbol from plugin)
 .text          0x00000000        0x0 ./src/tim.o (symbol from plugin)
 .text          0x00000000        0x0 ./Drivers/STM32F3xx_HAL_Driver/Src/stm32f3xx_hal.o (symbol from plugin)
 .text          0x00000000        0x0 ./Drivers/STM32F3xx_HAL_Driver/Src/stm32f3xx_hal_adc.o (symbol from plugin)
 .text          0x00000000        0x0 ./Drivers/STM32F3xx_HAL_Driver/Src/stm32f3xx_hal_adc_ex.o (symbol from plugin)
 .text          0x00000000        0x0 ./Drivers/STM32F3xx_HAL_Driver/Src/stm32f3xx_hal_can.o (symbol from plugin)
 .text          0x00000000        0x0 ./Drivers/STM32F3xx_HAL_Driver/Src/stm32f3xx_hal_cec.o (symbol from plugin)
 .text          0x00000000        0x0 ./Drivers/STM32F3xx_HAL_Driver/Src/stm32f3xx_hal_comp.o (symbol from plugin)
 .text          0x00000000        0x0 ./Drivers/STM32F3xx_HAL_Driver/Src/stm32f3xx_hal_cortex.o (symbol from plugin)
 .text          0x00000000        0x0 ./Drivers/STM32F3xx_HAL_Driver/Src/stm32f3xx_hal_crc.o (symbol from plugin)
 .text          0x00000000        0x0 ./Drivers/STM32F3xx_HAL_Driver/Src/stm32f3xx_hal_crc_ex.o (symbol from plugin)
 .text          0x00000000        0x0 ./Drivers/STM32F3xx_HAL_Driver/Src/stm32f3xx_hal_dac.o (symbol from plugin)
 .text          0x00000000        0x0 ./Drivers/STM32F3xx_HAL_Driver/Src/stm32f3xx_hal_dac_ex.o (symbol from plugin)
 .text          0x00000000        0x0 ./Drivers/STM32F3xx_HAL_Driver/Src/stm32f3xx_hal_dma.o (symbol from plugin)
 .text          0x00000000        0x0 ./Drivers/STM32F3xx_HAL_Driver/Src/stm32f3xx_hal_flash.o (symbol from plugin)
 .text          0x00000000        0x0 ./Drivers/STM32F3xx_HAL_Driver/Src/stm32f3xx_hal_flash_ex.o (symbol from plugin)
 .text          0x00000000        0x0 ./Drivers/STM32F3xx_HAL_Driver/Src/stm32f3xx_hal_gpio.o (symbol from plugin)
 .text          0x00000000        0x0 ./Drivers/STM32F3xx_HAL_Driver/Src/stm32f3xx_hal_hrtim.o (symbol from plugin)
 .text          0x00000000        0x0 ./Drivers/STM32F3xx_HAL_Driver/Src/stm32f3xx_hal_i2c.o (symbol from plugin)
 .text          0x00000000        0x0 ./Drivers/STM32F3xx_HAL_Driver/Src/stm32f3xx_hal_i2c_ex.o (symbol from plugin)
 .text          0x00000000        0x0 ./Drivers/STM32F3xx_HAL_Driver/Src/stm32f3xx_hal_i2s.o (symbol from plugin)
 .text          0x00000000        0x0 ./Drivers/STM32F3xx_HAL_Driver/Src/stm32f3xx_hal_i2s_ex.o (symbol from plugin)
 .text          0x00000000        0x0 ./Drivers/STM32F3xx_HAL_Driver/Src/stm32f3xx_hal_irda.o (symbol from plugin)
 .text          0x00000000        0x0 ./Drivers/STM32F3xx_HAL_Driver/Src/stm32f3xx_hal_iwdg.o (symbol from plugin)
 .text          0x00000000        0x0 ./Drivers/STM32F3xx_HAL_Driver/Src/stm32f3xx_hal_nand.o (symbol from plugin)
 .text          0x00000000        0x0 ./Drivers/STM32F3xx_HAL_Driver/Src/stm32f3xx_hal_nor.o (symbol from plugin)
 .text          0x00000000        0x0 ./Drivers/STM32F3xx_HAL_Driver/Src/stm32f3xx_hal_opamp.o (symbol from plugin)
 .text          0x00000000        0x0 ./Drivers/STM32F3xx_HAL_Driver/Src/stm32f3xx_hal_opamp_ex.o (symbol from plugin)
 .text          0x00000000        0x0 ./Drivers/STM32F3xx_HAL_Driver/Src/stm32f3xx_hal_pccard.o (symbol from plugin)
 .text          0x00000000        0x0 ./Drivers/STM32F3xx_HAL_Driver/Src/stm32f3xx_hal_pcd.o (symbol from plugin)
 .text          0x00000000        0x0 ./Drivers/STM32F3xx_HAL_Driver/Src/stm32f3xx_hal_pcd_ex.o (symbol from plugin)
 .text          0x00000000        0x0 ./Drivers/STM32F3xx_HAL_Driver/Src/stm32f3xx_hal_pwr.o (symbol from plugin)
 .text          0x00000000        0x0 ./Drivers/STM32F3xx_HAL_Driver/Src/stm32f3xx_hal_pwr_ex.o (symbol from plugin)
 .text          0x00000000        0x0 ./Drivers/STM32F3xx_HAL_Driver/Src/stm32f3xx_hal_rcc.o (symbol from plugin)
 .text          0x00000000        0x0 ./Drivers/STM32F3xx_HAL_Driver/Src/stm32f3xx_hal_rcc_ex.o (symbol from plugin)
 .text          0x00000000        0x0 ./Drivers/STM32F3xx_HAL_Driver/Src/stm32f3xx_hal_rtc.o (symbol from plugin)
 .text          0x00000000        0x0 ./Drivers/STM32F3xx_HAL_Driver/Src/stm32f3xx_hal_rtc_ex.o (symbol from plugin)
 .text          0x00000000        0x0 ./Drivers/STM32F3xx_HAL_Driver/Src/stm32f3xx_hal_sdadc.o (symbol from plugin)
 .text          0x00000000        0x0 ./Drivers/STM32F3xx_HAL_Driver/Src/stm32f3xx_hal_smartcard.o (symbol from plugin)
 .text          0x00000000        0x0 ./Drivers/STM32F3xx_HAL_Driver/Src/stm32f3xx_hal_smartcard_ex.o (symbol from plugin)
 .text          0x00000000        0x0 ./Drivers/STM32F3xx_HAL_Driver/Src/stm32f3xx_hal_smbus.o (symbol from plugin)
 .text          0x00000000        0x0 ./Drivers/STM32F3xx_HAL_Driver/Src/stm32f3xx_hal_spi.o (symbol from plugin)
 .text          0x00000000        0x0 ./Drivers/STM32F3xx_HAL_Driver/Src/stm32f3xx_hal_spi_ex.o (symbol from plugin)
 .text          0x00000000        0x0 ./Drivers/STM32F3xx_HAL_Driver/Src/stm32f3xx_hal_sram.o (symbol from plugin)
 .text          0x00000000        0x0 ./Drivers/STM32F3xx_HAL_Driver/Src/stm32f3xx_hal_tim.o (symbol from plugin)
 .text          0x00000000        0x0 ./Drivers/STM32F3xx_HAL_Driver/Src/stm32f3xx_hal_tim_ex.o (symbol from plugin)
 .text          0x00000000        0x0 ./Drivers/STM32F3xx_HAL_Driver/Src/stm32f3xx_hal_tsc.o (symbol from plugin)
 .text          0x00000000        0x0 ./Drivers/STM32F3xx_HAL_Driver/Src/stm32f3xx_hal_uart.o (symbol from plugin)
 .text          0x00000000        0x0 ./Drivers/STM32F3xx_HAL_Driver/Src/stm32f3xx_hal_uart_ex.o (symbol from plugin)
 .text          0x00000000        0x0 ./Drivers/STM32F3xx_HAL_Driver/Src/stm32f3xx_hal_usart.o (symbol from plugin)
 .text          0x00000000        0x0 ./Drivers/STM32F3xx_HAL_Driver/Src/stm32f3xx_hal_wwdg.o (symbol from plugin)
 .text          0x00000000        0x0 ./Drivers/STM32F3xx_HAL_Driver/Src/stm32f3xx_ll_fmc.o (symbol from plugin)
 .text          0x00000000       0x14 ./Drivers/CMSIS/Device/ST/STM32F3xx/Source/Templates/gcc/startup_stm32f303xc.o
 .data          0x00000000        0x0 ./Drivers/CMSIS/Device/ST/STM32F3xx/Source/Templates/gcc/startup_stm32f303xc.o
 .bss           0x00000000        0x0 ./Drivers/CMSIS/Device/ST/STM32F3xx/Source/Templates/gcc/startup_stm32f303xc.o
 .text          0x00000000        0x0 ./Drivers/CMSIS/Device/ST/STM32F3xx/Source/Templates/system_stm32f3xx.o (symbol from plugin)
 .text          0x00000000        0x0 c:/program files (x86)/gnu tools arm embedded/4.9 2015q1/bin/../lib/gcc/arm-none-eabi/4.9.3/../../../../arm-none-eabi/lib/armv7e-m\libm.a(lib_a-s_sin.o)
 .data          0x00000000        0x0 c:/program files (x86)/gnu tools arm embedded/4.9 2015q1/bin/../lib/gcc/arm-none-eabi/4.9.3/../../../../arm-none-eabi/lib/armv7e-m\libm.a(lib_a-s_sin.o)
 .bss           0x00000000        0x0 c:/program files (x86)/gnu tools arm embedded/4.9 2015q1/bin/../lib/gcc/arm-none-eabi/4.9.3/../../../../arm-none-eabi/lib/armv7e-m\libm.a(lib_a-s_sin.o)
 .text          0x00000000        0x0 c:/program files (x86)/gnu tools arm embedded/4.9 2015q1/bin/../lib/gcc/arm-none-eabi/4.9.3/../../../../arm-none-eabi/lib/armv7e-m\libm.a(lib_a-w_sqrt.o)
 .data          0x00000000        0x0 c:/program files (x86)/gnu tools arm embedded/4.9 2015q1/bin/../lib/gcc/arm-none-eabi/4.9.3/../../../../arm-none-eabi/lib/armv7e-m\libm.a(lib_a-w_sqrt.o)
 .bss           0x00000000        0x0 c:/program files (x86)/gnu tools arm embedded/4.9 2015q1/bin/../lib/gcc/arm-none-eabi/4.9.3/../../../../arm-none-eabi/lib/armv7e-m\libm.a(lib_a-w_sqrt.o)
 .text          0x00000000        0x0 c:/program files (x86)/gnu tools arm embedded/4.9 2015q1/bin/../lib/gcc/arm-none-eabi/4.9.3/../../../../arm-none-eabi/lib/armv7e-m\libm.a(lib_a-e_rem_pio2.o)
 .data          0x00000000        0x0 c:/program files (x86)/gnu tools arm embedded/4.9 2015q1/bin/../lib/gcc/arm-none-eabi/4.9.3/../../../../arm-none-eabi/lib/armv7e-m\libm.a(lib_a-e_rem_pio2.o)
 .bss           0x00000000        0x0 c:/program files (x86)/gnu tools arm embedded/4.9 2015q1/bin/../lib/gcc/arm-none-eabi/4.9.3/../../../../arm-none-eabi/lib/armv7e-m\libm.a(lib_a-e_rem_pio2.o)
 .text          0x00000000        0x0 c:/program files (x86)/gnu tools arm embedded/4.9 2015q1/bin/../lib/gcc/arm-none-eabi/4.9.3/../../../../arm-none-eabi/lib/armv7e-m\libm.a(lib_a-e_sqrt.o)
 .data          0x00000000        0x0 c:/program files (x86)/gnu tools arm embedded/4.9 2015q1/bin/../lib/gcc/arm-none-eabi/4.9.3/../../../../arm-none-eabi/lib/armv7e-m\libm.a(lib_a-e_sqrt.o)
 .bss           0x00000000        0x0 c:/program files (x86)/gnu tools arm embedded/4.9 2015q1/bin/../lib/gcc/arm-none-eabi/4.9.3/../../../../arm-none-eabi/lib/armv7e-m\libm.a(lib_a-e_sqrt.o)
 .text          0x00000000        0x0 c:/program files (x86)/gnu tools arm embedded/4.9 2015q1/bin/../lib/gcc/arm-none-eabi/4.9.3/../../../../arm-none-eabi/lib/armv7e-m\libm.a(lib_a-k_cos.o)
 .data          0x00000000        0x0 c:/program files (x86)/gnu tools arm embedded/4.9 2015q1/bin/../lib/gcc/arm-none-eabi/4.9.3/../../../../arm-none-eabi/lib/armv7e-m\libm.a(lib_a-k_cos.o)
 .bss           0x00000000        0x0 c:/program files (x86)/gnu tools arm embedded/4.9 2015q1/bin/../lib/gcc/arm-none-eabi/4.9.3/../../../../arm-none-eabi/lib/armv7e-m\libm.a(lib_a-k_cos.o)
 .text          0x00000000        0x0 c:/program files (x86)/gnu tools arm embedded/4.9 2015q1/bin/../lib/gcc/arm-none-eabi/4.9.3/../../../../arm-none-eabi/lib/armv7e-m\libm.a(lib_a-k_rem_pio2.o)
 .data          0x00000000        0x0 c:/program files (x86)/gnu tools arm embedded/4.9 2015q1/bin/../lib/gcc/arm-none-eabi/4.9.3/../../../../arm-none-eabi/lib/armv7e-m\libm.a(lib_a-k_rem_pio2.o)
 .bss           0x00000000        0x0 c:/program files (x86)/gnu tools arm embedded/4.9 2015q1/bin/../lib/gcc/arm-none-eabi/4.9.3/../../../../arm-none-eabi/lib/armv7e-m\libm.a(lib_a-k_rem_pio2.o)
 .text          0x00000000        0x0 c:/program files (x86)/gnu tools arm embedded/4.9 2015q1/bin/../lib/gcc/arm-none-eabi/4.9.3/../../../../arm-none-eabi/lib/armv7e-m\libm.a(lib_a-k_sin.o)
 .data          0x00000000        0x0 c:/program files (x86)/gnu tools arm embedded/4.9 2015q1/bin/../lib/gcc/arm-none-eabi/4.9.3/../../../../arm-none-eabi/lib/armv7e-m\libm.a(lib_a-k_sin.o)
 .bss           0x00000000        0x0 c:/program files (x86)/gnu tools arm embedded/4.9 2015q1/bin/../lib/gcc/arm-none-eabi/4.9.3/../../../../arm-none-eabi/lib/armv7e-m\libm.a(lib_a-k_sin.o)
 .text          0x00000000        0x0 c:/program files (x86)/gnu tools arm embedded/4.9 2015q1/bin/../lib/gcc/arm-none-eabi/4.9.3/../../../../arm-none-eabi/lib/armv7e-m\libm.a(lib_a-s_fabs.o)
 .data          0x00000000        0x0 c:/program files (x86)/gnu tools arm embedded/4.9 2015q1/bin/../lib/gcc/arm-none-eabi/4.9.3/../../../../arm-none-eabi/lib/armv7e-m\libm.a(lib_a-s_fabs.o)
 .bss           0x00000000        0x0 c:/program files (x86)/gnu tools arm embedded/4.9 2015q1/bin/../lib/gcc/arm-none-eabi/4.9.3/../../../../arm-none-eabi/lib/armv7e-m\libm.a(lib_a-s_fabs.o)
 .text          0x00000000        0x0 c:/program files (x86)/gnu tools arm embedded/4.9 2015q1/bin/../lib/gcc/arm-none-eabi/4.9.3/../../../../arm-none-eabi/lib/armv7e-m\libm.a(lib_a-s_floor.o)
 .data          0x00000000        0x0 c:/program files (x86)/gnu tools arm embedded/4.9 2015q1/bin/../lib/gcc/arm-none-eabi/4.9.3/../../../../arm-none-eabi/lib/armv7e-m\libm.a(lib_a-s_floor.o)
 .bss           0x00000000        0x0 c:/program files (x86)/gnu tools arm embedded/4.9 2015q1/bin/../lib/gcc/arm-none-eabi/4.9.3/../../../../arm-none-eabi/lib/armv7e-m\libm.a(lib_a-s_floor.o)
 .text          0x00000000        0x0 c:/program files (x86)/gnu tools arm embedded/4.9 2015q1/bin/../lib/gcc/arm-none-eabi/4.9.3/../../../../arm-none-eabi/lib/armv7e-m\libm.a(lib_a-s_fpclassify.o)
 .data          0x00000000        0x0 c:/program files (x86)/gnu tools arm embedded/4.9 2015q1/bin/../lib/gcc/arm-none-eabi/4.9.3/../../../../arm-none-eabi/lib/armv7e-m\libm.a(lib_a-s_fpclassify.o)
 .bss           0x00000000        0x0 c:/program files (x86)/gnu tools arm embedded/4.9 2015q1/bin/../lib/gcc/arm-none-eabi/4.9.3/../../../../arm-none-eabi/lib/armv7e-m\libm.a(lib_a-s_fpclassify.o)
 .text          0x00000000        0x0 c:/program files (x86)/gnu tools arm embedded/4.9 2015q1/bin/../lib/gcc/arm-none-eabi/4.9.3/../../../../arm-none-eabi/lib/armv7e-m\libm.a(lib_a-s_lib_ver.o)
 .data          0x00000000        0x0 c:/program files (x86)/gnu tools arm embedded/4.9 2015q1/bin/../lib/gcc/arm-none-eabi/4.9.3/../../../../arm-none-eabi/lib/armv7e-m\libm.a(lib_a-s_lib_ver.o)
 .bss           0x00000000        0x0 c:/program files (x86)/gnu tools arm embedded/4.9 2015q1/bin/../lib/gcc/arm-none-eabi/4.9.3/../../../../arm-none-eabi/lib/armv7e-m\libm.a(lib_a-s_lib_ver.o)
 .text          0x00000000        0x0 c:/program files (x86)/gnu tools arm embedded/4.9 2015q1/bin/../lib/gcc/arm-none-eabi/4.9.3/../../../../arm-none-eabi/lib/armv7e-m\libm.a(lib_a-s_matherr.o)
 .data          0x00000000        0x0 c:/program files (x86)/gnu tools arm embedded/4.9 2015q1/bin/../lib/gcc/arm-none-eabi/4.9.3/../../../../arm-none-eabi/lib/armv7e-m\libm.a(lib_a-s_matherr.o)
 .bss           0x00000000        0x0 c:/program files (x86)/gnu tools arm embedded/4.9 2015q1/bin/../lib/gcc/arm-none-eabi/4.9.3/../../../../arm-none-eabi/lib/armv7e-m\libm.a(lib_a-s_matherr.o)
 .text          0x00000000        0x0 c:/program files (x86)/gnu tools arm embedded/4.9 2015q1/bin/../lib/gcc/arm-none-eabi/4.9.3/../../../../arm-none-eabi/lib/armv7e-m\libm.a(lib_a-s_scalbn.o)
 .data          0x00000000        0x0 c:/program files (x86)/gnu tools arm embedded/4.9 2015q1/bin/../lib/gcc/arm-none-eabi/4.9.3/../../../../arm-none-eabi/lib/armv7e-m\libm.a(lib_a-s_scalbn.o)
 .bss           0x00000000        0x0 c:/program files (x86)/gnu tools arm embedded/4.9 2015q1/bin/../lib/gcc/arm-none-eabi/4.9.3/../../../../arm-none-eabi/lib/armv7e-m\libm.a(lib_a-s_scalbn.o)
 .text          0x00000000        0x0 c:/program files (x86)/gnu tools arm embedded/4.9 2015q1/bin/../lib/gcc/arm-none-eabi/4.9.3/../../../../arm-none-eabi/lib/armv7e-m\libm.a(lib_a-s_copysign.o)
 .data          0x00000000        0x0 c:/program files (x86)/gnu tools arm embedded/4.9 2015q1/bin/../lib/gcc/arm-none-eabi/4.9.3/../../../../arm-none-eabi/lib/armv7e-m\libm.a(lib_a-s_copysign.o)
 .bss           0x00000000        0x0 c:/program files (x86)/gnu tools arm embedded/4.9 2015q1/bin/../lib/gcc/arm-none-eabi/4.9.3/../../../../arm-none-eabi/lib/armv7e-m\libm.a(lib_a-s_copysign.o)
 .data          0x00000000        0x0 c:/program files (x86)/gnu tools arm embedded/4.9 2015q1/bin/../lib/gcc/arm-none-eabi/4.9.3/armv7e-m\libgcc.a(_arm_addsubdf3.o)
 .bss           0x00000000        0x0 c:/program files (x86)/gnu tools arm embedded/4.9 2015q1/bin/../lib/gcc/arm-none-eabi/4.9.3/armv7e-m\libgcc.a(_arm_addsubdf3.o)
 .data          0x00000000        0x0 c:/program files (x86)/gnu tools arm embedded/4.9 2015q1/bin/../lib/gcc/arm-none-eabi/4.9.3/armv7e-m\libgcc.a(_arm_muldivdf3.o)
 .bss           0x00000000        0x0 c:/program files (x86)/gnu tools arm embedded/4.9 2015q1/bin/../lib/gcc/arm-none-eabi/4.9.3/armv7e-m\libgcc.a(_arm_muldivdf3.o)
 .data          0x00000000        0x0 c:/program files (x86)/gnu tools arm embedded/4.9 2015q1/bin/../lib/gcc/arm-none-eabi/4.9.3/armv7e-m\libgcc.a(_arm_cmpdf2.o)
 .bss           0x00000000        0x0 c:/program files (x86)/gnu tools arm embedded/4.9 2015q1/bin/../lib/gcc/arm-none-eabi/4.9.3/armv7e-m\libgcc.a(_arm_cmpdf2.o)
 .data          0x00000000        0x0 c:/program files (x86)/gnu tools arm embedded/4.9 2015q1/bin/../lib/gcc/arm-none-eabi/4.9.3/armv7e-m\libgcc.a(_arm_fixdfsi.o)
 .bss           0x00000000        0x0 c:/program files (x86)/gnu tools arm embedded/4.9 2015q1/bin/../lib/gcc/arm-none-eabi/4.9.3/armv7e-m\libgcc.a(_arm_fixdfsi.o)
 .text          0x00000000        0x0 c:/program files (x86)/gnu tools arm embedded/4.9 2015q1/bin/../lib/gcc/arm-none-eabi/4.9.3/../../../../arm-none-eabi/lib/armv7e-m\libg_nano.a(lib_a-errno.o)
 .data          0x00000000        0x0 c:/program files (x86)/gnu tools arm embedded/4.9 2015q1/bin/../lib/gcc/arm-none-eabi/4.9.3/../../../../arm-none-eabi/lib/armv7e-m\libg_nano.a(lib_a-errno.o)
 .bss           0x00000000        0x0 c:/program files (x86)/gnu tools arm embedded/4.9 2015q1/bin/../lib/gcc/arm-none-eabi/4.9.3/../../../../arm-none-eabi/lib/armv7e-m\libg_nano.a(lib_a-errno.o)
 .text          0x00000000        0x0 c:/program files (x86)/gnu tools arm embedded/4.9 2015q1/bin/../lib/gcc/arm-none-eabi/4.9.3/../../../../arm-none-eabi/lib/armv7e-m\libg_nano.a(lib_a-exit.o)
 .data          0x00000000        0x0 c:/program files (x86)/gnu tools arm embedded/4.9 2015q1/bin/../lib/gcc/arm-none-eabi/4.9.3/../../../../arm-none-eabi/lib/armv7e-m\libg_nano.a(lib_a-exit.o)
 .bss           0x00000000        0x0 c:/program files (x86)/gnu tools arm embedded/4.9 2015q1/bin/../lib/gcc/arm-none-eabi/4.9.3/../../../../arm-none-eabi/lib/armv7e-m\libg_nano.a(lib_a-exit.o)
 .text.exit     0x00000000       0x28 c:/program files (x86)/gnu tools arm embedded/4.9 2015q1/bin/../lib/gcc/arm-none-eabi/4.9.3/../../../../arm-none-eabi/lib/armv7e-m\libg_nano.a(lib_a-exit.o)
 .debug_frame   0x00000000       0x28 c:/program files (x86)/gnu tools arm embedded/4.9 2015q1/bin/../lib/gcc/arm-none-eabi/4.9.3/../../../../arm-none-eabi/lib/armv7e-m\libg_nano.a(lib_a-exit.o)
 .ARM.attributes
                0x00000000       0x2e c:/program files (x86)/gnu tools arm embedded/4.9 2015q1/bin/../lib/gcc/arm-none-eabi/4.9.3/../../../../arm-none-eabi/lib/armv7e-m\libg_nano.a(lib_a-exit.o)
 .text          0x00000000        0x0 c:/program files (x86)/gnu tools arm embedded/4.9 2015q1/bin/../lib/gcc/arm-none-eabi/4.9.3/../../../../arm-none-eabi/lib/armv7e-m\libg_nano.a(lib_a-impure.o)
 .data          0x00000000        0x0 c:/program files (x86)/gnu tools arm embedded/4.9 2015q1/bin/../lib/gcc/arm-none-eabi/4.9.3/../../../../arm-none-eabi/lib/armv7e-m\libg_nano.a(lib_a-impure.o)
 .bss           0x00000000        0x0 c:/program files (x86)/gnu tools arm embedded/4.9 2015q1/bin/../lib/gcc/arm-none-eabi/4.9.3/../../../../arm-none-eabi/lib/armv7e-m\libg_nano.a(lib_a-impure.o)
 .rodata._global_impure_ptr
                0x00000000        0x4 c:/program files (x86)/gnu tools arm embedded/4.9 2015q1/bin/../lib/gcc/arm-none-eabi/4.9.3/../../../../arm-none-eabi/lib/armv7e-m\libg_nano.a(lib_a-impure.o)
 .text          0x00000000        0x0 c:/program files (x86)/gnu tools arm embedded/4.9 2015q1/bin/../lib/gcc/arm-none-eabi/4.9.3/../../../../arm-none-eabi/lib/armv7e-m\libg_nano.a(lib_a-init.o)
 .data          0x00000000        0x0 c:/program files (x86)/gnu tools arm embedded/4.9 2015q1/bin/../lib/gcc/arm-none-eabi/4.9.3/../../../../arm-none-eabi/lib/armv7e-m\libg_nano.a(lib_a-init.o)
 .bss           0x00000000        0x0 c:/program files (x86)/gnu tools arm embedded/4.9 2015q1/bin/../lib/gcc/arm-none-eabi/4.9.3/../../../../arm-none-eabi/lib/armv7e-m\libg_nano.a(lib_a-init.o)
 .text          0x00000000        0x0 c:/program files (x86)/gnu tools arm embedded/4.9 2015q1/bin/../lib/gcc/arm-none-eabi/4.9.3/../../../../arm-none-eabi/lib/armv7e-m\libg_nano.a(lib_a-memset.o)
 .data          0x00000000        0x0 c:/program files (x86)/gnu tools arm embedded/4.9 2015q1/bin/../lib/gcc/arm-none-eabi/4.9.3/../../../../arm-none-eabi/lib/armv7e-m\libg_nano.a(lib_a-memset.o)
 .bss           0x00000000        0x0 c:/program files (x86)/gnu tools arm embedded/4.9 2015q1/bin/../lib/gcc/arm-none-eabi/4.9.3/../../../../arm-none-eabi/lib/armv7e-m\libg_nano.a(lib_a-memset.o)
 .text.memset   0x00000000       0x10 c:/program files (x86)/gnu tools arm embedded/4.9 2015q1/bin/../lib/gcc/arm-none-eabi/4.9.3/../../../../arm-none-eabi/lib/armv7e-m\libg_nano.a(lib_a-memset.o)
 .debug_frame   0x00000000       0x20 c:/program files (x86)/gnu tools arm embedded/4.9 2015q1/bin/../lib/gcc/arm-none-eabi/4.9.3/../../../../arm-none-eabi/lib/armv7e-m\libg_nano.a(lib_a-memset.o)
 .ARM.attributes
                0x00000000       0x2e c:/program files (x86)/gnu tools arm embedded/4.9 2015q1/bin/../lib/gcc/arm-none-eabi/4.9.3/../../../../arm-none-eabi/lib/armv7e-m\libg_nano.a(lib_a-memset.o)
 .text          0x00000000        0x0 c:/program files (x86)/gnu tools arm embedded/4.9 2015q1/bin/../lib/gcc/arm-none-eabi/4.9.3/armv7e-m/crtend.o
 .data          0x00000000        0x0 c:/program files (x86)/gnu tools arm embedded/4.9 2015q1/bin/../lib/gcc/arm-none-eabi/4.9.3/armv7e-m/crtend.o
 .bss           0x00000000        0x0 c:/program files (x86)/gnu tools arm embedded/4.9 2015q1/bin/../lib/gcc/arm-none-eabi/4.9.3/armv7e-m/crtend.o
 .eh_frame      0x00000000        0x4 c:/program files (x86)/gnu tools arm embedded/4.9 2015q1/bin/../lib/gcc/arm-none-eabi/4.9.3/armv7e-m/crtend.o
 .jcr           0x00000000        0x4 c:/program files (x86)/gnu tools arm embedded/4.9 2015q1/bin/../lib/gcc/arm-none-eabi/4.9.3/armv7e-m/crtend.o
 .ARM.attributes
                0x00000000       0x2e c:/program files (x86)/gnu tools arm embedded/4.9 2015q1/bin/../lib/gcc/arm-none-eabi/4.9.3/armv7e-m/crtend.o
 .text          0x00000000        0x0 c:/program files (x86)/gnu tools arm embedded/4.9 2015q1/bin/../lib/gcc/arm-none-eabi/4.9.3/armv7e-m/crtn.o
 .data          0x00000000        0x0 c:/program files (x86)/gnu tools arm embedded/4.9 2015q1/bin/../lib/gcc/arm-none-eabi/4.9.3/armv7e-m/crtn.o
 .bss           0x00000000        0x0 c:/program files (x86)/gnu tools arm embedded/4.9 2015q1/bin/../lib/gcc/arm-none-eabi/4.9.3/armv7e-m/crtn.o

Memory Configuration

Name             Origin             Length             Attributes
FLASH            0x08000000         0x00020000         xr
RAM              0x20000000         0x00008000         xrw
CCMRAM           0x10000000         0x00002000         rw
*default*        0x00000000         0xffffffff

Linker script and memory map

LOAD c:/program files (x86)/gnu tools arm embedded/4.9 2015q1/bin/../lib/gcc/arm-none-eabi/4.9.3/armv7e-m/crti.o
LOAD c:/program files (x86)/gnu tools arm embedded/4.9 2015q1/bin/../lib/gcc/arm-none-eabi/4.9.3/armv7e-m/crtbegin.o
LOAD c:/program files (x86)/gnu tools arm embedded/4.9 2015q1/bin/../lib/gcc/arm-none-eabi/4.9.3/../../../../arm-none-eabi/lib/armv7e-m/crt0.o
LOAD ./src/LCD.o
LOAD C:\Users\SCHUST~1\AppData\Local\Temp\ccqh8S3A.ltrans0.ltrans.o
LOAD C:\Users\SCHUST~1\AppData\Local\Temp\ccqh8S3A.ltrans1.ltrans.o
LOAD C:\Users\SCHUST~1\AppData\Local\Temp\ccqh8S3A.ltrans2.ltrans.o
LOAD c:/program files (x86)/gnu tools arm embedded/4.9 2015q1/bin/../lib/gcc/arm-none-eabi/4.9.3/armv7e-m\libgcc.a
LOAD c:/program files (x86)/gnu tools arm embedded/4.9 2015q1/bin/../lib/gcc/arm-none-eabi/4.9.3/../../../../arm-none-eabi/lib/armv7e-m\libg_nano.a
LOAD c:/program files (x86)/gnu tools arm embedded/4.9 2015q1/bin/../lib/gcc/arm-none-eabi/4.9.3/../../../../arm-none-eabi/lib/armv7e-m\libc_nano.a
LOAD c:/program files (x86)/gnu tools arm embedded/4.9 2015q1/bin/../lib/gcc/arm-none-eabi/4.9.3/armv7e-m\libgcc.a
LOAD c:/program files (x86)/gnu tools arm embedded/4.9 2015q1/bin/../lib/gcc/arm-none-eabi/4.9.3/../../../../arm-none-eabi/lib/armv7e-m\libc_nano.a
LOAD ./src/adc.o
LOAD ./src/gpio.o
LOAD ./src/main.o
LOAD ./src/stm32f3xx_hal_msp.o
LOAD ./src/stm32f3xx_it.o
LOAD ./src/tim.o
LOAD ./Drivers/STM32F3xx_HAL_Driver/Src/stm32f3xx_hal.o
LOAD ./Drivers/STM32F3xx_HAL_Driver/Src/stm32f3xx_hal_adc.o
LOAD ./Drivers/STM32F3xx_HAL_Driver/Src/stm32f3xx_hal_adc_ex.o
LOAD ./Drivers/STM32F3xx_HAL_Driver/Src/stm32f3xx_hal_can.o
LOAD ./Drivers/STM32F3xx_HAL_Driver/Src/stm32f3xx_hal_cec.o
LOAD ./Drivers/STM32F3xx_HAL_Driver/Src/stm32f3xx_hal_comp.o
LOAD ./Drivers/STM32F3xx_HAL_Driver/Src/stm32f3xx_hal_cortex.o
LOAD ./Drivers/STM32F3xx_HAL_Driver/Src/stm32f3xx_hal_crc.o
LOAD ./Drivers/STM32F3xx_HAL_Driver/Src/stm32f3xx_hal_crc_ex.o
LOAD ./Drivers/STM32F3xx_HAL_Driver/Src/stm32f3xx_hal_dac.o
LOAD ./Drivers/STM32F3xx_HAL_Driver/Src/stm32f3xx_hal_dac_ex.o
LOAD ./Drivers/STM32F3xx_HAL_Driver/Src/stm32f3xx_hal_dma.o
LOAD ./Drivers/STM32F3xx_HAL_Driver/Src/stm32f3xx_hal_flash.o
LOAD ./Drivers/STM32F3xx_HAL_Driver/Src/stm32f3xx_hal_flash_ex.o
LOAD ./Drivers/STM32F3xx_HAL_Driver/Src/stm32f3xx_hal_gpio.o
LOAD ./Drivers/STM32F3xx_HAL_Driver/Src/stm32f3xx_hal_hrtim.o
LOAD ./Drivers/STM32F3xx_HAL_Driver/Src/stm32f3xx_hal_i2c.o
LOAD ./Drivers/STM32F3xx_HAL_Driver/Src/stm32f3xx_hal_i2c_ex.o
LOAD ./Drivers/STM32F3xx_HAL_Driver/Src/stm32f3xx_hal_i2s.o
LOAD ./Drivers/STM32F3xx_HAL_Driver/Src/stm32f3xx_hal_i2s_ex.o
LOAD ./Drivers/STM32F3xx_HAL_Driver/Src/stm32f3xx_hal_irda.o
LOAD ./Drivers/STM32F3xx_HAL_Driver/Src/stm32f3xx_hal_iwdg.o
LOAD ./Drivers/STM32F3xx_HAL_Driver/Src/stm32f3xx_hal_nand.o
LOAD ./Drivers/STM32F3xx_HAL_Driver/Src/stm32f3xx_hal_nor.o
LOAD ./Drivers/STM32F3xx_HAL_Driver/Src/stm32f3xx_hal_opamp.o
LOAD ./Drivers/STM32F3xx_HAL_Driver/Src/stm32f3xx_hal_opamp_ex.o
LOAD ./Drivers/STM32F3xx_HAL_Driver/Src/stm32f3xx_hal_pccard.o
LOAD ./Drivers/STM32F3xx_HAL_Driver/Src/stm32f3xx_hal_pcd.o
LOAD ./Drivers/STM32F3xx_HAL_Driver/Src/stm32f3xx_hal_pcd_ex.o
LOAD ./Drivers/STM32F3xx_HAL_Driver/Src/stm32f3xx_hal_pwr.o
LOAD ./Drivers/STM32F3xx_HAL_Driver/Src/stm32f3xx_hal_pwr_ex.o
LOAD ./Drivers/STM32F3xx_HAL_Driver/Src/stm32f3xx_hal_rcc.o
LOAD ./Drivers/STM32F3xx_HAL_Driver/Src/stm32f3xx_hal_rcc_ex.o
LOAD ./Drivers/STM32F3xx_HAL_Driver/Src/stm32f3xx_hal_rtc.o
LOAD ./Drivers/STM32F3xx_HAL_Driver/Src/stm32f3xx_hal_rtc_ex.o
LOAD ./Drivers/STM32F3xx_HAL_Driver/Src/stm32f3xx_hal_sdadc.o
LOAD ./Drivers/STM32F3xx_HAL_Driver/Src/stm32f3xx_hal_smartcard.o
LOAD ./Drivers/STM32F3xx_HAL_Driver/Src/stm32f3xx_hal_smartcard_ex.o
LOAD ./Drivers/STM32F3xx_HAL_Driver/Src/stm32f3xx_hal_smbus.o
LOAD ./Drivers/STM32F3xx_HAL_Driver/Src/stm32f3xx_hal_spi.o
LOAD ./Drivers/STM32F3xx_HAL_Driver/Src/stm32f3xx_hal_spi_ex.o
LOAD ./Drivers/STM32F3xx_HAL_Driver/Src/stm32f3xx_hal_sram.o
LOAD ./Drivers/STM32F3xx_HAL_Driver/Src/stm32f3xx_hal_tim.o
LOAD ./Drivers/STM32F3xx_HAL_Driver/Src/stm32f3xx_hal_tim_ex.o
LOAD ./Drivers/STM32F3xx_HAL_Driver/Src/stm32f3xx_hal_tsc.o
LOAD ./Drivers/STM32F3xx_HAL_Driver/Src/stm32f3xx_hal_uart.o
LOAD ./Drivers/STM32F3xx_HAL_Driver/Src/stm32f3xx_hal_uart_ex.o
LOAD ./Drivers/STM32F3xx_HAL_Driver/Src/stm32f3xx_hal_usart.o
LOAD ./Drivers/STM32F3xx_HAL_Driver/Src/stm32f3xx_hal_wwdg.o
LOAD ./Drivers/STM32F3xx_HAL_Driver/Src/stm32f3xx_ll_fmc.o
LOAD ./Drivers/CMSIS/Device/ST/STM32F3xx/Source/Templates/gcc/startup_stm32f303xc.o
LOAD ./Drivers/CMSIS/Device/ST/STM32F3xx/Source/Templates/system_stm32f3xx.o
LOAD c:/program files (x86)/gnu tools arm embedded/4.9 2015q1/bin/../lib/gcc/arm-none-eabi/4.9.3/../../../../arm-none-eabi/lib/armv7e-m\libstdc++_nano.a
LOAD c:/program files (x86)/gnu tools arm embedded/4.9 2015q1/bin/../lib/gcc/arm-none-eabi/4.9.3/../../../../arm-none-eabi/lib/armv7e-m\libm.a
START GROUP
LOAD c:/program files (x86)/gnu tools arm embedded/4.9 2015q1/bin/../lib/gcc/arm-none-eabi/4.9.3/armv7e-m\libgcc.a
LOAD c:/program files (x86)/gnu tools arm embedded/4.9 2015q1/bin/../lib/gcc/arm-none-eabi/4.9.3/../../../../arm-none-eabi/lib/armv7e-m\libg_nano.a
LOAD c:/program files (x86)/gnu tools arm embedded/4.9 2015q1/bin/../lib/gcc/arm-none-eabi/4.9.3/../../../../arm-none-eabi/lib/armv7e-m\libc_nano.a
END GROUP
START GROUP
LOAD c:/program files (x86)/gnu tools arm embedded/4.9 2015q1/bin/../lib/gcc/arm-none-eabi/4.9.3/armv7e-m\libgcc.a
LOAD c:/program files (x86)/gnu tools arm embedded/4.9 2015q1/bin/../lib/gcc/arm-none-eabi/4.9.3/../../../../arm-none-eabi/lib/armv7e-m\libc_nano.a
END GROUP
LOAD c:/program files (x86)/gnu tools arm embedded/4.9 2015q1/bin/../lib/gcc/arm-none-eabi/4.9.3/armv7e-m/crtend.o
LOAD c:/program files (x86)/gnu tools arm embedded/4.9 2015q1/bin/../lib/gcc/arm-none-eabi/4.9.3/armv7e-m/crtn.o
                0x20008000                _estack = 0x20008000
                0x00000400                _Min_Heap_Size = 0x400
                0x00000200                _Min_Stack_Size = 0x200

.isr_vector     0x08000000      0x188
                0x08000000                . = ALIGN (0x4)
 *(.isr_vector)
 .isr_vector    0x08000000      0x188 ./Drivers/CMSIS/Device/ST/STM32F3xx/Source/Templates/gcc/startup_stm32f303xc.o
                0x08000000                g_pfnVectors
                0x08000188                . = ALIGN (0x4)

.text           0x08000188     0x4910
                0x08000188                . = ALIGN (0x4)
 *(.text)
 .text          0x08000188       0x5c c:/program files (x86)/gnu tools arm embedded/4.9 2015q1/bin/../lib/gcc/arm-none-eabi/4.9.3/armv7e-m/crtbegin.o
 .text          0x080001e4      0x21c c:/program files (x86)/gnu tools arm embedded/4.9 2015q1/bin/../lib/gcc/arm-none-eabi/4.9.3/armv7e-m\libgcc.a(_arm_addsubsf3.o)
                0x080001e4                __aeabi_frsub
                0x080001ec                __subsf3
                0x080001ec                __aeabi_fsub
                0x080001f0                __aeabi_fadd
                0x080001f0                __addsf3
                0x08000350                __aeabi_ui2f
                0x08000350                __floatunsisf
                0x08000358                __aeabi_i2f
                0x08000358                __floatsisf
                0x08000374                __aeabi_ul2f
                0x08000374                __floatundisf
                0x08000384                __aeabi_l2f
                0x08000384                __floatdisf
 .text          0x08000400      0x2a0 c:/program files (x86)/gnu tools arm embedded/4.9 2015q1/bin/../lib/gcc/arm-none-eabi/4.9.3/armv7e-m\libgcc.a(_arm_muldivsf3.o)
                0x08000400                __mulsf3
                0x08000400                __aeabi_fmul
                0x08000568                __aeabi_fdiv
                0x08000568                __divsf3
 .text          0x080006a0       0xec c:/program files (x86)/gnu tools arm embedded/4.9 2015q1/bin/../lib/gcc/arm-none-eabi/4.9.3/armv7e-m\libgcc.a(_arm_cmpsf2.o)
                0x080006a0                __gesf2
                0x080006a0                __gtsf2
                0x080006a8                __lesf2
                0x080006a8                __ltsf2
                0x080006b0                __nesf2
                0x080006b0                __eqsf2
                0x080006b0                __cmpsf2
                0x08000710                __aeabi_cfrcmple
                0x08000718                __aeabi_cfcmpeq
                0x08000718                __aeabi_cfcmple
                0x08000728                __aeabi_fcmpeq
                0x0800073c                __aeabi_fcmplt
                0x08000750                __aeabi_fcmple
                0x08000764                __aeabi_fcmpge
                0x08000778                __aeabi_fcmpgt
 .text          0x0800078c       0x40 c:/program files (x86)/gnu tools arm embedded/4.9 2015q1/bin/../lib/gcc/arm-none-eabi/4.9.3/armv7e-m\libgcc.a(_arm_fixunssfsi.o)
                0x0800078c                __fixunssfsi
                0x0800078c                __aeabi_f2uiz
 .text          0x080007cc      0x370 c:/program files (x86)/gnu tools arm embedded/4.9 2015q1/bin/../lib/gcc/arm-none-eabi/4.9.3/armv7e-m\libgcc.a(_arm_addsubdf3.o)
                0x080007cc                __aeabi_drsub
                0x080007d4                __aeabi_dsub
                0x080007d4                __subdf3
                0x080007d8                __aeabi_dadd
                0x080007d8                __adddf3
                0x08000a50                __floatunsidf
                0x08000a50                __aeabi_ui2d
                0x08000a70                __floatsidf
                0x08000a70                __aeabi_i2d
                0x08000a94                __aeabi_f2d
                0x08000a94                __extendsfdf2
                0x08000ad0                __floatundidf
                0x08000ad0                __aeabi_ul2d
                0x08000ae0                __floatdidf
                0x08000ae0                __aeabi_l2d
 .text          0x08000b3c      0x424 c:/program files (x86)/gnu tools arm embedded/4.9 2015q1/bin/../lib/gcc/arm-none-eabi/4.9.3/armv7e-m\libgcc.a(_arm_muldivdf3.o)
                0x08000b3c                __aeabi_dmul
                0x08000b3c                __muldf3
                0x08000d90                __divdf3
                0x08000d90                __aeabi_ddiv
 .text          0x08000f60      0x110 c:/program files (x86)/gnu tools arm embedded/4.9 2015q1/bin/../lib/gcc/arm-none-eabi/4.9.3/armv7e-m\libgcc.a(_arm_cmpdf2.o)
                0x08000f60                __gtdf2
                0x08000f60                __gedf2
                0x08000f68                __ltdf2
                0x08000f68                __ledf2
                0x08000f70                __nedf2
                0x08000f70                __eqdf2
                0x08000f70                __cmpdf2
                0x08000fec                __aeabi_cdrcmple
                0x08000ffc                __aeabi_cdcmpeq
                0x08000ffc                __aeabi_cdcmple
                0x0800100c                __aeabi_dcmpeq
                0x08001020                __aeabi_dcmplt
                0x08001034                __aeabi_dcmple
                0x08001048                __aeabi_dcmpge
                0x0800105c                __aeabi_dcmpgt
 .text          0x08001070       0x50 c:/program files (x86)/gnu tools arm embedded/4.9 2015q1/bin/../lib/gcc/arm-none-eabi/4.9.3/armv7e-m\libgcc.a(_arm_fixdfsi.o)
                0x08001070                __aeabi_d2iz
                0x08001070                __fixdfsi
 *(.text*)
 .text.HAL_GPIO_WritePin
                0x080010c0        0xc C:\Users\SCHUST~1\AppData\Local\Temp\ccqh8S3A.ltrans0.ltrans.o
 .text.HAL_GPIO_ReadPin
                0x080010cc       0x10 C:\Users\SCHUST~1\AppData\Local\Temp\ccqh8S3A.ltrans0.ltrans.o
 .text.HAL_GPIO_Init
                0x080010dc      0x1a8 C:\Users\SCHUST~1\AppData\Local\Temp\ccqh8S3A.ltrans0.ltrans.o
 .text.HAL_SYSTICK_CLKSourceConfig
                0x08001284       0x20 C:\Users\SCHUST~1\AppData\Local\Temp\ccqh8S3A.ltrans0.ltrans.o
 .text.HAL_SYSTICK_Config
                0x080012a4       0x2c C:\Users\SCHUST~1\AppData\Local\Temp\ccqh8S3A.ltrans0.ltrans.o
 .text.HAL_NVIC_EnableIRQ
                0x080012d0       0x18 C:\Users\SCHUST~1\AppData\Local\Temp\ccqh8S3A.ltrans0.ltrans.o
 .text.HAL_NVIC_SetPriority
                0x080012e8       0x64 C:\Users\SCHUST~1\AppData\Local\Temp\ccqh8S3A.ltrans0.ltrans.o
 .text.HAL_NVIC_SetPriorityGrouping
                0x0800134c       0x24 C:\Users\SCHUST~1\AppData\Local\Temp\ccqh8S3A.ltrans0.ltrans.o
 .text.HAL_IncTick
                0x08001370       0x10 C:\Users\SCHUST~1\AppData\Local\Temp\ccqh8S3A.ltrans0.ltrans.o
 .text.HAL_ADC_IRQHandler
                0x08001380      0x40c C:\Users\SCHUST~1\AppData\Local\Temp\ccqh8S3A.ltrans0.ltrans.o
 .text.HAL_MspInit
                0x0800178c       0x34 C:\Users\SCHUST~1\AppData\Local\Temp\ccqh8S3A.ltrans0.ltrans.o
 .text.MX_GPIO_Init
                0x080017c0      0x180 C:\Users\SCHUST~1\AppData\Local\Temp\ccqh8S3A.ltrans0.ltrans.o
 .text.MX_TIM16_Init
                0x08001940       0x68 C:\Users\SCHUST~1\AppData\Local\Temp\ccqh8S3A.ltrans0.ltrans.o
 .text.MX_TIM3_Init
                0x080019a8       0x8c C:\Users\SCHUST~1\AppData\Local\Temp\ccqh8S3A.ltrans0.ltrans.o
 .text.MX_TIM1_Init
                0x08001a34       0x84 C:\Users\SCHUST~1\AppData\Local\Temp\ccqh8S3A.ltrans0.ltrans.o
 .text.HAL_GetTick
                0x08001ab8        0xc C:\Users\SCHUST~1\AppData\Local\Temp\ccqh8S3A.ltrans0.ltrans.o
                0x08001ab8                HAL_GetTick
 .text.HAL_RCC_OscConfig
                0x08001ac4      0x6bc C:\Users\SCHUST~1\AppData\Local\Temp\ccqh8S3A.ltrans0.ltrans.o
 .text.SystemClock_Config
                0x08002180       0x80 C:\Users\SCHUST~1\AppData\Local\Temp\ccqh8S3A.ltrans0.ltrans.o
 .text.ADC_Enable
                0x08002200       0x84 C:\Users\SCHUST~1\AppData\Local\Temp\ccqh8S3A.ltrans0.ltrans.o
 .text.HAL_ADC_Start_IT
                0x08002284      0x1c4 C:\Users\SCHUST~1\AppData\Local\Temp\ccqh8S3A.ltrans0.ltrans.o
 .text.HAL_Delay
                0x08002448       0x1c C:\Users\SCHUST~1\AppData\Local\Temp\ccqh8S3A.ltrans0.ltrans.o
 .text.HAL_InitTick
                0x08002464       0x28 C:\Users\SCHUST~1\AppData\Local\Temp\ccqh8S3A.ltrans0.ltrans.o
                0x08002464                HAL_InitTick
 .text.HAL_Init
                0x0800248c       0x24 C:\Users\SCHUST~1\AppData\Local\Temp\ccqh8S3A.ltrans0.ltrans.o
 .text.HAL_TIM_PeriodElapsedCallback
                0x080024b0      0x120 C:\Users\SCHUST~1\AppData\Local\Temp\ccqh8S3A.ltrans0.ltrans.o
                0x080024b0                HAL_TIM_PeriodElapsedCallback
 .text.TIM3_IRQHandler
                0x080025d0       0x10 C:\Users\SCHUST~1\AppData\Local\Temp\ccqh8S3A.ltrans0.ltrans.o
                0x080025d0                TIM3_IRQHandler
 .text.TIM1_UP_TIM16_IRQHandler
                0x080025e0       0x18 C:\Users\SCHUST~1\AppData\Local\Temp\ccqh8S3A.ltrans0.ltrans.o
                0x080025e0                TIM1_UP_TIM16_IRQHandler
 .text.ADC4_IRQHandler
                0x080025f8       0x10 C:\Users\SCHUST~1\AppData\Local\Temp\ccqh8S3A.ltrans0.ltrans.o
                0x080025f8                ADC4_IRQHandler
 .text.ADC3_IRQHandler
                0x08002608       0x10 C:\Users\SCHUST~1\AppData\Local\Temp\ccqh8S3A.ltrans0.ltrans.o
                0x08002608                ADC3_IRQHandler
 .text.ADC1_2_IRQHandler
                0x08002618       0x18 C:\Users\SCHUST~1\AppData\Local\Temp\ccqh8S3A.ltrans0.ltrans.o
                0x08002618                ADC1_2_IRQHandler
 .text.SysTick_Handler
                0x08002630        0x8 C:\Users\SCHUST~1\AppData\Local\Temp\ccqh8S3A.ltrans0.ltrans.o
                0x08002630                SysTick_Handler
 .text.main     0x08002638       0x48 C:\Users\SCHUST~1\AppData\Local\Temp\ccqh8S3A.ltrans0.ltrans.o
                0x08002638                main
 .text.HAL_RCC_GetSysClockFreq
                0x08002680       0x7c C:\Users\SCHUST~1\AppData\Local\Temp\ccqh8S3A.ltrans1.ltrans.o
 .text.HAL_TIM_IRQHandler
                0x080026fc       0xfc C:\Users\SCHUST~1\AppData\Local\Temp\ccqh8S3A.ltrans1.ltrans.o
                0x080026fc                HAL_TIM_IRQHandler
 .text.HAL_TIM_PWM_Init
                0x080027f8       0x34 C:\Users\SCHUST~1\AppData\Local\Temp\ccqh8S3A.ltrans1.ltrans.o
                0x080027f8                HAL_TIM_PWM_Init
 .text.HAL_TIM_Base_Init
                0x0800282c       0x34 C:\Users\SCHUST~1\AppData\Local\Temp\ccqh8S3A.ltrans1.ltrans.o
                0x0800282c                HAL_TIM_Base_Init
 .text.HAL_RCCEx_PeriphCLKConfig
                0x08002860      0x22c C:\Users\SCHUST~1\AppData\Local\Temp\ccqh8S3A.ltrans1.ltrans.o
                0x08002860                HAL_RCCEx_PeriphCLKConfig
 .text.HAL_RCC_GetHCLKFreq
                0x08002a8c       0x34 C:\Users\SCHUST~1\AppData\Local\Temp\ccqh8S3A.ltrans1.ltrans.o
                0x08002a8c                HAL_RCC_GetHCLKFreq
 .text.HAL_RCC_ClockConfig
                0x08002ac0      0x2dc C:\Users\SCHUST~1\AppData\Local\Temp\ccqh8S3A.ltrans1.ltrans.o
                0x08002ac0                HAL_RCC_ClockConfig
 .text.TIM_OC6_SetConfig
                0x08002d9c       0x6c C:\Users\SCHUST~1\AppData\Local\Temp\ccqh8S3A.ltrans2.ltrans.o
 .text.TIM_OC5_SetConfig
                0x08002e08       0x68 C:\Users\SCHUST~1\AppData\Local\Temp\ccqh8S3A.ltrans2.ltrans.o
 .text.TIM_ETR_SetConfig
                0x08002e70       0x18 C:\Users\SCHUST~1\AppData\Local\Temp\ccqh8S3A.ltrans2.ltrans.o
 .text.TIM_ITRx_SetConfig
                0x08002e88       0x10 C:\Users\SCHUST~1\AppData\Local\Temp\ccqh8S3A.ltrans2.ltrans.o
 .text.TIM_TI2_ConfigInputStage
                0x08002e98       0x28 C:\Users\SCHUST~1\AppData\Local\Temp\ccqh8S3A.ltrans2.ltrans.o
 .text.TIM_TI1_ConfigInputStage
                0x08002ec0       0x28 C:\Users\SCHUST~1\AppData\Local\Temp\ccqh8S3A.ltrans2.ltrans.o
 .text.TIM_OC4_SetConfig
                0x08002ee8       0x6c C:\Users\SCHUST~1\AppData\Local\Temp\ccqh8S3A.ltrans2.ltrans.o
 .text.TIM_OC3_SetConfig
                0x08002f54       0x8c C:\Users\SCHUST~1\AppData\Local\Temp\ccqh8S3A.ltrans2.ltrans.o
 .text.TIM_OC2_SetConfig
                0x08002fe0       0x8c C:\Users\SCHUST~1\AppData\Local\Temp\ccqh8S3A.ltrans2.ltrans.o
 .text.TIM_OC1_SetConfig
                0x0800306c       0x9c C:\Users\SCHUST~1\AppData\Local\Temp\ccqh8S3A.ltrans2.ltrans.o
 .text.SystemInit
                0x08003108       0x5c C:\Users\SCHUST~1\AppData\Local\Temp\ccqh8S3A.ltrans2.ltrans.o
                0x08003108                SystemInit
 .text.HAL_TIM_PWM_ConfigChannel
                0x08003164      0x134 C:\Users\SCHUST~1\AppData\Local\Temp\ccqh8S3A.ltrans2.ltrans.o
                0x08003164                HAL_TIM_PWM_ConfigChannel
 .text.TIM_Base_SetConfig
                0x08003298       0xb0 C:\Users\SCHUST~1\AppData\Local\Temp\ccqh8S3A.ltrans2.ltrans.o
                0x08003298                TIM_Base_SetConfig
 .text.HAL_TIM_ConfigClockSource
                0x08003348      0x124 C:\Users\SCHUST~1\AppData\Local\Temp\ccqh8S3A.ltrans2.ltrans.o
                0x08003348                HAL_TIM_ConfigClockSource
 .text.Reset_Handler
                0x0800346c       0x50 ./Drivers/CMSIS/Device/ST/STM32F3xx/Source/Templates/gcc/startup_stm32f303xc.o
                0x0800346c                Reset_Handler
 .text.Default_Handler
                0x080034bc        0x2 ./Drivers/CMSIS/Device/ST/STM32F3xx/Source/Templates/gcc/startup_stm32f303xc.o
                0x080034bc                RTC_Alarm_IRQHandler
                0x080034bc                TIM8_TRG_COM_IRQHandler
                0x080034bc                TIM8_CC_IRQHandler
                0x080034bc                DebugMon_Handler
                0x080034bc                TIM1_CC_IRQHandler
                0x080034bc                HardFault_Handler
                0x080034bc                USB_HP_IRQHandler
                0x080034bc                PVD_IRQHandler
                0x080034bc                TAMP_STAMP_IRQHandler
                0x080034bc                PendSV_Handler
                0x080034bc                NMI_Handler
                0x080034bc                EXTI3_IRQHandler
                0x080034bc                USB_HP_CAN_TX_IRQHandler
                0x080034bc                EXTI0_IRQHandler
                0x080034bc                I2C2_EV_IRQHandler
                0x080034bc                FPU_IRQHandler
                0x080034bc                UsageFault_Handler
                0x080034bc                SPI1_IRQHandler
                0x080034bc                CAN_SCE_IRQHandler
                0x080034bc                TIM6_DAC_IRQHandler
                0x080034bc                TIM8_UP_IRQHandler
                0x080034bc                DMA2_Channel2_IRQHandler
                0x080034bc                DMA1_Channel4_IRQHandler
                0x080034bc                USART3_IRQHandler
                0x080034bc                DMA1_Channel7_IRQHandler
                0x080034bc                UART5_IRQHandler
                0x080034bc                TIM4_IRQHandler
                0x080034bc                CAN_RX1_IRQHandler
                0x080034bc                DMA2_Channel1_IRQHandler
                0x080034bc                I2C1_EV_IRQHandler
                0x080034bc                DMA1_Channel6_IRQHandler
                0x080034bc                UART4_IRQHandler
                0x080034bc                DMA2_Channel4_IRQHandler
                0x080034bc                RCC_IRQHandler
                0x080034bc                DMA1_Channel1_IRQHandler
                0x080034bc                Default_Handler
                0x080034bc                USBWakeUp_RMP_IRQHandler
                0x080034bc                EXTI15_10_IRQHandler
                0x080034bc                TIM7_IRQHandler
                0x080034bc                EXTI9_5_IRQHandler
                0x080034bc                RTC_WKUP_IRQHandler
                0x080034bc                SPI2_IRQHandler
                0x080034bc                USB_LP_CAN_RX0_IRQHandler
                0x080034bc                MemManage_Handler
                0x080034bc                SVC_Handler
                0x080034bc                DMA2_Channel5_IRQHandler
                0x080034bc                DMA1_Channel5_IRQHandler
                0x080034bc                USB_LP_IRQHandler
                0x080034bc                EXTI4_IRQHandler
                0x080034bc                TIM1_TRG_COM_TIM17_IRQHandler
                0x080034bc                DMA1_Channel3_IRQHandler
                0x080034bc                WWDG_IRQHandler
                0x080034bc                TIM2_IRQHandler
                0x080034bc                COMP7_IRQHandler
                0x080034bc                COMP1_2_3_IRQHandler
                0x080034bc                EXTI1_IRQHandler
                0x080034bc                USART2_IRQHandler
                0x080034bc                COMP4_5_6_IRQHandler
                0x080034bc                I2C2_ER_IRQHandler
                0x080034bc                DMA1_Channel2_IRQHandler
                0x080034bc                TIM8_BRK_IRQHandler
                0x080034bc                FLASH_IRQHandler
                0x080034bc                BusFault_Handler
                0x080034bc                USART1_IRQHandler
                0x080034bc                SPI3_IRQHandler
                0x080034bc                I2C1_ER_IRQHandler
                0x080034bc                USBWakeUp_IRQHandler
                0x080034bc                DMA2_Channel3_IRQHandler
                0x080034bc                EXTI2_TSC_IRQHandler
                0x080034bc                TIM1_BRK_TIM15_IRQHandler
 *fill*         0x080034be        0x2 
 .text.sin      0x080034c0       0x94 c:/program files (x86)/gnu tools arm embedded/4.9 2015q1/bin/../lib/gcc/arm-none-eabi/4.9.3/../../../../arm-none-eabi/lib/armv7e-m\libm.a(lib_a-s_sin.o)
                0x080034c0                sin
 .text.sqrt     0x08003554       0xac c:/program files (x86)/gnu tools arm embedded/4.9 2015q1/bin/../lib/gcc/arm-none-eabi/4.9.3/../../../../arm-none-eabi/lib/armv7e-m\libm.a(lib_a-w_sqrt.o)
                0x08003554                sqrt
 .text.__ieee754_rem_pio2
                0x08003600      0x448 c:/program files (x86)/gnu tools arm embedded/4.9 2015q1/bin/../lib/gcc/arm-none-eabi/4.9.3/../../../../arm-none-eabi/lib/armv7e-m\libm.a(lib_a-e_rem_pio2.o)
                0x08003600                __ieee754_rem_pio2
 .text.__ieee754_sqrt
                0x08003a48      0x188 c:/program files (x86)/gnu tools arm embedded/4.9 2015q1/bin/../lib/gcc/arm-none-eabi/4.9.3/../../../../arm-none-eabi/lib/armv7e-m\libm.a(lib_a-e_sqrt.o)
                0x08003a48                __ieee754_sqrt
 .text.__kernel_cos
                0x08003bd0      0x248 c:/program files (x86)/gnu tools arm embedded/4.9 2015q1/bin/../lib/gcc/arm-none-eabi/4.9.3/../../../../arm-none-eabi/lib/armv7e-m\libm.a(lib_a-k_cos.o)
                0x08003bd0                __kernel_cos
 .text.__kernel_rem_pio2
                0x08003e18      0x808 c:/program files (x86)/gnu tools arm embedded/4.9 2015q1/bin/../lib/gcc/arm-none-eabi/4.9.3/../../../../arm-none-eabi/lib/armv7e-m\libm.a(lib_a-k_rem_pio2.o)
                0x08003e18                __kernel_rem_pio2
 .text.__kernel_sin
                0x08004620      0x170 c:/program files (x86)/gnu tools arm embedded/4.9 2015q1/bin/../lib/gcc/arm-none-eabi/4.9.3/../../../../arm-none-eabi/lib/armv7e-m\libm.a(lib_a-k_sin.o)
                0x08004620                __kernel_sin
 .text.fabs     0x08004790        0x8 c:/program files (x86)/gnu tools arm embedded/4.9 2015q1/bin/../lib/gcc/arm-none-eabi/4.9.3/../../../../arm-none-eabi/lib/armv7e-m\libm.a(lib_a-s_fabs.o)
                0x08004790                fabs
 .text.floor    0x08004798      0x118 c:/program files (x86)/gnu tools arm embedded/4.9 2015q1/bin/../lib/gcc/arm-none-eabi/4.9.3/../../../../arm-none-eabi/lib/armv7e-m\libm.a(lib_a-s_floor.o)
                0x08004798                floor
 .text.__fpclassifyd
                0x080048b0       0x58 c:/program files (x86)/gnu tools arm embedded/4.9 2015q1/bin/../lib/gcc/arm-none-eabi/4.9.3/../../../../arm-none-eabi/lib/armv7e-m\libm.a(lib_a-s_fpclassify.o)
                0x080048b0                __fpclassifyd
 .text.matherr  0x08004908        0x4 c:/program files (x86)/gnu tools arm embedded/4.9 2015q1/bin/../lib/gcc/arm-none-eabi/4.9.3/../../../../arm-none-eabi/lib/armv7e-m\libm.a(lib_a-s_matherr.o)
                0x08004908                matherr
 *fill*         0x0800490c        0x4 
 .text.scalbn   0x08004910      0x108 c:/program files (x86)/gnu tools arm embedded/4.9 2015q1/bin/../lib/gcc/arm-none-eabi/4.9.3/../../../../arm-none-eabi/lib/armv7e-m\libm.a(lib_a-s_scalbn.o)
                0x08004910                scalbn
 .text.copysign
                0x08004a18       0x10 c:/program files (x86)/gnu tools arm embedded/4.9 2015q1/bin/../lib/gcc/arm-none-eabi/4.9.3/../../../../arm-none-eabi/lib/armv7e-m\libm.a(lib_a-s_copysign.o)
                0x08004a18                copysign
 .text.__errno  0x08004a28        0xc c:/program files (x86)/gnu tools arm embedded/4.9 2015q1/bin/../lib/gcc/arm-none-eabi/4.9.3/../../../../arm-none-eabi/lib/armv7e-m\libg_nano.a(lib_a-errno.o)
                0x08004a28                __errno
 .text.__libc_init_array
                0x08004a34       0x4c c:/program files (x86)/gnu tools arm embedded/4.9 2015q1/bin/../lib/gcc/arm-none-eabi/4.9.3/../../../../arm-none-eabi/lib/armv7e-m\libg_nano.a(lib_a-init.o)
                0x08004a34                __libc_init_array
 *(.glue_7)
 .glue_7        0x00000000        0x0 linker stubs
 *(.glue_7t)
 .glue_7t       0x00000000        0x0 linker stubs
 *(.eh_frame)
 .eh_frame      0x08004a80        0x0 c:/program files (x86)/gnu tools arm embedded/4.9 2015q1/bin/../lib/gcc/arm-none-eabi/4.9.3/armv7e-m/crtbegin.o
 *(.init)
 .init          0x08004a80        0x4 c:/program files (x86)/gnu tools arm embedded/4.9 2015q1/bin/../lib/gcc/arm-none-eabi/4.9.3/armv7e-m/crti.o
                0x08004a80                _init
 .init          0x08004a84        0x8 c:/program files (x86)/gnu tools arm embedded/4.9 2015q1/bin/../lib/gcc/arm-none-eabi/4.9.3/armv7e-m/crtn.o
 *(.fini)
 .fini          0x08004a8c        0x4 c:/program files (x86)/gnu tools arm embedded/4.9 2015q1/bin/../lib/gcc/arm-none-eabi/4.9.3/armv7e-m/crti.o
                0x08004a8c                _fini
 .fini          0x08004a90        0x8 c:/program files (x86)/gnu tools arm embedded/4.9 2015q1/bin/../lib/gcc/arm-none-eabi/4.9.3/armv7e-m/crtn.o
                0x08004a98                . = ALIGN (0x4)
                0x08004a98                _etext = .

.vfp11_veneer   0x08004a98        0x0
 .vfp11_veneer  0x00000000        0x0 linker stubs

.v4_bx          0x08004a98        0x0
 .v4_bx         0x00000000        0x0 linker stubs

.iplt           0x08004a98        0x0
 .iplt          0x00000000        0x0 c:/program files (x86)/gnu tools arm embedded/4.9 2015q1/bin/../lib/gcc/arm-none-eabi/4.9.3/armv7e-m/crtbegin.o

.rodata         0x08004a98      0x214
                0x08004a98                . = ALIGN (0x4)
 *(.rodata)
 *(.rodata*)
 .rodata.aPredivFactorTable
                0x08004a98       0x10 C:\Users\SCHUST~1\AppData\Local\Temp\ccqh8S3A.ltrans1.ltrans.o
 .rodata.aAPBAHBPrescTable
                0x08004aa8       0x10 C:\Users\SCHUST~1\AppData\Local\Temp\ccqh8S3A.ltrans1.ltrans.o
 .rodata.aPLLMULFactorTable
                0x08004ab8       0x10 C:\Users\SCHUST~1\AppData\Local\Temp\ccqh8S3A.ltrans1.ltrans.o
 .rodata.str1.4
                0x08004ac8        0x8 c:/program files (x86)/gnu tools arm embedded/4.9 2015q1/bin/../lib/gcc/arm-none-eabi/4.9.3/../../../../arm-none-eabi/lib/armv7e-m\libm.a(lib_a-w_sqrt.o)
 .rodata.npio2_hw
                0x08004ad0       0x80 c:/program files (x86)/gnu tools arm embedded/4.9 2015q1/bin/../lib/gcc/arm-none-eabi/4.9.3/../../../../arm-none-eabi/lib/armv7e-m\libm.a(lib_a-e_rem_pio2.o)
 .rodata.two_over_pi
                0x08004b50      0x108 c:/program files (x86)/gnu tools arm embedded/4.9 2015q1/bin/../lib/gcc/arm-none-eabi/4.9.3/../../../../arm-none-eabi/lib/armv7e-m\libm.a(lib_a-e_rem_pio2.o)
 .rodata.init_jk
                0x08004c58       0x10 c:/program files (x86)/gnu tools arm embedded/4.9 2015q1/bin/../lib/gcc/arm-none-eabi/4.9.3/../../../../arm-none-eabi/lib/armv7e-m\libm.a(lib_a-k_rem_pio2.o)
 .rodata.PIo2   0x08004c68       0x40 c:/program files (x86)/gnu tools arm embedded/4.9 2015q1/bin/../lib/gcc/arm-none-eabi/4.9.3/../../../../arm-none-eabi/lib/armv7e-m\libm.a(lib_a-k_rem_pio2.o)
 .rodata.str1.1
                0x08004ca8        0x2 c:/program files (x86)/gnu tools arm embedded/4.9 2015q1/bin/../lib/gcc/arm-none-eabi/4.9.3/../../../../arm-none-eabi/lib/armv7e-m\libg_nano.a(lib_a-impure.o)
                0x08004cac                . = ALIGN (0x4)
 *fill*         0x08004caa        0x2 

.rel.dyn        0x08004cac        0x0
 .rel.iplt      0x00000000        0x0 c:/program files (x86)/gnu tools arm embedded/4.9 2015q1/bin/../lib/gcc/arm-none-eabi/4.9.3/armv7e-m/crtbegin.o

.ARM.extab
 *(.ARM.extab* .gnu.linkonce.armextab.*)

.ARM            0x08004cac        0x0
                0x08004cac                __exidx_start = .
 *(.ARM.exidx*)
                0x08004cac                __exidx_end = .

.preinit_array  0x08004cac        0x0
                0x08004cac                PROVIDE (__preinit_array_start, .)
 *(.preinit_array*)
                0x08004cac                PROVIDE (__preinit_array_end, .)

.init_array     0x08004cac        0x4
                0x08004cac                PROVIDE (__init_array_start, .)
 *(SORT(.init_array.*))
 *(.init_array*)
 .init_array    0x08004cac        0x4 c:/program files (x86)/gnu tools arm embedded/4.9 2015q1/bin/../lib/gcc/arm-none-eabi/4.9.3/armv7e-m/crtbegin.o
                0x08004cb0                PROVIDE (__init_array_end, .)

.fini_array     0x08004cb0        0x4
                0x08004cb0                PROVIDE (__fini_array_start, .)
 *(SORT(.fini_array.*))
 *(.fini_array*)
 .fini_array    0x08004cb0        0x4 c:/program files (x86)/gnu tools arm embedded/4.9 2015q1/bin/../lib/gcc/arm-none-eabi/4.9.3/armv7e-m/crtbegin.o
                0x08004cb4                PROVIDE (__fini_array_end, .)
                0x08004cb4                _sidata = LOADADDR (.data)

.data           0x20000000       0x70 load address 0x08004cb4
                0x20000000                . = ALIGN (0x4)
                0x20000000                _sdata = .
 *(.data)
 *(.data*)
 .data.PI       0x20000000        0x4 C:\Users\SCHUST~1\AppData\Local\Temp\ccqh8S3A.ltrans0.ltrans.o
 .data.SystemCoreClock
                0x20000004        0x4 C:\Users\SCHUST~1\AppData\Local\Temp\ccqh8S3A.ltrans1.ltrans.o
 .data.__fdlib_version
                0x20000008        0x1 c:/program files (x86)/gnu tools arm embedded/4.9 2015q1/bin/../lib/gcc/arm-none-eabi/4.9.3/../../../../arm-none-eabi/lib/armv7e-m\libm.a(lib_a-s_lib_ver.o)
                0x20000008                __fdlib_version
 *fill*         0x20000009        0x3 
 .data.impure_data
                0x2000000c       0x60 c:/program files (x86)/gnu tools arm embedded/4.9 2015q1/bin/../lib/gcc/arm-none-eabi/4.9.3/../../../../arm-none-eabi/lib/armv7e-m\libg_nano.a(lib_a-impure.o)
 .data._impure_ptr
                0x2000006c        0x4 c:/program files (x86)/gnu tools arm embedded/4.9 2015q1/bin/../lib/gcc/arm-none-eabi/4.9.3/../../../../arm-none-eabi/lib/armv7e-m\libg_nano.a(lib_a-impure.o)
                0x2000006c                _impure_ptr
                0x20000070                . = ALIGN (0x4)
                0x20000070                _edata = .
                0x08004d24                _siccmram = LOADADDR (.ccmram)

.jcr            0x20000070        0x0 load address 0x08004d24
 .jcr           0x20000070        0x0 c:/program files (x86)/gnu tools arm embedded/4.9 2015q1/bin/../lib/gcc/arm-none-eabi/4.9.3/armv7e-m/crtbegin.o

.igot.plt       0x20000070        0x0 load address 0x08004d24
 .igot.plt      0x00000000        0x0 c:/program files (x86)/gnu tools arm embedded/4.9 2015q1/bin/../lib/gcc/arm-none-eabi/4.9.3/armv7e-m/crtbegin.o

.ccmram         0x10000000        0x0 load address 0x08004d24
                0x10000000                . = ALIGN (0x4)
                0x10000000                _sccmram = .
 *(.ccmram)
 *(.ccmram*)
                0x10000000                . = ALIGN (0x4)
                0x10000000                _eccmram = .
                0x10000000                . = ALIGN (0x4)

.bss            0x20000070      0x230
                0x20000070                _sbss = .
                0x20000070                __bss_start__ = _sbss
 *(.bss)
 .bss           0x20000070       0x1c c:/program files (x86)/gnu tools arm embedded/4.9 2015q1/bin/../lib/gcc/arm-none-eabi/4.9.3/armv7e-m/crtbegin.o
 *(.bss*)
 .bss.hadc1     0x2000008c       0x54 C:\Users\SCHUST~1\AppData\Local\Temp\ccqh8S3A.ltrans0.ltrans.o
 .bss.hadc2     0x200000e0       0x54 C:\Users\SCHUST~1\AppData\Local\Temp\ccqh8S3A.ltrans0.ltrans.o
 .bss.hadc3     0x20000134       0x54 C:\Users\SCHUST~1\AppData\Local\Temp\ccqh8S3A.ltrans0.ltrans.o
 .bss.hadc4     0x20000188       0x54 C:\Users\SCHUST~1\AppData\Local\Temp\ccqh8S3A.ltrans0.ltrans.o
 .bss.htim16    0x200001dc       0x3c C:\Users\SCHUST~1\AppData\Local\Temp\ccqh8S3A.ltrans0.ltrans.o
 .bss.htim3     0x20000218       0x3c C:\Users\SCHUST~1\AppData\Local\Temp\ccqh8S3A.ltrans0.ltrans.o
 .bss.ro        0x20000254        0x4 C:\Users\SCHUST~1\AppData\Local\Temp\ccqh8S3A.ltrans0.ltrans.o
 .bss.htim1     0x20000258       0x3c C:\Users\SCHUST~1\AppData\Local\Temp\ccqh8S3A.ltrans0.ltrans.o
 .bss.uwTick    0x20000294        0x4 C:\Users\SCHUST~1\AppData\Local\Temp\ccqh8S3A.ltrans0.ltrans.o
 .bss.ciklus    0x20000298        0x4 C:\Users\SCHUST~1\AppData\Local\Temp\ccqh8S3A.ltrans0.ltrans.o
 .bss.Uki_ref_amplitudo
                0x2000029c        0x4 C:\Users\SCHUST~1\AppData\Local\Temp\ccqh8S3A.ltrans0.ltrans.o
 *(COMMON)
                0x200002a0                . = ALIGN (0x4)
                0x200002a0                _ebss = .
                0x200002a0                __bss_end__ = _ebss

._user_heap_stack
                0x200002a0      0x600
                0x200002a0                . = ALIGN (0x8)
                0x200002a0                PROVIDE (end, .)
                0x200002a0                PROVIDE (_end, .)
                0x200006a0                . = (. + _Min_Heap_Size)
 *fill*         0x200002a0      0x400 
                0x200008a0                . = (. + _Min_Stack_Size)
 *fill*         0x200006a0      0x200 
                0x200008a0                . = ALIGN (0x8)

/DISCARD/
 libc.a(*)
 libm.a(*)
 libgcc.a(*)

.ARM.attributes
                0x00000000       0x2a
 *(.ARM.attributes)
 .ARM.attributes
                0x00000000       0x1e c:/program files (x86)/gnu tools arm embedded/4.9 2015q1/bin/../lib/gcc/arm-none-eabi/4.9.3/armv7e-m/crti.o
 .ARM.attributes
                0x0000001e       0x2e c:/program files (x86)/gnu tools arm embedded/4.9 2015q1/bin/../lib/gcc/arm-none-eabi/4.9.3/armv7e-m/crtbegin.o
 .ARM.attributes
                0x0000004c       0x31 C:\Users\SCHUST~1\AppData\Local\Temp\ccqh8S3A.ltrans0.ltrans.o
 .ARM.attributes
                0x0000007d       0x31 C:\Users\SCHUST~1\AppData\Local\Temp\ccqh8S3A.ltrans1.ltrans.o
 .ARM.attributes
                0x000000ae       0x31 C:\Users\SCHUST~1\AppData\Local\Temp\ccqh8S3A.ltrans2.ltrans.o
 .ARM.attributes
                0x000000df       0x1e c:/program files (x86)/gnu tools arm embedded/4.9 2015q1/bin/../lib/gcc/arm-none-eabi/4.9.3/armv7e-m\libgcc.a(_arm_addsubsf3.o)
 .ARM.attributes
                0x000000fd       0x1e c:/program files (x86)/gnu tools arm embedded/4.9 2015q1/bin/../lib/gcc/arm-none-eabi/4.9.3/armv7e-m\libgcc.a(_arm_muldivsf3.o)
 .ARM.attributes
                0x0000011b       0x1e c:/program files (x86)/gnu tools arm embedded/4.9 2015q1/bin/../lib/gcc/arm-none-eabi/4.9.3/armv7e-m\libgcc.a(_arm_cmpsf2.o)
 .ARM.attributes
                0x00000139       0x1e c:/program files (x86)/gnu tools arm embedded/4.9 2015q1/bin/../lib/gcc/arm-none-eabi/4.9.3/armv7e-m\libgcc.a(_arm_fixunssfsi.o)
 .ARM.attributes
                0x00000157       0x21 ./Drivers/CMSIS/Device/ST/STM32F3xx/Source/Templates/gcc/startup_stm32f303xc.o
 .ARM.attributes
                0x00000178       0x2e c:/program files (x86)/gnu tools arm embedded/4.9 2015q1/bin/../lib/gcc/arm-none-eabi/4.9.3/../../../../arm-none-eabi/lib/armv7e-m\libm.a(lib_a-s_sin.o)
 .ARM.attributes
                0x000001a6       0x2e c:/program files (x86)/gnu tools arm embedded/4.9 2015q1/bin/../lib/gcc/arm-none-eabi/4.9.3/../../../../arm-none-eabi/lib/armv7e-m\libm.a(lib_a-w_sqrt.o)
 .ARM.attributes
                0x000001d4       0x2e c:/program files (x86)/gnu tools arm embedded/4.9 2015q1/bin/../lib/gcc/arm-none-eabi/4.9.3/../../../../arm-none-eabi/lib/armv7e-m\libm.a(lib_a-e_rem_pio2.o)
 .ARM.attributes
                0x00000202       0x2e c:/program files (x86)/gnu tools arm embedded/4.9 2015q1/bin/../lib/gcc/arm-none-eabi/4.9.3/../../../../arm-none-eabi/lib/armv7e-m\libm.a(lib_a-e_sqrt.o)
 .ARM.attributes
                0x00000230       0x2e c:/program files (x86)/gnu tools arm embedded/4.9 2015q1/bin/../lib/gcc/arm-none-eabi/4.9.3/../../../../arm-none-eabi/lib/armv7e-m\libm.a(lib_a-k_cos.o)
 .ARM.attributes
                0x0000025e       0x2e c:/program files (x86)/gnu tools arm embedded/4.9 2015q1/bin/../lib/gcc/arm-none-eabi/4.9.3/../../../../arm-none-eabi/lib/armv7e-m\libm.a(lib_a-k_rem_pio2.o)
 .ARM.attributes
                0x0000028c       0x2e c:/program files (x86)/gnu tools arm embedded/4.9 2015q1/bin/../lib/gcc/arm-none-eabi/4.9.3/../../../../arm-none-eabi/lib/armv7e-m\libm.a(lib_a-k_sin.o)
 .ARM.attributes
                0x000002ba       0x2e c:/program files (x86)/gnu tools arm embedded/4.9 2015q1/bin/../lib/gcc/arm-none-eabi/4.9.3/../../../../arm-none-eabi/lib/armv7e-m\libm.a(lib_a-s_fabs.o)
 .ARM.attributes
                0x000002e8       0x2e c:/program files (x86)/gnu tools arm embedded/4.9 2015q1/bin/../lib/gcc/arm-none-eabi/4.9.3/../../../../arm-none-eabi/lib/armv7e-m\libm.a(lib_a-s_floor.o)
 .ARM.attributes
                0x00000316       0x2e c:/program files (x86)/gnu tools arm embedded/4.9 2015q1/bin/../lib/gcc/arm-none-eabi/4.9.3/../../../../arm-none-eabi/lib/armv7e-m\libm.a(lib_a-s_fpclassify.o)
 .ARM.attributes
                0x00000344       0x2e c:/program files (x86)/gnu tools arm embedded/4.9 2015q1/bin/../lib/gcc/arm-none-eabi/4.9.3/../../../../arm-none-eabi/lib/armv7e-m\libm.a(lib_a-s_lib_ver.o)
 .ARM.attributes
                0x00000372       0x2e c:/program files (x86)/gnu tools arm embedded/4.9 2015q1/bin/../lib/gcc/arm-none-eabi/4.9.3/../../../../arm-none-eabi/lib/armv7e-m\libm.a(lib_a-s_matherr.o)
 .ARM.attributes
                0x000003a0       0x2e c:/program files (x86)/gnu tools arm embedded/4.9 2015q1/bin/../lib/gcc/arm-none-eabi/4.9.3/../../../../arm-none-eabi/lib/armv7e-m\libm.a(lib_a-s_scalbn.o)
 .ARM.attributes
                0x000003ce       0x2e c:/program files (x86)/gnu tools arm embedded/4.9 2015q1/bin/../lib/gcc/arm-none-eabi/4.9.3/../../../../arm-none-eabi/lib/armv7e-m\libm.a(lib_a-s_copysign.o)
 .ARM.attributes
                0x000003fc       0x1e c:/program files (x86)/gnu tools arm embedded/4.9 2015q1/bin/../lib/gcc/arm-none-eabi/4.9.3/armv7e-m\libgcc.a(_arm_addsubdf3.o)
 .ARM.attributes
                0x0000041a       0x1e c:/program files (x86)/gnu tools arm embedded/4.9 2015q1/bin/../lib/gcc/arm-none-eabi/4.9.3/armv7e-m\libgcc.a(_arm_muldivdf3.o)
 .ARM.attributes
                0x00000438       0x1e c:/program files (x86)/gnu tools arm embedded/4.9 2015q1/bin/../lib/gcc/arm-none-eabi/4.9.3/armv7e-m\libgcc.a(_arm_cmpdf2.o)
 .ARM.attributes
                0x00000456       0x1e c:/program files (x86)/gnu tools arm embedded/4.9 2015q1/bin/../lib/gcc/arm-none-eabi/4.9.3/armv7e-m\libgcc.a(_arm_fixdfsi.o)
 .ARM.attributes
                0x00000474       0x2e c:/program files (x86)/gnu tools arm embedded/4.9 2015q1/bin/../lib/gcc/arm-none-eabi/4.9.3/../../../../arm-none-eabi/lib/armv7e-m\libg_nano.a(lib_a-errno.o)
 .ARM.attributes
                0x000004a2       0x2e c:/program files (x86)/gnu tools arm embedded/4.9 2015q1/bin/../lib/gcc/arm-none-eabi/4.9.3/../../../../arm-none-eabi/lib/armv7e-m\libg_nano.a(lib_a-impure.o)
 .ARM.attributes
                0x000004d0       0x2e c:/program files (x86)/gnu tools arm embedded/4.9 2015q1/bin/../lib/gcc/arm-none-eabi/4.9.3/../../../../arm-none-eabi/lib/armv7e-m\libg_nano.a(lib_a-init.o)
 .ARM.attributes
                0x000004fe       0x1e c:/program files (x86)/gnu tools arm embedded/4.9 2015q1/bin/../lib/gcc/arm-none-eabi/4.9.3/armv7e-m/crtn.o
OUTPUT(Diplomaterv.elf elf32-littlearm)

.debug_info     0x00000000     0x46b7
 .debug_info    0x00000000     0x2bbc C:\Users\SCHUST~1\AppData\Local\Temp\ccqh8S3A.ltrans0.ltrans.o
 .debug_info    0x00002bbc      0xe67 C:\Users\SCHUST~1\AppData\Local\Temp\ccqh8S3A.ltrans1.ltrans.o
 .debug_info    0x00003a23      0xbff C:\Users\SCHUST~1\AppData\Local\Temp\ccqh8S3A.ltrans2.ltrans.o
 .debug_info    0x00004622       0x95 ./Drivers/CMSIS/Device/ST/STM32F3xx/Source/Templates/gcc/startup_stm32f303xc.o

.debug_abbrev   0x00000000      0x82b
 .debug_abbrev  0x00000000      0x3bc C:\Users\SCHUST~1\AppData\Local\Temp\ccqh8S3A.ltrans0.ltrans.o
 .debug_abbrev  0x000003bc      0x2b0 C:\Users\SCHUST~1\AppData\Local\Temp\ccqh8S3A.ltrans1.ltrans.o
 .debug_abbrev  0x0000066c      0x1ad C:\Users\SCHUST~1\AppData\Local\Temp\ccqh8S3A.ltrans2.ltrans.o
 .debug_abbrev  0x00000819       0x12 ./Drivers/CMSIS/Device/ST/STM32F3xx/Source/Templates/gcc/startup_stm32f303xc.o

.debug_loc      0x00000000     0x23e8
 .debug_loc     0x00000000     0x1297 C:\Users\SCHUST~1\AppData\Local\Temp\ccqh8S3A.ltrans0.ltrans.o
 .debug_loc     0x00001297      0x810 C:\Users\SCHUST~1\AppData\Local\Temp\ccqh8S3A.ltrans1.ltrans.o
 .debug_loc     0x00001aa7      0x941 C:\Users\SCHUST~1\AppData\Local\Temp\ccqh8S3A.ltrans2.ltrans.o

.debug_aranges  0x00000000      0x298
 .debug_aranges
                0x00000000      0x158 C:\Users\SCHUST~1\AppData\Local\Temp\ccqh8S3A.ltrans0.ltrans.o
 .debug_aranges
                0x00000158       0x60 C:\Users\SCHUST~1\AppData\Local\Temp\ccqh8S3A.ltrans1.ltrans.o
 .debug_aranges
                0x000001b8       0xb8 C:\Users\SCHUST~1\AppData\Local\Temp\ccqh8S3A.ltrans2.ltrans.o
 .debug_aranges
                0x00000270       0x28 ./Drivers/CMSIS/Device/ST/STM32F3xx/Source/Templates/gcc/startup_stm32f303xc.o

.debug_ranges   0x00000000      0x278
 .debug_ranges  0x00000000      0x160 C:\Users\SCHUST~1\AppData\Local\Temp\ccqh8S3A.ltrans0.ltrans.o
 .debug_ranges  0x00000160       0x50 C:\Users\SCHUST~1\AppData\Local\Temp\ccqh8S3A.ltrans1.ltrans.o
 .debug_ranges  0x000001b0       0xa8 C:\Users\SCHUST~1\AppData\Local\Temp\ccqh8S3A.ltrans2.ltrans.o
 .debug_ranges  0x00000258       0x20 ./Drivers/CMSIS/Device/ST/STM32F3xx/Source/Templates/gcc/startup_stm32f303xc.o

.debug_line     0x00000000     0x14fe
 .debug_line    0x00000000      0xaab C:\Users\SCHUST~1\AppData\Local\Temp\ccqh8S3A.ltrans0.ltrans.o
 .debug_line    0x00000aab      0x53e C:\Users\SCHUST~1\AppData\Local\Temp\ccqh8S3A.ltrans1.ltrans.o
 .debug_line    0x00000fe9      0x467 C:\Users\SCHUST~1\AppData\Local\Temp\ccqh8S3A.ltrans2.ltrans.o
 .debug_line    0x00001450       0xae ./Drivers/CMSIS/Device/ST/STM32F3xx/Source/Templates/gcc/startup_stm32f303xc.o

.debug_str      0x00000000     0x17bf
 .debug_str     0x00000000     0x14ba C:\Users\SCHUST~1\AppData\Local\Temp\ccqh8S3A.ltrans0.ltrans.o
                               0x1581 (size before relaxing)
 .debug_str     0x000014ba       0xd8 C:\Users\SCHUST~1\AppData\Local\Temp\ccqh8S3A.ltrans1.ltrans.o
                                0x8a8 (size before relaxing)
 .debug_str     0x00001592      0x22d C:\Users\SCHUST~1\AppData\Local\Temp\ccqh8S3A.ltrans2.ltrans.o
                                0x87e (size before relaxing)

.comment        0x00000000       0x70
 .comment       0x00000000       0x70 C:\Users\SCHUST~1\AppData\Local\Temp\ccqh8S3A.ltrans0.ltrans.o
                                 0x71 (size before relaxing)
 .comment       0x00000000       0x71 C:\Users\SCHUST~1\AppData\Local\Temp\ccqh8S3A.ltrans1.ltrans.o
 .comment       0x00000000       0x71 C:\Users\SCHUST~1\AppData\Local\Temp\ccqh8S3A.ltrans2.ltrans.o

.debug_frame    0x00000000      0x9a4
 .debug_frame   0x00000000      0x3b0 C:\Users\SCHUST~1\AppData\Local\Temp\ccqh8S3A.ltrans0.ltrans.o
 .debug_frame   0x000003b0       0xec C:\Users\SCHUST~1\AppData\Local\Temp\ccqh8S3A.ltrans1.ltrans.o
 .debug_frame   0x0000049c      0x1e4 C:\Users\SCHUST~1\AppData\Local\Temp\ccqh8S3A.ltrans2.ltrans.o
 .debug_frame   0x00000680       0x38 c:/program files (x86)/gnu tools arm embedded/4.9 2015q1/bin/../lib/gcc/arm-none-eabi/4.9.3/../../../../arm-none-eabi/lib/armv7e-m\libm.a(lib_a-s_sin.o)
 .debug_frame   0x000006b8       0x44 c:/program files (x86)/gnu tools arm embedded/4.9 2015q1/bin/../lib/gcc/arm-none-eabi/4.9.3/../../../../arm-none-eabi/lib/armv7e-m\libm.a(lib_a-w_sqrt.o)
 .debug_frame   0x000006fc       0x48 c:/program files (x86)/gnu tools arm embedded/4.9 2015q1/bin/../lib/gcc/arm-none-eabi/4.9.3/../../../../arm-none-eabi/lib/armv7e-m\libm.a(lib_a-e_rem_pio2.o)
 .debug_frame   0x00000744       0x34 c:/program files (x86)/gnu tools arm embedded/4.9 2015q1/bin/../lib/gcc/arm-none-eabi/4.9.3/../../../../arm-none-eabi/lib/armv7e-m\libm.a(lib_a-e_sqrt.o)
 .debug_frame   0x00000778       0x4c c:/program files (x86)/gnu tools arm embedded/4.9 2015q1/bin/../lib/gcc/arm-none-eabi/4.9.3/../../../../arm-none-eabi/lib/armv7e-m\libm.a(lib_a-k_cos.o)
 .debug_frame   0x000007c4       0x54 c:/program files (x86)/gnu tools arm embedded/4.9 2015q1/bin/../lib/gcc/arm-none-eabi/4.9.3/../../../../arm-none-eabi/lib/armv7e-m\libm.a(lib_a-k_rem_pio2.o)
 .debug_frame   0x00000818       0x48 c:/program files (x86)/gnu tools arm embedded/4.9 2015q1/bin/../lib/gcc/arm-none-eabi/4.9.3/../../../../arm-none-eabi/lib/armv7e-m\libm.a(lib_a-k_sin.o)
 .debug_frame   0x00000860       0x20 c:/program files (x86)/gnu tools arm embedded/4.9 2015q1/bin/../lib/gcc/arm-none-eabi/4.9.3/../../../../arm-none-eabi/lib/armv7e-m\libm.a(lib_a-s_fabs.o)
 .debug_frame   0x00000880       0x34 c:/program files (x86)/gnu tools arm embedded/4.9 2015q1/bin/../lib/gcc/arm-none-eabi/4.9.3/../../../../arm-none-eabi/lib/armv7e-m\libm.a(lib_a-s_floor.o)
 .debug_frame   0x000008b4       0x34 c:/program files (x86)/gnu tools arm embedded/4.9 2015q1/bin/../lib/gcc/arm-none-eabi/4.9.3/../../../../arm-none-eabi/lib/armv7e-m\libm.a(lib_a-s_fpclassify.o)
 .debug_frame   0x000008e8       0x20 c:/program files (x86)/gnu tools arm embedded/4.9 2015q1/bin/../lib/gcc/arm-none-eabi/4.9.3/../../../../arm-none-eabi/lib/armv7e-m\libm.a(lib_a-s_matherr.o)
 .debug_frame   0x00000908       0x30 c:/program files (x86)/gnu tools arm embedded/4.9 2015q1/bin/../lib/gcc/arm-none-eabi/4.9.3/../../../../arm-none-eabi/lib/armv7e-m\libm.a(lib_a-s_scalbn.o)
 .debug_frame   0x00000938       0x20 c:/program files (x86)/gnu tools arm embedded/4.9 2015q1/bin/../lib/gcc/arm-none-eabi/4.9.3/../../../../arm-none-eabi/lib/armv7e-m\libm.a(lib_a-s_copysign.o)
 .debug_frame   0x00000958       0x20 c:/program files (x86)/gnu tools arm embedded/4.9 2015q1/bin/../lib/gcc/arm-none-eabi/4.9.3/../../../../arm-none-eabi/lib/armv7e-m\libg_nano.a(lib_a-errno.o)
 .debug_frame   0x00000978       0x2c c:/program files (x86)/gnu tools arm embedded/4.9 2015q1/bin/../lib/gcc/arm-none-eabi/4.9.3/../../../../arm-none-eabi/lib/armv7e-m\libg_nano.a(lib_a-init.o)
